Component: ARM Compiler 6.16 Tool: armlink [5dfeaa00]

==============================================================================

Image Symbol Table

    Local Symbols

    Symbol Name                              Value     Ov Type        Size  Object(Section)

    ../clib/angel/boardlib.s                 0x00000000   Number         0  boardinit1.o ABSOLUTE
    ../clib/angel/boardlib.s                 0x00000000   Number         0  boardinit2.o ABSOLUTE
    ../clib/angel/boardlib.s                 0x00000000   Number         0  boardinit3.o ABSOLUTE
    ../clib/angel/boardlib.s                 0x00000000   Number         0  boardshut.o ABSOLUTE
    ../clib/angel/dczerorl.s                 0x00000000   Number         0  __dczerorl.o ABSOLUTE
    ../clib/angel/handlers.s                 0x00000000   Number         0  __scatter_zi.o ABSOLUTE
    ../clib/angel/kernel.s                   0x00000000   Number         0  __rtentry.o ABSOLUTE
    ../clib/angel/kernel.s                   0x00000000   Number         0  __rtentry2.o ABSOLUTE
    ../clib/angel/kernel.s                   0x00000000   Number         0  __rtentry4.o ABSOLUTE
    ../clib/angel/kernel.s                   0x00000000   Number         0  rtexit.o ABSOLUTE
    ../clib/angel/kernel.s                   0x00000000   Number         0  rtexit2.o ABSOLUTE
    ../clib/angel/rt.s                       0x00000000   Number         0  rt_errno_addr.o ABSOLUTE
    ../clib/angel/rt.s                       0x00000000   Number         0  rt_errno_addr_intlibspace.o ABSOLUTE
    ../clib/angel/rt.s                       0x00000000   Number         0  rt_ctype_table.o ABSOLUTE
    ../clib/angel/rt.s                       0x00000000   Number         0  rt_locale.o ABSOLUTE
    ../clib/angel/rt.s                       0x00000000   Number         0  rt_locale_intlibspace.o ABSOLUTE
    ../clib/angel/rt.s                       0x00000000   Number         0  rt_raise.o ABSOLUTE
    ../clib/angel/scatter.s                  0x00000000   Number         0  __scatter.o ABSOLUTE
    ../clib/angel/startup.s                  0x00000000   Number         0  __main.o ABSOLUTE
    ../clib/angel/sys.s                      0x00000000   Number         0  libspace.o ABSOLUTE
    ../clib/angel/sys.s                      0x00000000   Number         0  sys_stackheap_outer.o ABSOLUTE
    ../clib/angel/sys.s                      0x00000000   Number         0  use_no_semi.o ABSOLUTE
    ../clib/angel/sys.s                      0x00000000   Number         0  indicate_semi.o ABSOLUTE
    ../clib/angel/sysapp.c                   0x00000000   Number         0  sys_exit.o ABSOLUTE
    ../clib/angel/sysapp.c                   0x00000000   Number         0  sys_exit_hlt.o ABSOLUTE
    ../clib/angel/sysapp.c                   0x00000000   Number         0  sys_command.o ABSOLUTE
    ../clib/angel/sysapp.c                   0x00000000   Number         0  sys_command_hlt.o ABSOLUTE
    ../clib/angel/sysapp.c                   0x00000000   Number         0  sys_wrch.o ABSOLUTE
    ../clib/angel/sysapp.c                   0x00000000   Number         0  sys_wrch_hlt.o ABSOLUTE
    ../clib/armsys.c                         0x00000000   Number         0  argv_veneer.o ABSOLUTE
    ../clib/armsys.c                         0x00000000   Number         0  argv_veneer.o ABSOLUTE
    ../clib/armsys.c                         0x00000000   Number         0  _get_argv_nomalloc.o ABSOLUTE
    ../clib/armsys.c                         0x00000000   Number         0  no_argv.o ABSOLUTE
    ../clib/bigflt.c                         0x00000000   Number         0  bigflt0.o ABSOLUTE
    ../clib/btod.s                           0x00000000   Number         0  btod.o ABSOLUTE
    ../clib/btod_accurate.c                  0x00000000   Number         0  btod_accurate.o ABSOLUTE
    ../clib/btod_accurate.c                  0x00000000   Number         0  btod_accurate_common.o ABSOLUTE
    ../clib/fenv.c                           0x00000000   Number         0  _rserrno.o ABSOLUTE
    ../clib/heapalloc.c                      0x00000000   Number         0  hrguard.o ABSOLUTE
    ../clib/heapaux.c                        0x00000000   Number         0  heapauxi.o ABSOLUTE
    ../clib/libinit.s                        0x00000000   Number         0  libinit.o ABSOLUTE
    ../clib/libinit.s                        0x00000000   Number         0  libinit2.o ABSOLUTE
    ../clib/libinit.s                        0x00000000   Number         0  libshutdown.o ABSOLUTE
    ../clib/libinit.s                        0x00000000   Number         0  libshutdown2.o ABSOLUTE
    ../clib/locale.c                         0x00000000   Number         0  _c16rtomb.o ABSOLUTE
    ../clib/locale.s                         0x00000000   Number         0  lc_numeric_c.o ABSOLUTE
    ../clib/locale.s                         0x00000000   Number         0  lc_ctype_c.o ABSOLUTE
[...]
    pageHead                                 0x2000d0cc   Data           4  easy_ui.o(.bss.pageHead)
    pageIndex                                0x2000d0d0   Data          10  easy_ui.o(.bss.pageIndex)
    pageTail                                 0x2000d0dc   Data           4  easy_ui.o(.bss.pageTail)
    reversedColor                            0x2000d0e0   Data           1  ipscommon.o(.bss.reversedColor)
    titileXSerie                             0x200134e8   Data          72  menu.o(.bss.titileXSerie)
    titileZSerie                             0x20013530   Data          72  menu.o(.bss.titileZSerie)
    transType                                0x20013578   Data           1  easy_ui.o(.bss.transType)
    u32AnimationTick                         0x2001357c   Data           4  easy_ui.o(.bss.u32AnimationTick)
    u32AppFlashAddr                          0x20013580   Data           4  iap.o(.bss.u32AppFlashAddr)
    u32EasyUITick                            0x20013584   Data           4  easy_ui.o(.bss.u32EasyUITick)
    u32FrameRecvOvertime                     0x20013588   Data           4  modem.o(.bss.u32FrameRecvOvertime)
    u32IAPFileLength                         0x2001358c   Data           4  iap.o(.bss.u32IAPFileLength)
    u32MsgDSPTick                            0x20013590   Data           4  easy_ui.o(.bss.u32MsgDSPTick)
    u32SysTick1ms                            0x20013594   Data           4  timerx.o(.bss.u32SysTick1ms)
    u32Time1s                                0x20013598   Data           4  timerx.o(.bss.u32Time1s)
    u32ZSeriesTransTick                      0x2001359c   Data           4  iap.o(.bss.u32ZSeriesTransTick)
    u8AnimationState                         0x200135a0   Data           1  easy_ui.o(.bss.u8AnimationState)
    u8AnimationStep                          0x200135a1   Data           1  easy_ui.o(.bss.u8AnimationStep)
    u8BaseTimerEn                            0x200135a2   Data           1  timerx.o(.bss.u8BaseTimerEn)
    u8CdcRxBuffer                            0x200135a3   Data        4096  usb.o(.bss.u8CdcRxBuffer)
    u8CdcTxBuffer                            0x200145a3   Data           7  modem.o(.bss.u8CdcTxBuffer)
    u8CheckSumIndex                          0x200145aa   Data           1  recv.o(.bss.u8CheckSumIndex)
    u8FileDownLoadFlag                       0x200145ab   Data           1  flashx.o(.bss.u8FileDownLoadFlag)
    u8FileDownloadStart                      0x200145ac   Data           1  modem.o(.bss.u8FileDownloadStart)
    u8FileIndex                              0x200145ad   Data           1  modem.o(.bss.u8FileIndex)
    u8FileName                               0x200145ae   Data         128  modem.o(.bss.u8FileName)
    u8FileNames                              0x2001462e   Data         256  menu.o(.bss.u8FileNames)
    u8IAPOutFlag                             0x2001472e   Data           1  iap.o(.bss.u8IAPOutFlag)
    u8IAPRxBuffer                            0x2001472f   Data         530  iap.o(.bss.u8IAPRxBuffer)
    u8IAPRxPtr                               0x20014944   Data           4  recv.o(.bss.u8IAPRxPtr)
    u8IAPTransMode                           0x20014948   Data           1  easy_ui.o(.bss.u8IAPTransMode)
    u8IAPTxBuffer                            0x20014949   Data         530  iap.o(.bss.u8IAPTxBuffer)
    u8KeyPressedHint                         0x20014b5b   Data           1  easy_ui.o(.bss.u8KeyPressedHint)
    u8KeyShortTick                           0x20014b5c   Data           1  key.o(.bss.u8KeyShortTick)
    u8RecvModemFH                            0x20014b5d   Data         530  modem.o(.bss.u8RecvModemFH)
    u8RecvNormalFD                           0x20014d6f   Data           7  recv.o(.bss.u8RecvNormalFD)
    u8RecvNormalFH                           0x20014d76   Data          12  modem.o(.bss.u8RecvNormalFH)
    u8Time100ms                              0x20014d82   Data           1  timerx.o(.bss.u8Time100ms)
    u8Time1ms                                0x20014d83   Data           1  timerx.o(.bss.u8Time1ms)
    u8TransEndFlag                           0x20014d84   Data           1  easy_ui.o(.bss.u8TransEndFlag)
    u8UpgradeFlag                            0x20014d85   Data           1  modem.o(.bss.u8UpgradeFlag)
    u8timerFlag                              0x20014d86   Data           1  timerx.o(.bss.u8timerFlag)
    usb_core_dev                             0x20014d88   Data         556  usb.o(.bss.usb_core_dev)
    usb_rx_ringbuffer                        0x20014fb4   Data          16  usb.o(.bss.usb_rx_ringbuffer)



==============================================================================

Memory Map of the image

  Image Entry point : 0x08025985

  Load Region LR_IROM1 (Base: 0x08025800, Size: 0x00010720, Max: 0x00019000, ABSOLUTE, COMPRESSED[0x000106b8])

    Execution Region ER_IROM1 (Exec base: 0x08025800, Load base: 0x08025800, Size: 0x000105a8, Max: 0x00019000, ABSOLUTE)

    Exec Addr    Load Addr    Size         Type   Attr      Idx    E Section Name        Object

    0x08025800   0x08025800   0x00000184   Data   RO           16    RESET               startup_at32f403a_407.o
    0x08025984   0x08025984   0x00000008   Code   RO         1582  * !!!main             c_w.l(__main.o)
    0x0802598c   0x0802598c   0x00000034   Code   RO         2039    !!!scatter          c_w.l(__scatter.o)
    0x080259c0   0x080259c0   0x0000003a   Code   RO         2037    !!dczerorl          c_w.l(__dczerorl.o)
    0x080259fa   0x080259fa   0x00000002   PAD
    0x080259fc   0x080259fc   0x0000001c   Code   RO         2041    !!handler_zi        c_w.l(__scatter_zi.o)
    0x08025a18   0x08025a18   0x00000000   Code   RO         1717    .ARM.Collect$$_printf_percent$$00000000  c_w.l(_printf_percent.o)
    0x08025a18   0x08025a18   0x00000006   Code   RO         1706    .ARM.Collect$$_printf_percent$$00000001  c_w.l(_printf_n.o)
    0x08025a1e   0x08025a1e   0x00000006   Code   RO         1708    .ARM.Collect$$_printf_percent$$00000002  c_w.l(_printf_p.o)
    0x08025a24   0x08025a24   0x00000006   Code   RO         1713    .ARM.Collect$$_printf_percent$$00000003  c_w.l(_printf_f.o)
    0x08025a2a   0x08025a2a   0x00000006   Code   RO         1714    .ARM.Collect$$_printf_percent$$00000004  c_w.l(_printf_e.o)
    0x08025a30   0x08025a30   0x00000006   Code   RO         1715    .ARM.Collect$$_printf_percent$$00000005  c_w.l(_printf_g.o)
    0x08025a36   0x08025a36   0x00000006   Code   RO         1716    .ARM.Collect$$_printf_percent$$00000006  c_w.l(_printf_a.o)
    0x08025a3c   0x08025a3c   0x0000000a   Code   RO         1721    .ARM.Collect$$_printf_percent$$00000007  c_w.l(_printf_ll.o)
    0x08025a46   0x08025a46   0x00000006   Code   RO         1710    .ARM.Collect$$_printf_percent$$00000008  c_w.l(_printf_i.o)
    0x08025a4c   0x08025a4c   0x00000006   Code   RO         1711    .ARM.Collect$$_printf_percent$$00000009  c_w.l(_printf_d.o)
    0x08025a52   0x08025a52   0x00000006   Code   RO         1712    .ARM.Collect$$_printf_percent$$0000000A  c_w.l(_printf_u.o)
    0x08025a58   0x08025a58   0x00000006   Code   RO         1709    .ARM.Collect$$_printf_percent$$0000000B  c_w.l(_printf_o.o)
    0x08025a5e   0x08025a5e   0x00000006   Code   RO         1707    .ARM.Collect$$_printf_percent$$0000000C  c_w.l(_printf_x.o)
    0x08025a64   0x08025a64   0x00000006   Code   RO         1718    .ARM.Collect$$_printf_percent$$0000000D  c_w.l(_printf_lli.o)
    0x08025a6a   0x08025a6a   0x00000006   Code   RO         1719    .ARM.Collect$$_printf_percent$$0000000E  c_w.l(_printf_lld.o)
    0x08025a70   0x08025a70   0x00000006   Code   RO         1720    .ARM.Collect$$_printf_percent$$0000000F  c_w.l(_printf_llu.o)
    0x08025a76   0x08025a76   0x00000006   Code   RO         1725    .ARM.Collect$$_printf_percent$$00000010  c_w.l(_printf_llo.o)
    0x08025a7c   0x08025a7c   0x00000006   Code   RO         1726    .ARM.Collect$$_printf_percent$$00000011  c_w.l(_printf_llx.o)
    0x08025a82   0x08025a82   0x0000000a   Code   RO         1722    .ARM.Collect$$_printf_percent$$00000012  c_w.l(_printf_l.o)
    0x08025a8c   0x08025a8c   0x00000006   Code   RO         1704    .ARM.Collect$$_printf_percent$$00000013  c_w.l(_printf_c.o)
    0x08025a92   0x08025a92   0x00000006   Code   RO         1705    .ARM.Collect$$_printf_percent$$00000014  c_w.l(_printf_s.o)
    0x08025a98   0x08025a98   0x00000006   Code   RO         1723    .ARM.Collect$$_printf_percent$$00000015  c_w.l(_printf_lc.o)
    0x08025a9e   0x08025a9e   0x00000006   Code   RO         1724    .ARM.Collect$$_printf_percent$$00000016  c_w.l(_printf_ls.o)
    0x08025aa4   0x08025aa4   0x00000004   Code   RO         1831    .ARM.Collect$$_printf_percent$$00000017  c_w.l(_printf_percent_end.o)
    0x08025aa8   0x08025aa8   0x00000002   Code   RO         1889    .ARM.Collect$$libinit$$00000000  c_w.l(libinit.o)
    0x08025aaa   0x08025aaa   0x00000004   Code   RO         1903    .ARM.Collect$$libinit$$00000001  c_w.l(libinit2.o)
    0x08025aae   0x08025aae   0x00000000   Code   RO         1906    .ARM.Collect$$libinit$$00000004  c_w.l(libinit2.o)
    0x08025aae   0x08025aae   0x00000000   Code   RO         1909    .ARM.Collect$$libinit$$0000000A  c_w.l(libinit2.o)
    0x08025aae   0x08025aae   0x00000000   Code   RO         1911    .ARM.Collect$$libinit$$0000000C  c_w.l(libinit2.o)
    0x08025aae   0x08025aae   0x00000000   Code   RO         1913    .ARM.Collect$$libinit$$0000000E  c_w.l(libinit2.o)
    0x08025aae   0x08025aae   0x00000006   Code   RO         1914    .ARM.Collect$$libinit$$0000000F  c_w.l(libinit2.o)
    0x08025ab4   0x08025ab4   0x00000000   Code   RO         1916    .ARM.Collect$$libinit$$00000011  c_w.l(libinit2.o)
    0x08025ab4   0x08025ab4   0x0000000c   Code   RO         1917    .ARM.Collect$$libinit$$00000012  c_w.l(libinit2.o)
    0x08025ac0   0x08025ac0   0x00000000   Code   RO         1918    .ARM.Collect$$libinit$$00000013  c_w.l(libinit2.o)
    0x08025ac0   0x08025ac0   0x00000000   Code   RO         1920    .ARM.Collect$$libinit$$00000015  c_w.l(libinit2.o)
    0x08025ac0   0x08025ac0   0x0000000a   Code   RO         1921    .ARM.Collect$$libinit$$00000016  c_w.l(libinit2.o)
    0x08025aca   0x08025aca   0x00000000   Code   RO         1922    .ARM.Collect$$libinit$$00000017  c_w.l(libinit2.o)
    0x08025aca   0x08025aca   0x00000000   Code   RO         1924    .ARM.Collect$$libinit$$00000019  c_w.l(libinit2.o)
    0x08025aca   0x08025aca   0x00000000   Code   RO         1926    .ARM.Collect$$libinit$$0000001B  c_w.l(libinit2.o)
    0x08025aca   0x08025aca   0x00000000   Code   RO         1928    .ARM.Collect$$libinit$$0000001D  c_w.l(libinit2.o)
    0x08025aca   0x08025aca   0x00000000   Code   RO         1930    .ARM.Collect$$libinit$$0000001F  c_w.l(libinit2.o)
    0x08025aca   0x08025aca   0x00000000   Code   RO         1932    .ARM.Collect$$libinit$$00000021  c_w.l(libinit2.o)
    0x08025aca   0x08025aca   0x00000000   Code   RO         1934    .ARM.Collect$$libinit$$00000023  c_w.l(libinit2.o)
    0x08025aca   0x08025aca   0x00000000   Code   RO         1936    .ARM.Collect$$libinit$$00000025  c_w.l(libinit2.o)
    0x08025aca   0x08025aca   0x00000000   Code   RO         1940    .ARM.Collect$$libinit$$0000002C  c_w.l(libinit2.o)
    0x08025aca   0x08025aca   0x00000000   Code   RO         1942    .ARM.Collect$$libinit$$0000002E  c_w.l(libinit2.o)
    0x08025aca   0x08025aca   0x00000000   Code   RO         1944    .ARM.Collect$$libinit$$00000030  c_w.l(libinit2.o)
    0x08025aca   0x08025aca   0x00000000   Code   RO         1946    .ARM.Collect$$libinit$$00000032  c_w.l(libinit2.o)
    0x08025aca   0x08025aca   0x00000002   Code   RO         1947    .ARM.Collect$$libinit$$00000033  c_w.l(libinit2.o)
    0x08025acc   0x08025acc   0x00000002   Code   RO         1973    .ARM.Collect$$libshutdown$$00000000  c_w.l(libshutdown.o)
    0x08025ace   0x08025ace   0x00000000   Code   RO         1988    .ARM.Collect$$libshutdown$$00000002  c_w.l(libshutdown2.o)
    0x08025ace   0x08025ace   0x00000000   Code   RO         1990    .ARM.Collect$$libshutdown$$00000004  c_w.l(libshutdown2.o)
    0x08025ace   0x08025ace   0x00000000   Code   RO         1993    .ARM.Collect$$libshutdown$$00000007  c_w.l(libshutdown2.o)
    0x08025ace   0x08025ace   0x00000000   Code   RO         1996    .ARM.Collect$$libshutdown$$0000000A  c_w.l(libshutdown2.o)
    0x08025ace   0x08025ace   0x00000000   Code   RO         1998    .ARM.Collect$$libshutdown$$0000000C  c_w.l(libshutdown2.o)
    0x08025ace   0x08025ace   0x00000000   Code   RO         2001    .ARM.Collect$$libshutdown$$0000000F  c_w.l(libshutdown2.o)
    0x08025ace   0x08025ace   0x00000002   Code   RO         2002    .ARM.Collect$$libshutdown$$00000010  c_w.l(libshutdown2.o)
    0x08025ad0   0x08025ad0   0x00000000   Code   RO         1633    .ARM.Collect$$rtentry$$00000000  c_w.l(__rtentry.o)
    0x08025ad0   0x08025ad0   0x00000000   Code   RO         1795    .ARM.Collect$$rtentry$$00000002  c_w.l(__rtentry2.o)
    0x08025ad0   0x08025ad0   0x00000006   Code   RO         1807    .ARM.Collect$$rtentry$$00000004  c_w.l(__rtentry4.o)
    0x08025ad6   0x08025ad6   0x00000000   Code   RO         1797    .ARM.Collect$$rtentry$$00000009  c_w.l(__rtentry2.o)
    0x08025ad6   0x08025ad6   0x00000004   Code   RO         1798    .ARM.Collect$$rtentry$$0000000A  c_w.l(__rtentry2.o)
    0x08025ada   0x08025ada   0x00000000   Code   RO         1800    .ARM.Collect$$rtentry$$0000000C  c_w.l(__rtentry2.o)
    0x08025ada   0x08025ada   0x00000008   Code   RO         1801    .ARM.Collect$$rtentry$$0000000D  c_w.l(__rtentry2.o)
    0x08025ae2   0x08025ae2   0x00000002   Code   RO         1894    .ARM.Collect$$rtexit$$00000000  c_w.l(rtexit.o)
    0x08025ae4   0x08025ae4   0x00000000   Code   RO         1951    .ARM.Collect$$rtexit$$00000002  c_w.l(rtexit2.o)
    0x08025ae4   0x08025ae4   0x00000004   Code   RO         1952    .ARM.Collect$$rtexit$$00000003  c_w.l(rtexit2.o)
    0x08025ae8   0x08025ae8   0x00000006   Code   RO         1953    .ARM.Collect$$rtexit$$00000004  c_w.l(rtexit2.o)
    0x08025aee   0x08025aee   0x00000002   PAD
    0x08025af0   0x08025af0   0x00000040   Code   RO           17    .text               startup_at32f403a_407.o
    0x08025b30   0x08025b30   0x0000002c   Code   RO         1566    .text               c_w.l(sprintf.o)
    0x08025b5c   0x08025b5c   0x0000003e   Code   RO         1568    .text               c_w.l(strlen.o)
    0x08025b9a   0x08025b9a   0x0000008a   Code   RO         1570    .text               c_w.l(rt_memcpy_v6.o)
    0x08025c24   0x08025c24   0x00000044   Code   RO         1574    .text               c_w.l(rt_memclr.o)
    0x08025c68   0x08025c68   0x0000004e   Code   RO         1576    .text               c_w.l(rt_memclr_w.o)
    0x08025cb6   0x08025cb6   0x00000056   Code   RO         1578    .text               c_w.l(strncpy.o)
    0x08025d0c   0x08025d0c   0x00000006   Code   RO         1580    .text               c_w.l(heapauxi.o)
    0x08025d12   0x08025d12   0x00000016   Code   RO         1634    .text               c_w.l(_rserrno.o)
    0x08025d28   0x08025d28   0x0000004e   Code   RO         1638    .text               c_w.l(_printf_pad.o)
    0x08025d76   0x08025d76   0x00000024   Code   RO         1640    .text               c_w.l(_printf_truncate.o)
    0x08025d9a   0x08025d9a   0x00000052   Code   RO         1642    .text               c_w.l(_printf_str.o)
    0x08025dec   0x08025dec   0x00000078   Code   RO         1644    .text               c_w.l(_printf_dec.o)
    0x08025e64   0x08025e64   0x00000028   Code   RO         1646    .text               c_w.l(_printf_charcount.o)
    0x08025e8c   0x08025e8c   0x00000030   Code   RO         1648    .text               c_w.l(_printf_char_common.o)
    0x08025ebc   0x08025ebc   0x0000000a   Code   RO         1650    .text               c_w.l(_sputc.o)
    0x08025ec6   0x08025ec6   0x00000002   PAD
    0x08025ec8   0x08025ec8   0x000000bc   Code   RO         1652    .text               c_w.l(_printf_wctomb.o)
    0x08025f84   0x08025f84   0x0000007c   Code   RO         1655    .text               c_w.l(_printf_longlong_dec.o)
    0x08026000   0x08026000   0x00000070   Code   RO         1661    .text               c_w.l(_printf_oct_int_ll.o)
    0x08026070   0x08026070   0x00000094   Code   RO         1681    .text               c_w.l(_printf_hex_int_ll_ptr.o)
    0x08026104   0x08026104   0x00000188   Code   RO         1701    .text               c_w.l(__printf_flags_ss_wp.o)
    0x0802628c   0x0802628c   0x00000064   Code   RO         1727    .text               c_w.l(rt_memcpy_w.o)
    0x080262f0   0x080262f0   0x00000008   Code   RO         1812    .text               c_w.l(rt_errno_addr_intlibspace.o)
    0x080262f8   0x080262f8   0x0000008a   Code   RO         1814    .text               c_w.l(lludiv10.o)
    0x08026382   0x08026382   0x000000b2   Code   RO         1816    .text               c_w.l(_printf_intcommon.o)
    0x08026434   0x08026434   0x0000041c   Code   RO         1818    .text               c_w.l(_printf_fp_dec.o)
    0x08026850   0x08026850   0x000002fc   Code   RO         1822    .text               c_w.l(_printf_fp_hex.o)
    0x08026b4c   0x08026b4c   0x0000002c   Code   RO         1827    .text               c_w.l(_printf_char.o)
    0x08026b78   0x08026b78   0x0000002c   Code   RO         1829    .text               c_w.l(_printf_wchar.o)
    0x08026ba4   0x08026ba4   0x00000048   Code   RO         1832    .text               c_w.l(_c16rtomb.o)
    0x08026bec   0x08026bec   0x00000008   Code   RO         1838    .text               c_w.l(libspace.o)
    0x08026bf4   0x08026bf4   0x0000004a   Code   RO         1841    .text               c_w.l(sys_stackheap_outer.o)
    0x08026c3e   0x08026c3e   0x00000002   PAD
    0x08026c40   0x08026c40   0x00000010   Code   RO         1843    .text               c_w.l(rt_ctype_table.o)
    0x08026c50   0x08026c50   0x00000008   Code   RO         1848    .text               c_w.l(rt_locale_intlibspace.o)
    0x08026c58   0x08026c58   0x00000080   Code   RO         1850    .text               c_w.l(_printf_fp_infnan.o)
    0x08026cd8   0x08026cd8   0x000000e4   Code   RO         1852    .text               c_w.l(bigflt0.o)
    0x08026dbc   0x08026dbc   0x00000012   Code   RO         1882    .text               c_w.l(exit.o)
    0x08026dce   0x08026dce   0x00000002   PAD
    0x08026dd0   0x08026dd0   0x0000007c   Code   RO         1901    .text               c_w.l(strcmpv7em.o)
    0x08026e4c   0x08026e4c   0x0000000c   Code   RO         1963    .text               c_w.l(sys_exit.o)
    0x08026e58   0x08026e58   0x00000002   Code   RO         1978    .text               c_w.l(use_no_semi.o)
    0x08026e5a   0x08026e5a   0x00000000   Code   RO         1980    .text               c_w.l(indicate_semi.o)
    0x08026e5a   0x08026e5a   0x00000002   PAD
    0x08026e5c   0x08026e5c   0x00000092   Code   RO           66    .text.ADCTimer_Init  timerx.o
    0x08026eee   0x08026eee   0x00000002   PAD
    0x08026ef0   0x08026ef0   0x0000001c   Code   RO           48    .text.ADC_GetAvgValue  adcx.o
    0x08026f0c   0x08026f0c   0x00000064   Code   RO           44    .text.ADC_Result_Process  adcx.o
    0x08026f70   0x08026f70   0x00000026   Code   RO           46    .text.ADCx_Func     adcx.o
    0x08026f96   0x08026f96   0x00000002   PAD
    0x08026f98   0x08026f98   0x000000ea   Code   RO           40    .text.ADCx_Init     adcx.o
    0x08027082   0x08027082   0x00000002   PAD
    0x08027084   0x08027084   0x00000078   Code   RO          115    .text.AppToBoot     flashx.o
    0x080270fc   0x080270fc   0x00000062   Code   RO           64    .text.BaseTimer_Init  timerx.o
    0x0802715e   0x0802715e   0x00000002   PAD
    0x08027160   0x08027160   0x0000003a   Code   RO          104    .text.Cal_ADD8      uartx.o
    0x0802719a   0x0802719a   0x00000002   PAD
    0x0802719c   0x0802719c   0x0000009a   Code   RO          102    .text.Cal_CRC16     uartx.o
    0x08027236   0x08027236   0x00000002   PAD
    0x08027238   0x08027238   0x0000002c   Code   RO         1051    .text.CdcIAP_Handle  modem.o
    0x08027264   0x08027264   0x000000a2   Code   RO           28    .text.Clock_Config  main.o
    0x08027306   0x08027306   0x00000002   PAD
    0x08027308   0x08027308   0x00000076   Code   RO         1028    .text.CommModemHandler  recv.o
    0x0802737e   0x0802737e   0x00000002   PAD
    0x08027380   0x08027380   0x000002a6   Code   RO          992    .text.CommModemPackget  iap.o
    0x08027626   0x08027626   0x00000002   PAD
    0x08027628   0x08027628   0x0000009e   Code   RO          988    .text.CommModemSendData  iap.o
    0x080276c6   0x080276c6   0x00000002   PAD
    0x080276c8   0x080276c8   0x0000002a   Code   RO           52    .text.DMA1_Channel1_IRQHandler  adcx.o
    0x080276f2   0x080276f2   0x00000002   PAD
    0x080276f4   0x080276f4   0x00000096   Code   RO           42    .text.DMA_Init      adcx.o
    0x0802778a   0x0802778a   0x00000002   PAD
    0x0802778c   0x0802778c   0x0000045c   Code   RO         1355    .text.EasyUI        easy_ui.o
    0x08027be8   0x08027be8   0x0000014e   Code   RO         1319    .text.EasyUIAddItem  easy_ui.o
    0x08027d36   0x08027d36   0x00000002   PAD
    0x08027d38   0x08027d38   0x00000090   Code   RO         1321    .text.EasyUIAddPage  easy_ui.o
    0x08027dc8   0x08027dc8   0x00000024   Code   RO         1325    .text.EasyUIBackgroundBlur  easy_ui.o
    0x08027dec   0x08027dec   0x00000104   Code   RO         1335    .text.EasyUIDisplayItem  easy_ui.o
    0x08027ef0   0x08027ef0   0x00000372   Code   RO         1337    .text.EasyUIDrawIndicator  easy_ui.o
    0x08028262   0x08028262   0x00000002   PAD
    0x08028264   0x08028264   0x00000008   Code   RO         1329    .text.EasyUIDrawProgressBar  easy_ui.o
    0x0802826c   0x0802826c   0x0000009e   Code   RO         1345    .text.EasyUIEventIAPFinished  easy_ui.o
    0x0802830a   0x0802830a   0x00000002   PAD
    0x0802830c   0x0802830c   0x0000021a   Code   RO         1333    .text.EasyUIGetItemPos  easy_ui.o
    0x08028526   0x08028526   0x00000002   PAD
    0x08028528   0x08028528   0x0000018a   Code   RO         1341    .text.EasyUIItemOperationResponse  easy_ui.o
    0x080286b2   0x080286b2   0x00000002   PAD
    0x080286b4   0x080286b4   0x0000010c   Code   RO         1353    .text.EasyUIKeyActionMonitor  easy_ui.o
    0x080287c0   0x080287c0   0x00000024   Code   RO         1323    .text.EasyUITransitionAnim  easy_ui.o
    0x080287e4   0x080287e4   0x00000014   Code   RO         1351    .text.EasyUI_ClearBuffer  easy_ui.o
    0x080287f8   0x080287f8   0x0000017e   Code   RO         1357    .text.EasyUI_DrawKeyPressTimeBox  easy_ui.o
    0x08028976   0x08028976   0x00000002   PAD
    0x08028978   0x08028978   0x000002a4   Code   RO         1359    .text.EasyUI_DrawMsgBox  easy_ui.o
    0x08028c1c   0x08028c1c   0x000000ba   Code   RO         1367    .text.EasyUI_FileIndexGet  easy_ui.o
    0x08028cd6   0x08028cd6   0x00000002   PAD
    0x08028cd8   0x08028cd8   0x00000098   Code   RO         1365    .text.EasyUI_FileReInit  easy_ui.o
    0x08028d70   0x08028d70   0x00000036   Code   RO         1361    .text.EasyUI_Func   easy_ui.o
    0x08028da6   0x08028da6   0x00000002   PAD
    0x08028da8   0x08028da8   0x0000043e   Code   RO         1327    .text.EasyUI_HandleAnimation  easy_ui.o
    0x080291e6   0x080291e6   0x00000002   PAD
    0x080291e8   0x080291e8   0x0000004c   Code   RO         1349    .text.EasyUI_Init   easy_ui.o
    0x08029234   0x08029234   0x000000e8   Code   RO         1347    .text.EasyUI_MsgScrolling  easy_ui.o
    0x0802931c   0x0802931c   0x000000c0   Code   RO         1339    .text.EasyUI_PIDCalc  easy_ui.o
    0x080293dc   0x080293dc   0x00000040   Code   RO         1343    .text.EasyUI_SetMsgBox  easy_ui.o
    0x0802941c   0x0802941c   0x0000003c   Code   RO         1363    .text.EasyUI_Tick   easy_ui.o
    0x08029458   0x08029458   0x00000018   Code   RO         1369    .text.EasyUI_TransEnd  easy_ui.o
    0x08029470   0x08029470   0x0000002a   Code   RO         1047    .text.FLASH_PageNumber  modem.o
    0x0802949a   0x0802949a   0x00000002   PAD
    0x0802949c   0x0802949c   0x000000c2   Code   RO         1057    .text.FileDownLoad_Tick  modem.o
    0x0802955e   0x0802955e   0x00000002   PAD
    0x08029560   0x08029560   0x0000003e   Code   RO          996    .text.FileFlashAddr_Init  iap.o
    0x0802959e   0x0802959e   0x00000002   PAD
    0x080295a0   0x080295a0   0x0000006c   Code   RO          117    .text.Flashx_EraseSector  flashx.o
    0x0802960c   0x0802960c   0x0000003a   Code   RO          125    .text.Flashx_ReadBytes  flashx.o
    0x08029646   0x08029646   0x00000002   PAD
    0x08029648   0x08029648   0x00000066   Code   RO          119    .text.Flashx_WriteBytes  flashx.o
    0x080296ae   0x080296ae   0x00000002   PAD
    0x080296b0   0x080296b0   0x00000968   Code   RO          986    .text.IAPFunc       iap.o
    0x0802a018   0x0802a018   0x00000024   Code   RO          980    .text.IAPModule_Init  iap.o
    0x0802a03c   0x0802a03c   0x00000124   Code   RO          994    .text.IAPRam_Init   iap.o
    0x0802a160   0x0802a160   0x00000290   Code   RO         1022    .text.IAPRecv_Func  recv.o
    0x0802a3f0   0x0802a3f0   0x0000007a   Code   RO          982    .text.IAPValue_Init  iap.o
    0x0802a46a   0x0802a46a   0x00000002   PAD
    0x0802a46c   0x0802a46c   0x0000007c   Code   RO          129    .text.IAP_ReadFileInfo  flashx.o
    0x0802a4e8   0x0802a4e8   0x00000064   Code   RO          984    .text.IAP_Tick1ms   iap.o
    0x0802a54c   0x0802a54c   0x00000052   Code   RO         1507    .text.IPS_BufferCopy  ipscommon.o
    0x0802a59e   0x0802a59e   0x00000002   PAD
    0x0802a5a0   0x0802a5a0   0x000000f0   Code   RO         1511    .text.IPS_ClearBuffer  ipscommon.o
    0x0802a690   0x0802a690   0x00000078   Code   RO         1535    .text.IPS_DrawBox   ipscommon.o
    0x0802a708   0x0802a708   0x000005a2   Code   RO         1529    .text.IPS_DrawCircle  ipscommon.o
    0x0802acaa   0x0802acaa   0x00000006   PAD
    0x0802acb0   0x0802acb0   0x000007d4   Code   RO         1531    .text.IPS_DrawDisc  ipscommon.o
    0x0802b484   0x0802b484   0x00000204   Code   RO         1515    .text.IPS_DrawLine  ipscommon.o
    0x0802b688   0x0802b688   0x000000f4   Code   RO         1513    .text.IPS_DrawPoint  ipscommon.o
    0x0802b77c   0x0802b77c   0x00000176   Code   RO         1539    .text.IPS_DrawRBox  ipscommon.o
    0x0802b8f2   0x0802b8f2   0x00000002   PAD
    0x0802b8f4   0x0802b8f4   0x0000019a   Code   RO         1537    .text.IPS_DrawRFrame  ipscommon.o
    0x0802ba8e   0x0802ba8e   0x00000002   PAD
    0x0802ba90   0x0802ba90   0x00000302   Code   RO         1545    .text.IPS_Init      ipscommon.o
    0x0802bd92   0x0802bd92   0x00000002   PAD
    0x0802bd94   0x0802bd94   0x0000004a   Code   RO         1527    .text.IPS_ModifyColor  ipscommon.o
    0x0802bdde   0x0802bdde   0x00000002   PAD
    0x0802bde0   0x0802bde0   0x00000086   Code   RO         1509    .text.IPS_SendBuffer  ipscommon.o
    0x0802be66   0x0802be66   0x00000002   PAD
    0x0802be68   0x0802be68   0x0000002a   Code   RO         1503    .text.IPS_SetColor  ipscommon.o
    0x0802be92   0x0802be92   0x00000002   PAD
    0x0802be94   0x0802be94   0x00000062   Code   RO         1501    .text.IPS_SetDirection  ipscommon.o
    0x0802bef6   0x0802bef6   0x00000002   PAD
    0x0802bef8   0x0802bef8   0x00000018   Code   RO         1505    .text.IPS_SetDrawColor  ipscommon.o
    0x0802bf10   0x0802bf10   0x000000a8   Code   RO         1497    .text.IPS_SetRegion  ipscommon.o
    0x0802bfb8   0x0802bfb8   0x000000f8   Code   RO         1541    .text.IPS_ShowBMP   ipscommon.o
    0x0802c0b0   0x0802c0b0   0x000000c6   Code   RO         1517    .text.IPS_ShowChar  ipscommon.o
    0x0802c176   0x0802c176   0x00000002   PAD
    0x0802c178   0x0802c178   0x00000062   Code   RO         1519    .text.IPS_ShowStr   ipscommon.o
    0x0802c1da   0x0802c1da   0x00000002   PAD
    0x0802c1dc   0x0802c1dc   0x0000002e   Code   RO         1499    .text.IPS_WriteCmd  ipscommon.o
    0x0802c20a   0x0802c20a   0x00000002   PAD
    0x0802c20c   0x0802c20c   0x0000003c   Code   RO          936    .text.KeyDelay_ADD  key.o
    0x0802c248   0x0802c248   0x0000000e   Code   RO          938    .text.KeyFlag_Clear  key.o
    0x0802c256   0x0802c256   0x00000002   PAD
    0x0802c258   0x0802c258   0x0000000c   Code   RO          940    .text.KeyFlag_Read  key.o
    0x0802c264   0x0802c264   0x00000072   Code   RO          948    .text.KeyFunc       key.o
    0x0802c2d6   0x0802c2d6   0x00000002   PAD
    0x0802c2d8   0x0802c2d8   0x0000008c   Code   RO          946    .text.KeyLongPress_CHK  key.o
    0x0802c364   0x0802c364   0x00000020   Code   RO          934    .text.KeyValue_Init  key.o
    0x0802c384   0x0802c384   0x00000090   Code   RO          965    .text.LEDState_Set  led.o
    0x0802c414   0x0802c414   0x00000084   Code   RO          967    .text.LED_Flash     led.o
    0x0802c498   0x0802c498   0x000000ca   Code   RO          963    .text.LED_Func      led.o
    0x0802c562   0x0802c562   0x00000002   PAD
    0x0802c564   0x0802c564   0x00000094   Code   RO          959    .text.LED_Init      led.o
    0x0802c5f8   0x0802c5f8   0x0000005e   Code   RO          961    .text.LED_Tick      led.o
    0x0802c656   0x0802c656   0x00000002   PAD
    0x0802c658   0x0802c658   0x0000015e   Code   RO         1467    .text.MenuInit      menu.o
    0x0802c7b6   0x0802c7b6   0x00000002   PAD
    0x0802c7b8   0x0802c7b8   0x00000032   Code   RO         1053    .text.ModemInit_Handle  modem.o
    0x0802c7ea   0x0802c7ea   0x00000002   PAD
    0x0802c7ec   0x0802c7ec   0x00000198   Code   RO         1026    .text.ModemRX_Handle  recv.o
    0x0802c984   0x0802c984   0x000001ec   Code   RO         1049    .text.Modem_Func    modem.o
    0x0802cb70   0x0802cb70   0x000003f0   Code   RO         1045    .text.Modem_Process  modem.o
    0x0802cf60   0x0802cf60   0x0000003c   Code   RO         1055    .text.Modem_RamInit  modem.o
    0x0802cf9c   0x0802cf9c   0x00000062   Code   RO         1043    .text.Modem_SendFrame  modem.o
    0x0802cffe   0x0802cffe   0x00000002   PAD
    0x0802d000   0x0802d000   0x0000006c   Code   RO          532    .text.NVIC_EncodePriority  at32f403a_407_misc.o
    0x0802d06c   0x0802d06c   0x00000134   Code   RO         1024    .text.NormalRX_Handle  recv.o
    0x0802d1a0   0x0802d1a0   0x000000a0   Code   RO           74    .text.OneMs_Define  timerx.o
    0x0802d240   0x0802d240   0x00000030   Code   RO         1020    .text.RecvValue_Init  recv.o
    0x0802d270   0x0802d270   0x000000ca   Code   RO          163    .text.SPIx_Init     spix.o
    0x0802d33a   0x0802d33a   0x00000002   PAD
    0x0802d33c   0x0802d33c   0x00000010   Code   RO          990    .text.StopTimer     iap.o
    0x0802d34c   0x0802d34c   0x000000b0   Code   RO           26    .text.SysClkInit    main.o
    0x0802d3fc   0x0802d3fc   0x000000aa   Code   RO            2    .text.SystemInit    system_at32f403a_407.o
    0x0802d4a6   0x0802d4a6   0x00000002   PAD
    0x0802d4a8   0x0802d4a8   0x00000040   Code   RO           62    .text.TIMx_Init     timerx.o
    0x0802d4e8   0x0802d4e8   0x000000a2   Code   RO           80    .text.TMR2_GLOBAL_IRQHandler  timerx.o
    0x0802d58a   0x0802d58a   0x00000002   PAD
    0x0802d58c   0x0802d58c   0x000000b2   Code   RO          100    .text.UARTx_Init    uartx.o
    0x0802d63e   0x0802d63e   0x00000002   PAD
    0x0802d640   0x0802d640   0x0000003e   Code   RO          106    .text.USART1_IRQHandler  uartx.o
    0x0802d67e   0x0802d67e   0x00000002   PAD
    0x0802d680   0x0802d680   0x00000014   Code   RO          143    .text.USBFS_L_CAN1_RX0_IRQHandler  usb.o
    0x0802d694   0x0802d694   0x000000a4   Code   RO          141    .text.USB_Init      usb.o
    0x0802d738   0x0802d738   0x00000060   Code   RO          145    .text.USB_RX_Handle  usb.o
    0x0802d798   0x0802d798   0x00000030   Code   RO          538    .text.__NVIC_EnableIRQ  at32f403a_407_misc.o
    0x0802d7c8   0x0802d7c8   0x00000010   Code   RO          534    .text.__NVIC_GetPriorityGrouping  at32f403a_407_misc.o
    0x0802d7d8   0x0802d7d8   0x00000042   Code   RO          536    .text.__NVIC_SetPriority  at32f403a_407_misc.o
    0x0802d81a   0x0802d81a   0x00000002   PAD
    0x0802d81c   0x0802d81c   0x0000003c   Code   RO          546    .text.__NVIC_SetPriorityGrouping  at32f403a_407_misc.o
    0x0802d858   0x0802d858   0x00000026   Code   RO          121    .text.__NVIC_SystemReset  flashx.o
    0x0802d87e   0x0802d87e   0x00000002   PAD
    0x0802d880   0x0802d880   0x0000004e   Code   RO          795    .text.acc_calibration_mode_enable  at32f403a_407_acc.o
    0x0802d8ce   0x0802d8ce   0x00000002   PAD
    0x0802d8d0   0x0802d8d0   0x00000018   Code   RO          805    .text.acc_write_c1  at32f403a_407_acc.o
    0x0802d8e8   0x0802d8e8   0x00000018   Code   RO          807    .text.acc_write_c2  at32f403a_407_acc.o
    0x0802d900   0x0802d900   0x00000018   Code   RO          809    .text.acc_write_c3  at32f403a_407_acc.o
    0x0802d918   0x0802d918   0x00000064   Code   RO          188    .text.adc_base_config  at32f403a_407_adc.o
    0x0802d97c   0x0802d97c   0x0000001c   Code   RO          186    .text.adc_base_default_para_init  at32f403a_407_adc.o
    0x0802d998   0x0802d998   0x00000012   Code   RO          194    .text.adc_calibration_init  at32f403a_407_adc.o
    0x0802d9aa   0x0802d9aa   0x00000002   PAD
    0x0802d9ac   0x0802d9ac   0x00000028   Code   RO          196    .text.adc_calibration_init_status_get  at32f403a_407_adc.o
    0x0802d9d4   0x0802d9d4   0x00000012   Code   RO          198    .text.adc_calibration_start  at32f403a_407_adc.o
    0x0802d9e6   0x0802d9e6   0x00000002   PAD
    0x0802d9e8   0x0802d9e8   0x00000028   Code   RO          200    .text.adc_calibration_status_get  at32f403a_407_adc.o
    0x0802da10   0x0802da10   0x00000026   Code   RO          184    .text.adc_combine_mode_select  at32f403a_407_adc.o
    0x0802da36   0x0802da36   0x00000002   PAD
    0x0802da38   0x0802da38   0x00000022   Code   RO          190    .text.adc_dma_mode_enable  at32f403a_407_adc.o
    0x0802da5a   0x0802da5a   0x00000002   PAD
    0x0802da5c   0x0802da5c   0x0000001a   Code   RO          182    .text.adc_enable    at32f403a_407_adc.o
    0x0802da76   0x0802da76   0x00000002   PAD
    0x0802da78   0x0802da78   0x00000162   Code   RO          208    .text.adc_ordinary_channel_set  at32f403a_407_adc.o
    0x0802dbda   0x0802dbda   0x00000002   PAD
    0x0802dbdc   0x0802dbdc   0x00000074   Code   RO          214    .text.adc_ordinary_conversion_trigger_set  at32f403a_407_adc.o
    0x0802dc50   0x0802dc50   0x00000042   Code   RO         1099    .text.cdc_struct_init  cdc_class.o
    0x0802dc92   0x0802dc92   0x00000002   PAD
    0x0802dc94   0x0802dc94   0x00000016   Code   RO         1282    .text.chry_ringbuffer_check_empty  chry_ringbuffer.o
    0x0802dcaa   0x0802dcaa   0x00000002   PAD
    0x0802dcac   0x0802dcac   0x00000060   Code   RO         1268    .text.chry_ringbuffer_init  chry_ringbuffer.o
    0x0802dd0c   0x0802dd0c   0x000000ae   Code   RO         1296    .text.chry_ringbuffer_overwrite  chry_ringbuffer.o
    0x0802ddba   0x0802ddba   0x00000002   PAD
    0x0802ddbc   0x0802ddbc   0x0000003a   Code   RO         1288    .text.chry_ringbuffer_peek_byte  chry_ringbuffer.o
    0x0802ddf6   0x0802ddf6   0x00000002   PAD
    0x0802ddf8   0x0802ddf8   0x00000030   Code   RO         1290    .text.chry_ringbuffer_read_byte  chry_ringbuffer.o
    0x0802de28   0x0802de28   0x00000030   Code   RO         1079    .text.class_clear_handler  cdc_class.o
    0x0802de58   0x0802de58   0x00000048   Code   RO         1085    .text.class_ept0_rx_handler  cdc_class.o
    0x0802dea0   0x0802dea0   0x00000012   Code   RO         1083    .text.class_ept0_tx_handler  cdc_class.o
    0x0802deb2   0x0802deb2   0x00000002   PAD
    0x0802deb4   0x0802deb4   0x0000003c   Code   RO         1093    .text.class_event_handler  cdc_class.o
    0x0802def0   0x0802def0   0x0000002a   Code   RO         1087    .text.class_in_handler  cdc_class.o
    0x0802df1a   0x0802df1a   0x00000002   PAD
    0x0802df1c   0x0802df1c   0x00000084   Code   RO         1077    .text.class_init_handler  cdc_class.o
    0x0802dfa0   0x0802dfa0   0x0000003c   Code   RO         1089    .text.class_out_handler  cdc_class.o
    0x0802dfdc   0x0802dfdc   0x000000ec   Code   RO         1081    .text.class_setup_handler  cdc_class.o
    0x0802e0c8   0x0802e0c8   0x00000012   Code   RO         1091    .text.class_sof_handler  cdc_class.o
    0x0802e0da   0x0802e0da   0x00000002   PAD
    0x0802e0dc   0x0802e0dc   0x00000036   Code   RO          294    .text.crm_adc_clock_div_set  at32f403a_407_crm.o
    0x0802e112   0x0802e112   0x00000002   PAD
    0x0802e114   0x0802e114   0x00000026   Code   RO          288    .text.crm_ahb_div_set  at32f403a_407_crm.o
    0x0802e13a   0x0802e13a   0x00000002   PAD
    0x0802e13c   0x0802e13c   0x00000026   Code   RO          290    .text.crm_apb1_div_set  at32f403a_407_crm.o
    0x0802e162   0x0802e162   0x00000002   PAD
    0x0802e164   0x0802e164   0x00000026   Code   RO          292    .text.crm_apb2_div_set  at32f403a_407_crm.o
    0x0802e18a   0x0802e18a   0x00000002   PAD
    0x0802e18c   0x0802e18c   0x00000038   Code   RO          314    .text.crm_auto_step_mode_enable  at32f403a_407_crm.o
    0x0802e1c4   0x0802e1c4   0x000000a6   Code   RO          280    .text.crm_clock_source_enable  at32f403a_407_crm.o
    0x0802e26a   0x0802e26a   0x00000002   PAD
    0x0802e26c   0x0802e26c   0x000001e0   Code   RO          308    .text.crm_clocks_freq_get  at32f403a_407_crm.o
    0x0802e44c   0x0802e44c   0x0000003e   Code   RO          264    .text.crm_flag_get  at32f403a_407_crm.o
    0x0802e48a   0x0802e48a   0x00000002   PAD
    0x0802e48c   0x0802e48c   0x00000064   Code   RO          268    .text.crm_hext_stable_wait  at32f403a_407_crm.o
    0x0802e4f0   0x0802e4f0   0x00000026   Code   RO          318    .text.crm_hick_divider_select  at32f403a_407_crm.o
    0x0802e516   0x0802e516   0x00000002   PAD
    0x0802e518   0x0802e518   0x0000002e   Code   RO          320    .text.crm_hick_sclk_frequency_select  at32f403a_407_crm.o
    0x0802e546   0x0802e546   0x00000002   PAD
    0x0802e548   0x0802e548   0x00000052   Code   RO          274    .text.crm_periph_clock_enable  at32f403a_407_crm.o
    0x0802e59a   0x0802e59a   0x00000002   PAD
    0x0802e59c   0x0802e59c   0x000000bc   Code   RO          302    .text.crm_pll_config  at32f403a_407_crm.o
    0x0802e658   0x0802e658   0x00000088   Code   RO          258    .text.crm_reset     at32f403a_407_crm.o
    0x0802e6e0   0x0802e6e0   0x00000046   Code   RO          304    .text.crm_sysclk_switch  at32f403a_407_crm.o
    0x0802e726   0x0802e726   0x00000002   PAD
    0x0802e728   0x0802e728   0x00000010   Code   RO          306    .text.crm_sysclk_switch_status_get  at32f403a_407_crm.o
    0x0802e738   0x0802e738   0x0000003a   Code   RO          322    .text.crm_usb_clock_source_select  at32f403a_407_crm.o
    0x0802e772   0x0802e772   0x00000002   PAD
    0x0802e774   0x0802e774   0x00000028   Code   RO           76    .text.delay_ms      timerx.o
    0x0802e79c   0x0802e79c   0x00000036   Code   RO           78    .text.delay_us      timerx.o
    0x0802e7d2   0x0802e7d2   0x00000002   PAD
    0x0802e7d4   0x0802e7d4   0x0000001a   Code   RO          360    .text.dma_channel_enable  at32f403a_407_dma.o
    0x0802e7ee   0x0802e7ee   0x00000002   PAD
    0x0802e7f0   0x0802e7f0   0x00000032   Code   RO          370    .text.dma_default_para_init  at32f403a_407_dma.o
    0x0802e822   0x0802e822   0x00000002   PAD
    0x0802e824   0x0802e824   0x00000124   Code   RO          362    .text.dma_flexible_config  at32f403a_407_dma.o
    0x0802e948   0x0802e948   0x000000be   Code   RO          372    .text.dma_init      at32f403a_407_dma.o
    0x0802ea06   0x0802ea06   0x00000002   PAD
    0x0802ea08   0x0802ea08   0x0000002e   Code   RO          358    .text.dma_interrupt_enable  at32f403a_407_dma.o
    0x0802ea36   0x0802ea36   0x00000002   PAD
    0x0802ea38   0x0802ea38   0x000000a6   Code   RO          352    .text.dma_reset     at32f403a_407_dma.o
    0x0802eade   0x0802eade   0x00000002   PAD
    0x0802eae0   0x0802eae0   0x00000068   Code   RO          387    .text.flash_bank1_operation_status_get  at32f403a_407_flash.o
    0x0802eb48   0x0802eb48   0x0000005c   Code   RO          395    .text.flash_bank1_operation_wait_for  at32f403a_407_flash.o
    0x0802eba4   0x0802eba4   0x00000068   Code   RO          389    .text.flash_bank2_operation_status_get  at32f403a_407_flash.o
    0x0802ec0c   0x0802ec0c   0x0000005c   Code   RO          397    .text.flash_bank2_operation_wait_for  at32f403a_407_flash.o
    0x0802ec68   0x0802ec68   0x000000b0   Code   RO          437    .text.flash_byte_program  at32f403a_407_flash.o
    0x0802ed18   0x0802ed18   0x00000060   Code   RO          383    .text.flash_flag_clear  at32f403a_407_flash.o
    0x0802ed78   0x0802ed78   0x00000022   Code   RO          409    .text.flash_lock    at32f403a_407_flash.o
    0x0802ed9a   0x0802ed9a   0x00000002   PAD
    0x0802ed9c   0x0802ed9c   0x00000068   Code   RO          385    .text.flash_operation_status_get  at32f403a_407_flash.o
    0x0802ee04   0x0802ee04   0x0000005c   Code   RO          393    .text.flash_operation_wait_for  at32f403a_407_flash.o
    0x0802ee60   0x0802ee60   0x00000112   Code   RO          417    .text.flash_sector_erase  at32f403a_407_flash.o
    0x0802ef72   0x0802ef72   0x00000002   PAD
    0x0802ef74   0x0802ef74   0x0000001c   Code   RO          419    .text.flash_spim_dummy_read  at32f403a_407_flash.o
    0x0802ef90   0x0802ef90   0x00000068   Code   RO          391    .text.flash_spim_operation_status_get  at32f403a_407_flash.o
    0x0802eff8   0x0802eff8   0x0000005c   Code   RO          399    .text.flash_spim_operation_wait_for  at32f403a_407_flash.o
    0x0802f054   0x0802f054   0x0000002a   Code   RO          401    .text.flash_unlock  at32f403a_407_flash.o
    0x0802f07e   0x0802f07e   0x00000002   PAD
    0x0802f080   0x0802f080   0x0000002e   Code   RO         1131    .text.get_device_config_string  cdc_desc.o
    0x0802f0ae   0x0802f0ae   0x00000002   PAD
    0x0802f0b0   0x0802f0b0   0x0000000a   Code   RO         1117    .text.get_device_configuration  cdc_desc.o
    0x0802f0ba   0x0802f0ba   0x00000002   PAD
    0x0802f0bc   0x0802f0bc   0x0000000a   Code   RO         1113    .text.get_device_descriptor  cdc_desc.o
    0x0802f0c6   0x0802f0c6   0x00000002   PAD
    0x0802f0c8   0x0802f0c8   0x0000002e   Code   RO         1129    .text.get_device_interface_string  cdc_desc.o
    0x0802f0f6   0x0802f0f6   0x00000002   PAD
    0x0802f0f8   0x0802f0f8   0x0000000a   Code   RO         1121    .text.get_device_lang_id  cdc_desc.o
    0x0802f102   0x0802f102   0x00000002   PAD
    0x0802f104   0x0802f104   0x0000002e   Code   RO         1123    .text.get_device_manufacturer_string  cdc_desc.o
    0x0802f132   0x0802f132   0x00000002   PAD
    0x0802f134   0x0802f134   0x00000004   Code   RO         1119    .text.get_device_other_speed  cdc_desc.o
    0x0802f138   0x0802f138   0x0000002e   Code   RO         1125    .text.get_device_product_string  cdc_desc.o
    0x0802f166   0x0802f166   0x00000002   PAD
    0x0802f168   0x0802f168   0x00000004   Code   RO         1115    .text.get_device_qualifier  cdc_desc.o
    0x0802f16c   0x0802f16c   0x00000010   Code   RO         1127    .text.get_device_serial_string  cdc_desc.o
    0x0802f17c   0x0802f17c   0x0000005c   Code   RO         1135    .text.get_serial_num  cdc_desc.o
    0x0802f1d8   0x0802f1d8   0x00000014   Code   RO          501    .text.gpio_bits_reset  at32f403a_407_gpio.o
    0x0802f1ec   0x0802f1ec   0x00000014   Code   RO          499    .text.gpio_bits_set  at32f403a_407_gpio.o
    0x0802f200   0x0802f200   0x00000026   Code   RO          489    .text.gpio_default_para_init  at32f403a_407_gpio.o
    0x0802f226   0x0802f226   0x00000002   PAD
    0x0802f228   0x0802f228   0x00000140   Code   RO          487    .text.gpio_init     at32f403a_407_gpio.o
    0x0802f368   0x0802f368   0x00000096   Code   RO          515    .text.gpio_pin_remap_config  at32f403a_407_gpio.o
    0x0802f3fe   0x0802f3fe   0x00000002   PAD
    0x0802f400   0x0802f400   0x000000a0   Code   RO           24    .text.main          main.o
    0x0802f4a0   0x0802f4a0   0x00000034   Code   RO          530    .text.nvic_irq_enable  at32f403a_407_misc.o
    0x0802f4d4   0x0802f4d4   0x00000014   Code   RO          544    .text.nvic_priority_group_config  at32f403a_407_misc.o
    0x0802f4e8   0x0802f4e8   0x0000002c   Code   RO          881    .text.spi_default_para_init  at32f403a_407_spi.o
    0x0802f514   0x0802f514   0x00000022   Code   RO          903    .text.spi_enable    at32f403a_407_spi.o
    0x0802f536   0x0802f536   0x00000002   PAD
    0x0802f538   0x0802f538   0x00000022   Code   RO          913    .text.spi_i2s_dma_transmitter_enable  at32f403a_407_spi.o
    0x0802f55a   0x0802f55a   0x00000002   PAD
    0x0802f55c   0x0802f55c   0x000001b6   Code   RO          883    .text.spi_init      at32f403a_407_spi.o
    0x0802f712   0x0802f712   0x00000002   PAD
    0x0802f714   0x0802f714   0x000000a6   Code   RO          169    .text.spi_send_by_dma  spix.o
    0x0802f7ba   0x0802f7ba   0x00000002   PAD
    0x0802f7bc   0x0802f7bc   0x000000a6   Code   RO          167    .text.spi_write_16bit  spix.o
    0x0802f862   0x0802f862   0x00000002   PAD
    0x0802f864   0x0802f864   0x000000a0   Code   RO          165    .text.spi_write_8bit  spix.o
    0x0802f904   0x0802f904   0x0000019e   Code   RO            4    .text.system_core_clock_update  system_at32f403a_407.o
    0x0802faa2   0x0802faa2   0x00000002   PAD
    0x0802faa4   0x0802faa4   0x00000002   Code   RO           70    .text.tick100ms     timerx.o
    0x0802faa6   0x0802faa6   0x00000002   PAD
    0x0802faa8   0x0802faa8   0x00000028   Code   RO           72    .text.tick1ms       timerx.o
    0x0802fad0   0x0802fad0   0x00000002   Code   RO           68    .text.tick1s        timerx.o
    0x0802fad2   0x0802fad2   0x00000002   PAD
    0x0802fad4   0x0802fad4   0x00000022   Code   RO          600    .text.tmr_base_init  at32f403a_407_tmr.o
    0x0802faf6   0x0802faf6   0x00000002   PAD
    0x0802faf8   0x0802faf8   0x00000052   Code   RO          624    .text.tmr_channel_value_set  at32f403a_407_tmr.o
    0x0802fb4a   0x0802fb4a   0x00000002   PAD
    0x0802fb4c   0x0802fb4c   0x00000022   Code   RO          602    .text.tmr_clock_source_div_set  at32f403a_407_tmr.o
    0x0802fb6e   0x0802fb6e   0x00000002   PAD
    0x0802fb70   0x0802fb70   0x00000022   Code   RO          604    .text.tmr_cnt_dir_set  at32f403a_407_tmr.o
    0x0802fb92   0x0802fb92   0x00000002   PAD
    0x0802fb94   0x0802fb94   0x0000001a   Code   RO          592    .text.tmr_counter_enable  at32f403a_407_tmr.o
    0x0802fbae   0x0802fbae   0x00000002   PAD
    0x0802fbb0   0x0802fbb0   0x00000012   Code   RO          678    .text.tmr_flag_clear  at32f403a_407_tmr.o
    0x0802fbc2   0x0802fbc2   0x00000002   PAD
    0x0802fbc4   0x0802fbc4   0x0000003a   Code   RO          672    .text.tmr_interrupt_enable  at32f403a_407_tmr.o
    0x0802fbfe   0x0802fbfe   0x00000002   PAD
    0x0802fc00   0x0802fc00   0x0000003c   Code   RO          674    .text.tmr_interrupt_flag_get  at32f403a_407_tmr.o
    0x0802fc3c   0x0802fc3c   0x00000094   Code   RO          630    .text.tmr_output_channel_buffer_enable  at32f403a_407_tmr.o
    0x0802fcd0   0x0802fcd0   0x000001ec   Code   RO          616    .text.tmr_output_channel_config  at32f403a_407_tmr.o
    0x0802febc   0x0802febc   0x00000094   Code   RO          632    .text.tmr_output_channel_immediately_set  at32f403a_407_tmr.o
    0x0802ff50   0x0802ff50   0x00000022   Code   RO          682    .text.tmr_output_enable  at32f403a_407_tmr.o
    0x0802ff72   0x0802ff72   0x00000002   PAD
    0x0802ff74   0x0802ff74   0x0000001c   Code   RO          606    .text.tmr_repetition_counter_set  at32f403a_407_tmr.o
    0x0802ff90   0x0802ff90   0x0000000e   Code   RO          743    .text.usart_data_receive  at32f403a_407_usart.o
    0x0802ff9e   0x0802ff9e   0x00000002   PAD
    0x0802ffa0   0x0802ffa0   0x00000022   Code   RO          715    .text.usart_enable  at32f403a_407_usart.o
    0x0802ffc2   0x0802ffc2   0x00000002   PAD
    0x0802ffc4   0x0802ffc4   0x00000028   Code   RO          767    .text.usart_flag_clear  at32f403a_407_usart.o
    0x0802ffec   0x0802ffec   0x0000002a   Code   RO          763    .text.usart_flag_get  at32f403a_407_usart.o
    0x08030016   0x08030016   0x00000002   PAD
    0x08030018   0x08030018   0x000000ee   Code   RO          711    .text.usart_init    at32f403a_407_usart.o
    0x08030106   0x08030106   0x00000002   PAD
    0x08030108   0x08030108   0x00000048   Code   RO          725    .text.usart_interrupt_enable  at32f403a_407_usart.o
    0x08030150   0x08030150   0x00000138   Code   RO          765    .text.usart_interrupt_flag_get  at32f403a_407_usart.o
    0x08030288   0x08030288   0x00000022   Code   RO          719    .text.usart_receiver_enable  at32f403a_407_usart.o
    0x080302aa   0x080302aa   0x00000002   PAD
    0x080302ac   0x080302ac   0x00000022   Code   RO          717    .text.usart_transmitter_enable  at32f403a_407_usart.o
    0x080302ce   0x080302ce   0x00000002   PAD
    0x080302d0   0x080302d0   0x0000000e   Code   RO          862    .text.usb_buffer_free  at32f403a_407_usb.o
    0x080302de   0x080302de   0x00000002   PAD
    0x080302e0   0x080302e0   0x0000001c   Code   RO          834    .text.usb_connect   at32f403a_407_usb.o
    0x080302fc   0x080302fc   0x00000030   Code   RO          830    .text.usb_dev_init  at32f403a_407_usb.o
    0x0803032c   0x0803032c   0x0000001c   Code   RO          852    .text.usb_enter_suspend  at32f403a_407_usb.o
    0x08030348   0x08030348   0x00000254   Code   RO          842    .text.usb_ept_close  at32f403a_407_usb.o
    0x0803059c   0x0803059c   0x0000066e   Code   RO          840    .text.usb_ept_open  at32f403a_407_usb.o
    0x08030c0a   0x08030c0a   0x00000002   PAD
    0x08030c0c   0x08030c0c   0x0000001c   Code   RO          854    .text.usb_exit_suspend  at32f403a_407_usb.o
    0x08030c28   0x08030c28   0x00000016   Code   RO          868    .text.usb_flag_clear  at32f403a_407_usb.o
    0x08030c3e   0x08030c3e   0x00000002   PAD
    0x08030c40   0x08030c40   0x00000036   Code   RO          832    .text.usb_interrupt_enable  at32f403a_407_usb.o
    0x08030c76   0x08030c76   0x00000002   PAD
    0x08030c78   0x08030c78   0x00000064   Code   RO          846    .text.usb_read_packet  at32f403a_407_usb.o
    0x08030cdc   0x08030cdc   0x00000024   Code   RO          848    .text.usb_set_address  at32f403a_407_usb.o
    0x08030d00   0x08030d00   0x000000a4   Code   RO         1101    .text.usb_vcp_cmd_process  cdc_class.o
    0x08030da4   0x08030da4   0x00000050   Code   RO         1097    .text.usb_vcp_send_data  cdc_class.o
    0x08030df4   0x08030df4   0x00000064   Code   RO          844    .text.usb_write_packet  at32f403a_407_usb.o
    0x08030e58   0x08030e58   0x00000068   Code   RO         1244    .text.usbd_clear_feature  usbd_sdr.o
    0x08030ec0   0x08030ec0   0x000000d0   Code   RO         1176    .text.usbd_clear_stall  usbd_core.o
    0x08030f90   0x08030f90   0x00000012   Code   RO         1194    .text.usbd_connect  usbd_core.o
    0x08030fa2   0x08030fa2   0x00000002   PAD
    0x08030fa4   0x08030fa4   0x0000011e   Code   RO         1158    .text.usbd_core_in_handler  usbd_core.o
    0x080310c2   0x080310c2   0x00000002   PAD
    0x080310c4   0x080310c4   0x00000042   Code   RO         1208    .text.usbd_core_init  usbd_core.o
    0x08031106   0x08031106   0x00000002   PAD
    0x08031108   0x08031108   0x000000d0   Code   RO         1166    .text.usbd_core_out_handler  usbd_core.o
    0x080311d8   0x080311d8   0x0000006a   Code   RO         1170    .text.usbd_core_setup_handler  usbd_core.o
    0x08031242   0x08031242   0x00000002   PAD
    0x08031244   0x08031244   0x0000003e   Code   RO         1174    .text.usbd_ctrl_recv  usbd_core.o
    0x08031282   0x08031282   0x00000002   PAD
    0x08031284   0x08031284   0x0000001e   Code   RO         1164    .text.usbd_ctrl_recv_status  usbd_core.o
    0x080312a2   0x080312a2   0x00000002   PAD
    0x080312a4   0x080312a4   0x0000003c   Code   RO         1172    .text.usbd_ctrl_send  usbd_core.o
    0x080312e0   0x080312e0   0x0000001e   Code   RO         1168    .text.usbd_ctrl_send_status  usbd_core.o
    0x080312fe   0x080312fe   0x00000002   PAD
    0x08031300   0x08031300   0x0000001a   Code   RO         1180    .text.usbd_ctrl_unsupport  usbd_core.o
    0x0803131a   0x0803131a   0x00000002   PAD
    0x0803131c   0x0803131c   0x000000a6   Code   RO         1240    .text.usbd_device_request  usbd_sdr.o
    0x080313c2   0x080313c2   0x00000002   PAD
    0x080313c4   0x080313c4   0x0000024a   Code   RO         1258    .text.usbd_endpoint_request  usbd_sdr.o
    0x0803160e   0x0803160e   0x00000002   PAD
    0x08031610   0x08031610   0x00000012   Code   RO         1204    .text.usbd_enter_suspend  usbd_core.o
    0x08031622   0x08031622   0x00000002   PAD
    0x08031624   0x08031624   0x00000078   Code   RO         1188    .text.usbd_ept_buf_custom_define  usbd_core.o
    0x0803169c   0x0803169c   0x0000004e   Code   RO         1192    .text.usbd_ept_close  usbd_core.o
    0x080316ea   0x080316ea   0x00000002   PAD
    0x080316ec   0x080316ec   0x0000011e   Code   RO         1206    .text.usbd_ept_defaut_init  usbd_core.o
    0x0803180a   0x0803180a   0x00000002   PAD
    0x0803180c   0x0803180c   0x0000003c   Code   RO         1219    .text.usbd_ept_loop_handler  usbd_int.o
    0x08031848   0x08031848   0x0000007c   Code   RO         1190    .text.usbd_ept_open  usbd_core.o
    0x080318c4   0x080318c4   0x000000b4   Code   RO         1162    .text.usbd_ept_recv  usbd_core.o
    0x08031978   0x08031978   0x000001c4   Code   RO         1160    .text.usbd_ept_send  usbd_core.o
    0x08031b3c   0x08031b3c   0x000002c4   Code   RO         1229    .text.usbd_eptn_handler  usbd_int.o
    0x08031e00   0x08031e00   0x00000074   Code   RO         1252    .text.usbd_get_configuration  usbd_sdr.o
    0x08031e74   0x08031e74   0x0000018c   Code   RO         1250    .text.usbd_get_descriptor  usbd_sdr.o
    0x08032000   0x08032000   0x00000024   Code   RO         1182    .text.usbd_get_recv_len  usbd_core.o
    0x08032024   0x08032024   0x00000052   Code   RO         1242    .text.usbd_get_status  usbd_sdr.o
    0x08032076   0x08032076   0x00000002   PAD
    0x08032078   0x08032078   0x00000076   Code   RO         1137    .text.usbd_int_to_unicode  cdc_desc.o
    0x080320ee   0x080320ee   0x00000002   PAD
    0x080320f0   0x080320f0   0x0000005c   Code   RO         1256    .text.usbd_interface_request  usbd_sdr.o
    0x0803214c   0x0803214c   0x000000ec   Code   RO         1217    .text.usbd_irq_handler  usbd_int.o
    0x08032238   0x08032238   0x0000006e   Code   RO         1221    .text.usbd_reset_handler  usbd_int.o
    0x080322a6   0x080322a6   0x00000002   PAD
    0x080322a8   0x080322a8   0x00000084   Code   RO         1248    .text.usbd_set_address  usbd_sdr.o
    0x0803232c   0x0803232c   0x00000128   Code   RO         1254    .text.usbd_set_configuration  usbd_sdr.o
    0x08032454   0x08032454   0x0000004a   Code   RO         1246    .text.usbd_set_feature  usbd_sdr.o
    0x0803249e   0x0803249e   0x00000002   PAD
    0x080324a0   0x080324a0   0x000000b8   Code   RO         1178    .text.usbd_set_stall  usbd_core.o
    0x08032558   0x08032558   0x00000044   Code   RO         1238    .text.usbd_setup_request_parse  usbd_sdr.o
    0x0803259c   0x0803259c   0x0000001e   Code   RO         1223    .text.usbd_sof_handler  usbd_int.o
    0x080325ba   0x080325ba   0x00000002   PAD
    0x080325bc   0x080325bc   0x00000038   Code   RO         1225    .text.usbd_suspend_handler  usbd_int.o
    0x080325f4   0x080325f4   0x00000076   Code   RO         1133    .text.usbd_unicode_convert  cdc_desc.o
    0x0803266a   0x0803266a   0x00000002   PAD
    0x0803266c   0x0803266c   0x00000032   Code   RO         1227    .text.usbd_wakeup_handler  usbd_int.o
    0x0803269e   0x0803269e   0x0000003e   Code   RO         1855    CL$$btod_d2e        c_w.l(btod.o)
    0x080326dc   0x080326dc   0x00000046   Code   RO         1857    CL$$btod_d2e_denorm_low  c_w.l(btod.o)
    0x08032722   0x08032722   0x00000060   Code   RO         1856    CL$$btod_d2e_norm_op1  c_w.l(btod.o)
    0x08032782   0x08032782   0x00000002   PAD
    0x08032784   0x08032784   0x00000338   Code   RO         1865    CL$$btod_div_common  c_w.l(btod.o)
    0x08032abc   0x08032abc   0x000000dc   Code   RO         1862    CL$$btod_e2e        c_w.l(btod.o)
    0x08032b98   0x08032b98   0x0000002a   Code   RO         1859    CL$$btod_ediv       c_w.l(btod.o)
    0x08032bc2   0x08032bc2   0x0000002a   Code   RO         1858    CL$$btod_emul       c_w.l(btod.o)
    0x08032bec   0x08032bec   0x00000244   Code   RO         1864    CL$$btod_mult_common  c_w.l(btod.o)
    0x08032e30   0x08032e30   0x00000030   Code   RO         1781    i.__ARM_fpclassify  m_wm.l(fpclassify.o)
    0x08032e60   0x08032e60   0x000000c8   Code   RO         1614    i.__hardfp_cos      m_wm.l(cos.o)
    0x08032f28   0x08032f28   0x00000c60   Code   RO         1620    i.__hardfp_pow      m_wm.l(pow.o)
    0x08033b88   0x08033b88   0x0000007a   Code   RO         1627    i.__hardfp_sqrt     m_wm.l(sqrt.o)
    0x08033c02   0x08033c02   0x00000006   PAD
    0x08033c08   0x08033c08   0x00000438   Code   RO         1786    i.__ieee754_rem_pio2  m_wm.l(rred.o)
    0x08034040   0x08034040   0x00000170   Code   RO         1758    i.__kernel_cos      m_wm.l(cos_i.o)
    0x080341b0   0x080341b0   0x000000f8   Code   RO         1783    i.__kernel_poly     m_wm.l(poly.o)
    0x080342a8   0x080342a8   0x00000130   Code   RO         1791    i.__kernel_sin      m_wm.l(sin_i.o)
    0x080343d8   0x080343d8   0x00000030   Code   RO         1761    i.__mathlib_dbl_divzero  m_wm.l(dunder.o)
    0x08034408   0x08034408   0x00000014   Code   RO         1762    i.__mathlib_dbl_infnan  m_wm.l(dunder.o)
    0x0803441c   0x0803441c   0x00000014   Code   RO         1763    i.__mathlib_dbl_infnan2  m_wm.l(dunder.o)
    0x08034430   0x08034430   0x00000020   Code   RO         1764    i.__mathlib_dbl_invalid  m_wm.l(dunder.o)
    0x08034450   0x08034450   0x00000020   Code   RO         1765    i.__mathlib_dbl_overflow  m_wm.l(dunder.o)
    0x08034470   0x08034470   0x00000020   Code   RO         1767    i.__mathlib_dbl_underflow  m_wm.l(dunder.o)
    0x08034490   0x08034490   0x0000000e   Code   RO         1694    i._is_digit         c_w.l(__printf_wp.o)
    0x0803449e   0x0803449e   0x00000018   Code   RO         1777    i.fabs              m_wm.l(fabs.o)
    0x080344b6   0x080344b6   0x0000006e   Code   RO         1629    i.sqrt              m_wm.l(sqrt.o)
    0x08034524   0x08034524   0x0000002c   Code   RO         1880    locale$$code        c_w.l(lc_numeric_c.o)
    0x08034550   0x08034550   0x0000002c   Code   RO         1899    locale$$code        c_w.l(lc_ctype_c.o)
    0x0803457c   0x0803457c   0x00000018   Code   RO         1729    x$fpl$basic         fz_wm.l(basic.o)
    0x08034594   0x08034594   0x00000150   Code   RO         1584    x$fpl$dadd          fz_wm.l(daddsub_clz.o)
    0x080346e4   0x080346e4   0x00000010   Code   RO         1834    x$fpl$dcheck1       fz_wm.l(dcheck1.o)
    0x080346f4   0x080346f4   0x00000018   Code   RO         1836    x$fpl$dcmpinf       fz_wm.l(dcmpi.o)
    0x0803470c   0x0803470c   0x000002b4   Code   RO         1593    x$fpl$ddiv          fz_wm.l(ddiv.o)
    0x080349c0   0x080349c0   0x0000005e   Code   RO         1596    x$fpl$dfix          fz_wm.l(dfix.o)
    0x08034a1e   0x08034a1e   0x00000002   PAD
    0x08034a20   0x08034a20   0x0000005a   Code   RO         1600    x$fpl$dfixu         fz_wm.l(dfixu.o)
    0x08034a7a   0x08034a7a   0x0000002e   Code   RO         1605    x$fpl$dflt          fz_wm.l(dflt_clz.o)
    0x08034aa8   0x08034aa8   0x00000026   Code   RO         1604    x$fpl$dfltu         fz_wm.l(dflt_clz.o)
    0x08034ace   0x08034ace   0x00000002   PAD
    0x08034ad0   0x08034ad0   0x00000078   Code   RO         1735    x$fpl$dleqf         fz_wm.l(dleqf.o)
    0x08034b48   0x08034b48   0x00000154   Code   RO         1610    x$fpl$dmul          fz_wm.l(dmul.o)
    0x08034c9c   0x08034c9c   0x0000009c   Code   RO         1737    x$fpl$dnaninf       fz_wm.l(dnaninf.o)
    0x08034d38   0x08034d38   0x0000000c   Code   RO         1739    x$fpl$dretinf       fz_wm.l(dretinf.o)
    0x08034d44   0x08034d44   0x0000006c   Code   RO         1741    x$fpl$drleqf        fz_wm.l(drleqf.o)
    0x08034db0   0x08034db0   0x00000016   Code   RO         1585    x$fpl$drsb          fz_wm.l(daddsub_clz.o)
    0x08034dc6   0x08034dc6   0x00000002   PAD
    0x08034dc8   0x08034dc8   0x00000198   Code   RO         1743    x$fpl$dsqrt         fz_wm.l(dsqrt_umaal.o)
    0x08034f60   0x08034f60   0x000001dc   Code   RO         1586    x$fpl$dsub          fz_wm.l(daddsub_clz.o)
    0x0803513c   0x0803513c   0x0000001a   Code   RO         1961    x$fpl$fpinit        fz_wm.l(fpinit.o)
    0x08035156   0x08035156   0x00000004   Code   RO         1747    x$fpl$printf1       fz_wm.l(printf1.o)
    0x0803515a   0x0803515a   0x00000004   Code   RO         1749    x$fpl$printf2       fz_wm.l(printf2.o)
    0x0803515e   0x0803515e   0x00000064   Code   RO         1892    x$fpl$retnan        fz_wm.l(retnan.o)
    0x080351c2   0x080351c2   0x0000005c   Code   RO         1755    x$fpl$scalbn        fz_wm.l(scalbn.o)
    0x0803521e   0x0803521e   0x00000030   Code   RO         1948    x$fpl$trapveneer    fz_wm.l(trapv.o)
    0x0803524e   0x0803524e   0x00000000   Code   RO         1757    x$fpl$usenofp       fz_wm.l(usenofp.o)
    0x0803524e   0x0803524e   0x00000002   PAD
    0x08035250   0x08035250   0x00000088   Data   RO         1623    .constdata          m_wm.l(pow.o)
    0x080352d8   0x080352d8   0x00000008   Data   RO         1653    .constdata          c_w.l(_printf_wctomb.o)
    0x080352e0   0x080352e0   0x00000028   Data   RO         1682    .constdata          c_w.l(_printf_hex_int_ll_ptr.o)
    0x08035308   0x08035308   0x00000011   Data   RO         1702    .constdata          c_w.l(__printf_flags_ss_wp.o)
    0x08035319   0x08035319   0x00000007   PAD
    0x08035320   0x08035320   0x00000030   Data   RO         1759    .constdata          m_wm.l(cos_i.o)
    0x08035350   0x08035350   0x00000008   Data   RO         1785    .constdata          m_wm.l(qnan.o)
    0x08035358   0x08035358   0x000000cc   Data   RO         1788    .constdata          m_wm.l(rred.o)
    0x08035424   0x08035424   0x00000004   PAD
    0x08035428   0x08035428   0x00000028   Data   RO         1792    .constdata          m_wm.l(sin_i.o)
    0x08035450   0x08035450   0x00000026   Data   RO         1823    .constdata          c_w.l(_printf_fp_hex.o)
    0x08035476   0x08035476   0x00000002   PAD
    0x08035478   0x08035478   0x00000094   Data   RO         1853    .constdata          c_w.l(bigflt0.o)
    0x0803550c   0x0803550c   0x00000020   Data   RO         1482    .rodata..L__const.MenuInit.iapItems  menu.o
    0x0803552c   0x0803552c   0x00000020   Data   RO         1483    .rodata..L__const.MenuInit.pages  menu.o
    0x0803554c   0x0803554c   0x00000376   Data   RO         1491    .rodata.IAPLink_logo  profile_photo_erbws.o
    0x080358c2   0x080358c2   0x00000228   Data   RO         1429    .rodata.ascii_font_6x8  font.o
    0x08035aea   0x08035aea   0x00000008   Data   RO          333    .rodata.crm_clocks_freq_get.adc_div_table  at32f403a_407_crm.o
    0x08035af2   0x08035af2   0x00000008   Data   RO          331    .rodata.crm_clocks_freq_get.ahb_apb1_div_table  at32f403a_407_crm.o
    0x08035afa   0x08035afa   0x00000008   Data   RO          332    .rodata.crm_clocks_freq_get.ahb_apb2_div_table  at32f403a_407_crm.o
    0x08035b02   0x08035b02   0x00000010   Data   RO          330    .rodata.crm_clocks_freq_get.sclk_ahb_div_table  at32f403a_407_crm.o
    0x08035b12   0x08035b12   0x00000008   Data   RO          133    .rodata.str1.1      flashx.o
    0x08035b1a   0x08035b1a   0x00000050   Data   RO         1146    .rodata.str1.1      cdc_desc.o
    0x08035b6a   0x08035b6a   0x000000c0   Data   RO         1378    .rodata.str1.1      easy_ui.o
    0x08035c2a   0x08035c2a   0x0000001f   Data   RO         1472    .rodata.str1.1      menu.o
    0x08035c49   0x08035c49   0x00000010   Data   RO            7    .rodata.system_core_clock_update.sys_ahb_div_table  system_at32f403a_407.o
    0x08035c59   0x08035c59   0x00000003   PAD
    0x08035c5c   0x08035c5c   0x00000020   Data   RO         2036    Region$$Table       anon$$obj.o
    0x08035c7c   0x08035c7c   0x0000001c   Data   RO         1879    locale$$data        c_w.l(lc_numeric_c.o)
    0x08035c98   0x08035c98   0x00000110   Data   RO         1898    locale$$data        c_w.l(lc_ctype_c.o)


    Execution Region RW_IRAM1 (Exec base: 0x20000000, Load base: 0x08035da8, Size: 0x000155d0, Max: 0x00018000, ABSOLUTE, COMPRESSED[0x00000110])

    Exec Addr    Load Addr    Size         Type   Attr      Idx    E Section Name        Object

    0x20000000   COMPRESSED   0x00000004   Data   RW         1404    .data.EasyUIDrawIndicator.y  easy_ui.o
    0x20000004   COMPRESSED   0x00000001   Data   RW         1395    .data.EasyUIGetItemPos.itemHeightOffset  easy_ui.o
    0x20000005   COMPRESSED   0x00000001   Data   RW         1552    .data.IPS_colorMode  ipscommon.o
    0x20000006   COMPRESSED   0x00000001   Data   RW         1549    .data.IPS_display_dir  ipscommon.o
    0x20000007   COMPRESSED   0x00000001   PAD
    0x20000008   COMPRESSED   0x00000002   Data   RW         1547    .data.IPS_penColor  ipscommon.o
    0x2000000a   COMPRESSED   0x00000001   Data   RW         1550    .data.IPS_x_max     ipscommon.o
    0x2000000b   COMPRESSED   0x00000001   Data   RW         1551    .data.IPS_y_max     ipscommon.o
    0x2000000c   COMPRESSED   0x00000028   Data   RW         1105    .data.cdc_class_handler  cdc_class.o
    0x20000034   COMPRESSED   0x00000028   Data   RW         1139    .data.cdc_desc_handler  cdc_desc.o
    0x2000005c   COMPRESSED   0x00000008   Data   RW         1142    .data.config_descriptor  cdc_desc.o
    0x20000064   COMPRESSED   0x00000008   Data   RW         1140    .data.device_descriptor  cdc_desc.o
    0x2000006c   COMPRESSED   0x00000004   Data   RW         1145    .data.g_string_lang_id  cdc_desc.o
    0x20000070   COMPRESSED   0x0000001a   Data   RW         1150    .data.g_string_serial  cdc_desc.o
    0x2000008a   COMPRESSED   0x00000002   Data   RW          871    .data.g_usb_offset_addr  at32f403a_407_usb.o
    0x2000008c   COMPRESSED   0x00000004   Data   RW          870    .data.g_usb_packet_address  at32f403a_407_usb.o
    0x20000090   COMPRESSED   0x00000043   Data   RW         1143    .data.g_usbd_configuration  cdc_desc.o
    0x200000d3   COMPRESSED   0x00000001   PAD
    0x200000d4   COMPRESSED   0x00000012   Data   RW         1141    .data.g_usbd_descriptor  cdc_desc.o
    0x200000e6   COMPRESSED   0x00000002   PAD
    0x200000e8   COMPRESSED   0x00000018   Data   RW         1391    .data.itemXAxisPID  easy_ui.o
    0x20000100   COMPRESSED   0x00000018   Data   RW         1390    .data.itemYAxisPID  easy_ui.o
    0x20000118   COMPRESSED   0x00000018   Data   RW         1392    .data.keyPressBoxPID  easy_ui.o
    0x20000130   COMPRESSED   0x00000008   Data   RW         1144    .data.langid_descriptor  cdc_desc.o
    0x20000138   COMPRESSED   0x00000008   Data   RW         1103    .data.linecoding    cdc_class.o
    0x20000140   COMPRESSED   0x00000001   Data   RW         1381    .data.listLoop      easy_ui.o
    0x20000141   COMPRESSED   0x00000003   PAD
    0x20000144   COMPRESSED   0x00000018   Data   RW         1393    .data.msgBoxPID     easy_ui.o
    0x2000015c   COMPRESSED   0x00000008   Data   RW         1149    .data.serial_descriptor  cdc_desc.o
    0x20000164   COMPRESSED   0x00000004   Data   RW            6    .data.system_core_clock  system_at32f403a_407.o
    0x20000168   COMPRESSED   0x0000000c   Data   RW         1002    .data.u8App2BootCmd  iap.o
    0x20000174   COMPRESSED   0x00000004   PAD
    0x20000178        -       0x00000060   Zero   RW         1839    .bss                c_w.l(libspace.o)
    0x200001d8        -       0x0000000a   Zero   RW           54    .bss.ADCs           adcx.o
    0x200001e2   COMPRESSED   0x00000002   PAD
    0x200001e4        -       0x00000010   Zero   RW         1065    .bss.CurrentFile    modem.o
    0x200001f4        -       0x00000001   Zero   RW         1415    .bss.EasyUI.itemSum  easy_ui.o
    0x200001f5        -       0x00000001   Zero   RW         1405    .bss.EasyUIDrawIndicator.lastIndex  easy_ui.o
    0x200001f6   COMPRESSED   0x00000002   PAD
    0x200001f8        -       0x00000004   Zero   RW         1403    .bss.EasyUIDrawIndicator.length  easy_ui.o
    0x200001fc        -       0x00000002   Zero   RW         1406    .bss.EasyUIDrawIndicator.lengthTarget  easy_ui.o
    0x200001fe        -       0x00000002   Zero   RW         1407    .bss.EasyUIDrawIndicator.yTarget  easy_ui.o
    0x20000200        -       0x00000001   Zero   RW         1399    .bss.EasyUIGetItemPos.lastIndex  easy_ui.o
    0x20000201   COMPRESSED   0x00000001   PAD
    0x20000202        -       0x00000002   Zero   RW         1397    .bss.EasyUIGetItemPos.move  easy_ui.o
    0x20000204        -       0x00000001   Zero   RW         1400    .bss.EasyUIGetItemPos.moveFlag  easy_ui.o
    0x20000205   COMPRESSED   0x00000001   PAD
    0x20000206        -       0x00000002   Zero   RW         1398    .bss.EasyUIGetItemPos.target  easy_ui.o
    0x20000208        -       0x00000002   Zero   RW         1396    .bss.EasyUIGetItemPos.time  easy_ui.o
    0x2000020a        -       0x00000002   Zero   RW         1417    .bss.EasyUI_DrawKeyPressTimeBox.currentHeight  easy_ui.o
    0x2000020c        -       0x00000001   Zero   RW         1420    .bss.EasyUI_MsgScrolling.i  easy_ui.o
    0x2000020d        -       0x00000014   Zero   RW         1421    .bss.EasyUI_MsgScrolling.msgBuffer  easy_ui.o
    0x20000221   COMPRESSED   0x00000003   PAD
    0x20000224        -       0x00000008   Zero   RW         1066    .bss.FileInfo       modem.o
    0x2000022c        -       0x0000000c   Zero   RW         1007    .bss.IAPTimer       iap.o
    0x20000238        -       0x00000004   Zero   RW         1031    .bss.IAPTransPtr    recv.o
    0x2000023c        -       0x00000010   Zero   RW         1004    .bss.IAPTransStr    iap.o
    0x2000024c        -       0x00000002   Zero   RW         1548    .bss.IPS_backgroundColor  ipscommon.o
    0x2000024e        -       0x00006400   Zero   RW         1553    .bss.IPS_buffer     ipscommon.o
    0x2000664e        -       0x00000001   Zero   RW         1555    .bss.IPS_display_font  ipscommon.o
    0x2000664f   COMPRESSED   0x00000001   PAD
    0x20006650        -       0x00000010   Zero   RW          951    .bss.KeyS           key.o
    0x20006660        -       0x00000018   Zero   RW          971    .bss.LEDs           led.o
    0x20006678        -       0x00000224   Zero   RW         1005    .bss.LoadingPm      iap.o
    0x2000689c        -       0x00000004   Zero   RW         1032    .bss.LoadingPmPtr   recv.o
    0x200068a0        -       0x0000000c   Zero   RW         1033    .bss.RecvFD         recv.o
    0x200068ac        -       0x0000000c   Zero   RW         1063    .bss.RecvFH         modem.o
    0x200068b8        -       0x00000018   Zero   RW         1470    .bss.XSeries        menu.o
    0x200068d0        -       0x00000018   Zero   RW         1469    .bss.ZSeries        menu.o
    0x200068e8        -       0x00000004   Zero   RW           92    .bss._NOP_MS        timerx.o
    0x200068ec        -       0x0000005c   Zero   RW         1104    .bss.cdc_struct     cdc_class.o
    0x20006948        -       0x00000001   Zero   RW         1376    .bss.currentItemIndex  easy_ui.o
    0x20006949   COMPRESSED   0x00000001   PAD
    0x2000694a        -       0x00006400   Zero   RW         1394    .bss.dspBuffer      easy_ui.o
    0x2000cd4a        -       0x00000001   Zero   RW         1380    .bss.functionIsRunning  easy_ui.o
    0x2000cd4b   COMPRESSED   0x00000001   PAD
    0x2000cd4c        -       0x00000100   Zero   RW         1147    .bss.g_usbd_desc_buffer  cdc_desc.o
    0x2000ce4c        -       0x00000004   Zero   RW         1012    .bss.iapFilePtr     iap.o
    0x2000ce50        -       0x00000048   Zero   RW         1474    .bss.iapfile1       menu.o
    0x2000ce98        -       0x00000048   Zero   RW         1475    .bss.iapfile2       menu.o
    0x2000cee0        -       0x00000048   Zero   RW         1476    .bss.iapfile3       menu.o
    0x2000cf28        -       0x00000048   Zero   RW         1477    .bss.iapfile4       menu.o
    0x2000cf70        -       0x00000048   Zero   RW         1478    .bss.iapfile5       menu.o
    0x2000cfb8        -       0x00000048   Zero   RW         1479    .bss.iapfile6       menu.o
    0x2000d000        -       0x00000048   Zero   RW         1480    .bss.iapfile7       menu.o
    0x2000d048        -       0x00000048   Zero   RW         1481    .bss.iapfile8       menu.o
    0x2000d090        -       0x0000000a   Zero   RW         1374    .bss.itemIndex      easy_ui.o
    0x2000d09a        -       0x00000001   Zero   RW         1389    .bss.keyPressBoxDrawn  easy_ui.o
    0x2000d09b        -       0x00000014   Zero   RW         1388    .bss.keyPressTimeStr  easy_ui.o
    0x2000d0af        -       0x00000001   Zero   RW         1375    .bss.layer          easy_ui.o
    0x2000d0b0        -       0x00000014   Zero   RW         1416    .bss.msgBox         easy_ui.o
    0x2000d0c4        -       0x00000001   Zero   RW         1418    .bss.msgBoxExist    easy_ui.o
    0x2000d0c5        -       0x00000001   Zero   RW         1410    .bss.opnBackward    easy_ui.o
    0x2000d0c6        -       0x00000001   Zero   RW         1414    .bss.opnDown        easy_ui.o
    0x2000d0c7        -       0x00000001   Zero   RW         1411    .bss.opnEnter       easy_ui.o
    0x2000d0c8        -       0x00000001   Zero   RW         1412    .bss.opnExit        easy_ui.o
    0x2000d0c9        -       0x00000001   Zero   RW         1409    .bss.opnForward     easy_ui.o
    0x2000d0ca        -       0x00000001   Zero   RW         1413    .bss.opnUp          easy_ui.o
    0x2000d0cb   COMPRESSED   0x00000001   PAD
    0x2000d0cc        -       0x00000004   Zero   RW         1371    .bss.pageHead       easy_ui.o
    0x2000d0d0        -       0x0000000a   Zero   RW         1373    .bss.pageIndex      easy_ui.o
    0x2000d0da   COMPRESSED   0x00000002   PAD
    0x2000d0dc        -       0x00000004   Zero   RW         1372    .bss.pageTail       easy_ui.o
    0x2000d0e0        -       0x00000001   Zero   RW         1556    .bss.reversedColor  ipscommon.o
    0x2000d0e1        -       0x00006400   Zero   RW         1554    .bss.spi_tx_buffer  ipscommon.o
    0x200134e1        -       0x00000002   Zero   RW          172    .bss.spi_write_16bit.temp_buffer  spix.o
    0x200134e3        -       0x00000001   Zero   RW          171    .bss.spi_write_8bit.temp_buffer  spix.o
    0x200134e4   COMPRESSED   0x00000004   PAD
    0x200134e8        -       0x00000048   Zero   RW         1473    .bss.titileXSerie   menu.o
    0x20013530        -       0x00000048   Zero   RW         1471    .bss.titileZSerie   menu.o
    0x20013578        -       0x00000001   Zero   RW         1377    .bss.transType      easy_ui.o
    0x20013579   COMPRESSED   0x00000003   PAD
    0x2001357c        -       0x00000004   Zero   RW         1385    .bss.u32AnimationTick  easy_ui.o
    0x20013580        -       0x00000004   Zero   RW         1009    .bss.u32AppFlashAddr  iap.o
    0x20013584        -       0x00000004   Zero   RW         1408    .bss.u32EasyUITick  easy_ui.o
    0x20013588        -       0x00000004   Zero   RW         1067    .bss.u32FrameRecvOvertime  modem.o
    0x2001358c        -       0x00000004   Zero   RW         1010    .bss.u32IAPFileLength  iap.o
    0x20013590        -       0x00000004   Zero   RW         1386    .bss.u32MsgDSPTick  easy_ui.o
    0x20013594        -       0x00000004   Zero   RW           90    .bss.u32SysTick1ms  timerx.o
    0x20013598        -       0x00000004   Zero   RW           89    .bss.u32Time1s      timerx.o
    0x2001359c        -       0x00000004   Zero   RW         1011    .bss.u32ZSeriesTransTick  iap.o
    0x200135a0        -       0x00000001   Zero   RW         1383    .bss.u8AnimationState  easy_ui.o
    0x200135a1        -       0x00000001   Zero   RW         1384    .bss.u8AnimationStep  easy_ui.o
    0x200135a2        -       0x00000001   Zero   RW           91    .bss.u8BaseTimerEn  timerx.o
    0x200135a3        -       0x00001000   Zero   RW          153    .bss.u8CdcRxBuffer  usb.o
    0x200145a3        -       0x00000007   Zero   RW         1069    .bss.u8CdcTxBuffer  modem.o
    0x200145aa        -       0x00000001   Zero   RW         1035    .bss.u8CheckSumIndex  recv.o
    0x200145ab        -       0x00000001   Zero   RW          131    .bss.u8FileDownLoadFlag  flashx.o
    0x200145ac        -       0x00000001   Zero   RW         1059    .bss.u8FileDownloadStart  modem.o
    0x200145ad        -       0x00000001   Zero   RW         1062    .bss.u8FileIndex    modem.o
    0x200145ae        -       0x00000080   Zero   RW         1060    .bss.u8FileName     modem.o
    0x2001462e        -       0x00000100   Zero   RW         1484    .bss.u8FileNames    menu.o
    0x2001472e        -       0x00000001   Zero   RW         1008    .bss.u8IAPOutFlag   iap.o
    0x2001472f        -       0x00000212   Zero   RW         1003    .bss.u8IAPRxBuffer  iap.o
    0x20014941   COMPRESSED   0x00000003   PAD
    0x20014944        -       0x00000004   Zero   RW         1030    .bss.u8IAPRxPtr     recv.o
    0x20014948        -       0x00000001   Zero   RW         1419    .bss.u8IAPTransMode  easy_ui.o
    0x20014949        -       0x00000212   Zero   RW         1006    .bss.u8IAPTxBuffer  iap.o
    0x20014b5b        -       0x00000001   Zero   RW         1387    .bss.u8KeyPressedHint  easy_ui.o
    0x20014b5c        -       0x00000001   Zero   RW          950    .bss.u8KeyShortTick  key.o
    0x20014b5d        -       0x00000212   Zero   RW         1064    .bss.u8RecvModemFH  modem.o
    0x20014d6f        -       0x00000007   Zero   RW         1034    .bss.u8RecvNormalFD  recv.o
    0x20014d76        -       0x0000000c   Zero   RW         1068    .bss.u8RecvNormalFH  modem.o
    0x20014d82        -       0x00000001   Zero   RW           88    .bss.u8Time100ms    timerx.o
    0x20014d83        -       0x00000001   Zero   RW           87    .bss.u8Time1ms      timerx.o
    0x20014d84        -       0x00000001   Zero   RW         1382    .bss.u8TransEndFlag  easy_ui.o
    0x20014d85        -       0x00000001   Zero   RW         1061    .bss.u8UpgradeFlag  modem.o
    0x20014d86        -       0x00000001   Zero   RW           86    .bss.u8timerFlag    timerx.o
    0x20014d87   COMPRESSED   0x00000001   PAD
    0x20014d88        -       0x0000022c   Zero   RW          154    .bss.usb_core_dev   usb.o
    0x20014fb4        -       0x00000010   Zero   RW          152    .bss.usb_rx_ringbuffer  usb.o
    0x20014fc4        -       0x00000001   Zero   RW         1260    .bss.usbd_set_configuration.config_value  usbd_sdr.o
    0x20014fc5   COMPRESSED   0x00000003   PAD
    0x20014fc8        -       0x00000008   Zero   RW         1148    .bss.vp_desc        cdc_desc.o
    0x20014fd0        -       0x00000200   Zero   RW           15    HEAP                startup_at32f403a_407.o
    0x200151d0        -       0x00000400   Zero   RW           14    STACK               startup_at32f403a_407.o


==============================================================================

Image component sizes


      Code (inc. data)   RO Data    RW Data    ZI Data      Debug   Object Name

       592          0          0          0         10      19547   adcx.o
       150          0          0          0          0       3274   at32f403a_407_acc.o
       812          0          0          0          0      15733   at32f403a_407_adc.o
      1666          6         40          0          0      20581   at32f403a_407_crm.o
       770          0          0          0          0       8866   at32f403a_407_dma.o
      1434          0          0          0          0      14429   at32f403a_407_flash.o
       548          0          0          0          0      14703   at32f403a_407_gpio.o
       370          0          0          0          0       6512   at32f403a_407_misc.o
       550          0          0          0          0      12078   at32f403a_407_spi.o
      1196         32          0          0          0      23619   at32f403a_407_tmr.o
       820          0          0          0          0      10279   at32f403a_407_usart.o
      2700          0          0          6          0      13395   at32f403a_407_usb.o
       996         12          0         48         92       8803   cdc_class.o
       566          0         80        187        264       3314   cdc_desc.o
       398          0          0          0          0       5337   chry_ringbuffer.o
      7378         50        192        102      25738      12382   easy_ui.o
       550          0          8          0          1       4194   flashx.o
         0          0        552          0          0        664   font.o
      3872         28          0         12       1653       8150   iap.o
      7332         32          0          6      51204      16146   ipscommon.o
       372          0          0          0         17       1829   key.o
       720          0          0          0         24       6464   led.o
       498          0          0          0          0       8863   main.o
       350          0         95          0       1024       2307   menu.o
      1988         12          0          0        720       4977   modem.o
         0          0        886          0          0        479   profile_photo_erbws.o
      1538          0          0          0         32       4579   recv.o
       694          0          0          0          3      10372   spix.o
        64         26        388          0       1536        836   startup_at32f403a_407.o
       584          0         16          4          0       8114   system_at32f403a_407.o
       768          8          0          0         16      10288   timerx.o
       452          0          0          0          0       9769   uartx.o
       280          0          0          0       4668      10042   usb.o
      2578          0          0          0          0      11011   usbd_core.o
      1250          0          0          0          0       7072   usbd_int.o
      2112         18          0          0          1       8665   usbd_sdr.o

    ----------------------------------------------------------------------
     47234        224       2292        372      87036     327673   Object Totals
         0          0         32          0          0          0   (incl. Generated)
       286          0          3          7         33          0   (incl. Padding)

    ----------------------------------------------------------------------

      Code (inc. data)   RO Data    RW Data    ZI Data      Debug   Library Member Name

        58          0          0          0          0          0   __dczerorl.o
         8          0          0          0          0         68   __main.o
       392          4         17          0          0         92   __printf_flags_ss_wp.o
        14          0          0          0          0         68   __printf_wp.o
         0          0          0          0          0          0   __rtentry.o
        12          0          0          0          0          0   __rtentry2.o
         6          0          0          0          0          0   __rtentry4.o
        52          8          0          0          0          0   __scatter.o
        28          0          0          0          0          0   __scatter_zi.o
        72          0          0          0          0         96   _c16rtomb.o
         6          0          0          0          0          0   _printf_a.o
         6          0          0          0          0          0   _printf_c.o
        44          0          0          0          0        108   _printf_char.o
        48          6          0          0          0         96   _printf_char_common.o
        40          0          0          0          0         68   _printf_charcount.o
         6          0          0          0          0          0   _printf_d.o
       120         16          0          0          0         92   _printf_dec.o
         6          0          0          0          0          0   _printf_e.o
         6          0          0          0          0          0   _printf_f.o
      1052          0          0          0          0        148   _printf_fp_dec.o
       764          8         38          0          0        100   _printf_fp_hex.o
       128         16          0          0          0         84   _printf_fp_infnan.o
         6          0          0          0          0          0   _printf_g.o
       148          4         40          0          0        160   _printf_hex_int_ll_ptr.o
         6          0          0          0          0          0   _printf_i.o
       178          0          0          0          0         88   _printf_intcommon.o
        10          0          0          0          0          0   _printf_l.o
         6          0          0          0          0          0   _printf_lc.o
        10          0          0          0          0          0   _printf_ll.o
         6          0          0          0          0          0   _printf_lld.o
         6          0          0          0          0          0   _printf_lli.o
         6          0          0          0          0          0   _printf_llo.o
         6          0          0          0          0          0   _printf_llu.o
         6          0          0          0          0          0   _printf_llx.o
       124         16          0          0          0         92   _printf_longlong_dec.o
         6          0          0          0          0          0   _printf_ls.o
         6          0          0          0          0          0   _printf_n.o
         6          0          0          0          0          0   _printf_o.o
       112          8          0          0          0        124   _printf_oct_int_ll.o
         6          0          0          0          0          0   _printf_p.o
        78          0          0          0          0        108   _printf_pad.o
         0          0          0          0          0          0   _printf_percent.o
         4          0          0          0          0          0   _printf_percent_end.o
         6          0          0          0          0          0   _printf_s.o
        82          0          0          0          0         80   _printf_str.o
        36          0          0          0          0         84   _printf_truncate.o
         6          0          0          0          0          0   _printf_u.o
        44          0          0          0          0        108   _printf_wchar.o
       188          6          8          0          0         92   _printf_wctomb.o
         6          0          0          0          0          0   _printf_x.o
        22          0          0          0          0        100   _rserrno.o
        10          0          0          0          0         68   _sputc.o
       228          4        148          0          0         96   bigflt0.o
      1936        128          0          0          0        668   btod.o
        18          0          0          0          0         80   exit.o
         6          0          0          0          0        152   heapauxi.o
         0          0          0          0          0          0   indicate_semi.o
        44         10        272          0          0         76   lc_ctype_c.o
        44         10         28          0          0         76   lc_numeric_c.o
         2          0          0          0          0          0   libinit.o
        34          0          0          0          0          0   libinit2.o
         2          0          0          0          0          0   libshutdown.o
         2          0          0          0          0          0   libshutdown2.o
         8          4          0          0         96         68   libspace.o
       138          0          0          0          0         80   lludiv10.o
        16          4          0          0          0         76   rt_ctype_table.o
         8          4          0          0          0         68   rt_errno_addr_intlibspace.o
         8          4          0          0          0         68   rt_locale_intlibspace.o
        68          0          0          0          0         68   rt_memclr.o
        78          0          0          0          0         80   rt_memclr_w.o
       138          0          0          0          0         68   rt_memcpy_v6.o
       100          0          0          0          0         80   rt_memcpy_w.o
         2          0          0          0          0          0   rtexit.o
        10          0          0          0          0          0   rtexit2.o
        44          6          0          0          0         84   sprintf.o
       124          0          0          0          0         88   strcmpv7em.o
        62          0          0          0          0         76   strlen.o
        86          0          0          0          0         76   strncpy.o
        12          4          0          0          0         68   sys_exit.o
        74          0          0          0          0         80   sys_stackheap_outer.o
         2          0          0          0          0         68   use_no_semi.o
        24          0          0          0          0        164   basic.o
       834         16          0          0          0        516   daddsub_clz.o
        16          4          0          0          0        116   dcheck1.o
        24          0          0          0          0        116   dcmpi.o
       692        140          0          0          0        264   ddiv.o
        94          4          0          0          0        140   dfix.o
        90          4          0          0          0        140   dfixu.o
        84          0          0          0          0        232   dflt_clz.o
       120          4          0          0          0        140   dleqf.o
       340         12          0          0          0        152   dmul.o
       156          4          0          0          0        140   dnaninf.o
        12          0          0          0          0        116   dretinf.o
       108          0          0          0          0        128   drleqf.o
       408         56          0          0          0        168   dsqrt_umaal.o
        26          0          0          0          0        116   fpinit.o
         4          0          0          0          0        116   printf1.o
         4          0          0          0          0        116   printf2.o
       100          0          0          0          0        116   retnan.o
        92          0          0          0          0        116   scalbn.o
        48          0          0          0          0        116   trapv.o
         0          0          0          0          0          0   usenofp.o
       200         20          0          0          0        164   cos.o
       368         46         48          0          0        200   cos_i.o
       184         44          0          0          0        744   dunder.o
        24          0          0          0          0        124   fabs.o
        48          0          0          0          0        124   fpclassify.o
       248          0          0          0          0        152   poly.o
      3168        296        136          0          0        352   pow.o
         0          0          8          0          0          0   qnan.o
      1080        142        204          0          0        188   rred.o
       304         24         40          0          0        208   sin_i.o
       232          0          0          0          0        296   sqrt.o

    ----------------------------------------------------------------------
     16458       1086       1000          0         96      10248   Library Totals
        28          0         13          0          0          0   (incl. Padding)

    ----------------------------------------------------------------------

      Code (inc. data)   RO Data    RW Data    ZI Data      Debug   Library Name

      7298        270        551          0         96       4468   c_w.l
      3276        244          0          0          0       3228   fz_wm.l
      5856        572        436          0          0       2552   m_wm.l

    ----------------------------------------------------------------------
     16458       1086       1000          0         96      10248   Library Totals

    ----------------------------------------------------------------------

==============================================================================


      Code (inc. data)   RO Data    RW Data    ZI Data      Debug   

     63692       1310       3292        372      87132     331137   Grand Totals
     63692       1310       3292        272      87132     331137   ELF Image Totals (compressed)
     63692       1310       3292        272          0          0   ROM Totals

==============================================================================

    Total RO  Size (Code + RO Data)                66984 (  65.41kB)
    Total RW  Size (RW Data + ZI Data)             87504 (  85.45kB)
    Total ROM Size (Code + RO Data + RW Data)      67256 (  65.68kB)

==============================================================================

