Component: ARM Compiler 6.16 Tool: armlink [5dfeaa00]

==============================================================================

Image Symbol Table

    Local Symbols

    Symbol Name                              Value     Ov Type        Size  Object(Section)

    ../clib/angel/boardlib.s                 0x00000000   Number         0  boardinit1.o ABSOLUTE
    ../clib/angel/boardlib.s                 0x00000000   Number         0  boardinit2.o ABSOLUTE
    ../clib/angel/boardlib.s                 0x00000000   Number         0  boardinit3.o ABSOLUTE
    ../clib/angel/boardlib.s                 0x00000000   Number         0  boardshut.o ABSOLUTE
    ../clib/angel/dczerorl2.s                0x00000000   Number         0  __dczerorl2.o ABSOLUTE
    ../clib/angel/handlers.s                 0x00000000   Number         0  __scatter_zi.o ABSOLUTE
    ../clib/angel/kernel.s                   0x00000000   Number         0  __rtentry.o ABSOLUTE
    ../clib/angel/kernel.s                   0x00000000   Number         0  __rtentry2.o ABSOLUTE
    ../clib/angel/kernel.s                   0x00000000   Number         0  __rtentry4.o ABSOLUTE
    ../clib/angel/kernel.s                   0x00000000   Number         0  rtexit.o ABSOLUTE
    ../clib/angel/kernel.s                   0x00000000   Number         0  rtexit2.o ABSOLUTE
    ../clib/angel/rt.s                       0x00000000   Number         0  rt_errno_addr.o ABSOLUTE
    ../clib/angel/rt.s                       0x00000000   Number         0  rt_errno_addr_intlibspace.o ABSOLUTE
    ../clib/angel/rt.s                       0x00000000   Number         0  rt_ctype_table.o ABSOLUTE
    ../clib/angel/rt.s                       0x00000000   Number         0  rt_locale.o ABSOLUTE
    ../clib/angel/rt.s                       0x00000000   Number         0  rt_locale_intlibspace.o ABSOLUTE
    ../clib/angel/rt.s                       0x00000000   Number         0  rt_raise.o ABSOLUTE
    ../clib/angel/scatter.s                  0x00000000   Number         0  __scatter.o ABSOLUTE
    ../clib/angel/startup.s                  0x00000000   Number         0  __main.o ABSOLUTE
    ../clib/angel/sys.s                      0x00000000   Number         0  libspace.o ABSOLUTE
    ../clib/angel/sys.s                      0x00000000   Number         0  sys_stackheap_outer.o ABSOLUTE
    ../clib/angel/sys.s                      0x00000000   Number         0  use_no_semi.o ABSOLUTE
    ../clib/angel/sys.s                      0x00000000   Number         0  indicate_semi.o ABSOLUTE
    ../clib/angel/sysapp.c                   0x00000000   Number         0  sys_exit.o ABSOLUTE
    ../clib/angel/sysapp.c                   0x00000000   Number         0  sys_exit_hlt.o ABSOLUTE
    ../clib/angel/sysapp.c                   0x00000000   Number         0  sys_command.o ABSOLUTE
    ../clib/angel/sysapp.c                   0x00000000   Number         0  sys_command_hlt.o ABSOLUTE
    ../clib/angel/sysapp.c                   0x00000000   Number         0  sys_wrch.o ABSOLUTE
    ../clib/angel/sysapp.c                   0x00000000   Number         0  sys_wrch_hlt.o ABSOLUTE
    ../clib/armsys.c                         0x00000000   Number         0  argv_veneer.o ABSOLUTE
    ../clib/armsys.c                         0x00000000   Number         0  argv_veneer.o ABSOLUTE
    ../clib/armsys.c                         0x00000000   Number         0  _get_argv_nomalloc.o ABSOLUTE
    ../clib/armsys.c                         0x00000000   Number         0  no_argv.o ABSOLUTE
    ../clib/bigflt.c                         0x00000000   Number         0  bigflt0.o ABSOLUTE
    ../clib/btod.s                           0x00000000   Number         0  btod.o ABSOLUTE
    ../clib/btod_accurate.c                  0x00000000   Number         0  btod_accurate.o ABSOLUTE
    ../clib/btod_accurate.c                  0x00000000   Number         0  btod_accurate_common.o ABSOLUTE
    ../clib/fenv.c                           0x00000000   Number         0  _rserrno.o ABSOLUTE
    ../clib/heapalloc.c                      0x00000000   Number         0  hrguard.o ABSOLUTE
    ../clib/heapaux.c                        0x00000000   Number         0  heapauxi.o ABSOLUTE
    ../clib/libinit.s                        0x00000000   Number         0  libinit.o ABSOLUTE
    ../clib/libinit.s                        0x00000000   Number         0  libinit2.o ABSOLUTE
    ../clib/libinit.s                        0x00000000   Number         0  libshutdown.o ABSOLUTE
    ../clib/libinit.s                        0x00000000   Number         0  libshutdown2.o ABSOLUTE
    ../clib/locale.c                         0x00000000   Number         0  _c16rtomb.o ABSOLUTE
    ../clib/locale.s                         0x00000000   Number         0  lc_numeric_c.o ABSOLUTE
    ../clib/locale.s                         0x00000000   Number         0  lc_ctype_c.o ABSOLUTE
[...]
    __fpl_dcheck_NaN1                        0x0801d35d   Thumb Code    10  dcheck1.o(x$fpl$dcheck1)
    __fpl_dcmp_Inf                           0x0801d36d   Thumb Code    24  dcmpi.o(x$fpl$dcmpinf)
    __aeabi_ddiv                             0x0801d385   Thumb Code     0  ddiv.o(x$fpl$ddiv)
    _ddiv                                    0x0801d385   Thumb Code   556  ddiv.o(x$fpl$ddiv)
    __aeabi_d2iz                             0x0801d639   Thumb Code     0  dfix.o(x$fpl$dfix)
    _dfix                                    0x0801d639   Thumb Code    94  dfix.o(x$fpl$dfix)
    __aeabi_i2d                              0x0801d697   Thumb Code     0  dflt_clz.o(x$fpl$dflt)
    _dflt                                    0x0801d697   Thumb Code    46  dflt_clz.o(x$fpl$dflt)
    __aeabi_ui2d                             0x0801d6c5   Thumb Code     0  dflt_clz.o(x$fpl$dfltu)
    _dfltu                                   0x0801d6c5   Thumb Code    38  dflt_clz.o(x$fpl$dfltu)
    __aeabi_cdcmple                          0x0801d6ed   Thumb Code     0  dleqf.o(x$fpl$dleqf)
    _dcmple                                  0x0801d6ed   Thumb Code   120  dleqf.o(x$fpl$dleqf)
    __fpl_dcmple_InfNaN                      0x0801d74f   Thumb Code     0  dleqf.o(x$fpl$dleqf)
    __aeabi_dmul                             0x0801d765   Thumb Code     0  dmul.o(x$fpl$dmul)
    _dmul                                    0x0801d765   Thumb Code   332  dmul.o(x$fpl$dmul)
    __fpl_dnaninf                            0x0801d8b9   Thumb Code   156  dnaninf.o(x$fpl$dnaninf)
    __fpl_dretinf                            0x0801d955   Thumb Code    12  dretinf.o(x$fpl$dretinf)
    __aeabi_cdrcmple                         0x0801d961   Thumb Code     0  drleqf.o(x$fpl$drleqf)
    _drcmple                                 0x0801d961   Thumb Code   108  drleqf.o(x$fpl$drleqf)
    __aeabi_drsub                            0x0801d9cd   Thumb Code     0  daddsub_clz.o(x$fpl$drsb)
    _drsb                                    0x0801d9cd   Thumb Code    22  daddsub_clz.o(x$fpl$drsb)
    _dsqrt                                   0x0801d9e5   Thumb Code   404  dsqrt_umaal.o(x$fpl$dsqrt)
    __aeabi_dsub                             0x0801db7d   Thumb Code     0  daddsub_clz.o(x$fpl$dsub)
    _dsub                                    0x0801db7d   Thumb Code   472  daddsub_clz.o(x$fpl$dsub)
    _fp_init                                 0x0801dd59   Thumb Code    26  fpinit.o(x$fpl$fpinit)
    __fplib_config_fpu_vfp                   0x0801dd71   Thumb Code     0  fpinit.o(x$fpl$fpinit)
    __fplib_config_pureend_doubles           0x0801dd71   Thumb Code     0  fpinit.o(x$fpl$fpinit)
    _printf_fp_dec                           0x0801dd73   Thumb Code     4  printf1.o(x$fpl$printf1)
    _printf_fp_hex                           0x0801dd77   Thumb Code     4  printf2.o(x$fpl$printf2)
    __fpl_return_NaN                         0x0801dd7b   Thumb Code   100  retnan.o(x$fpl$retnan)
    __ARM_scalbn                             0x0801dddf   Thumb Code    92  scalbn.o(x$fpl$scalbn)
    __fpl_cmpreturn                          0x0801de3b   Thumb Code    48  trapv.o(x$fpl$trapveneer)
    __I$use$fp                               0x0801de6a   Number         0  usenofp.o(x$fpl$usenofp)
    __mathlib_zero                           0x0801df70   Data           8  qnan.o(.constdata)
    DAPLink_logo                             0x0801e12c   Data         738  profile_photo_erbws.o(.rodata.DAPLink_logo)
    USBD_BinaryObjectStoreDescriptor         0x0801e514   Data          33  dap_descriptors.o(.rodata.USBD_BinaryObjectStoreDescriptor)
    USBD_WinUSBDescriptorSetDescriptor       0x0801e535   Data         170  dap_descriptors.o(.rodata.USBD_WinUSBDescriptorSetDescriptor)
    ascii_font_6x8                           0x0801e5df   Data         552  font.o(.rodata.ascii_font_6x8)
    ascii_font_8x16                          0x0801e807   Data        1520  font.o(.rodata.ascii_font_8x16)
    Region$$Table$$Base                      0x0801ee58   Number         0  anon$$obj.o(Region$$Table)
    Region$$Table$$Limit                     0x0801ee78   Number         0  anon$$obj.o(Region$$Table)
    __ctype                                  0x0801eea1   Data           0  lc_ctype_c.o(locale$$data)
    IPS096_penColor                          0x20000002   Data           2  ips096.o(.data.IPS096_penColor)
    bos_desc                                 0x20000004   Data           8  dap_descriptors.o(.data.bos_desc)
    cmsisdap_descriptor                      0x2000002c   Data         227  dap_descriptors.o(.data.cmsisdap_descriptor)
    keyPressBoxPID                           0x20000124   Data          24  easy_ui.o(.data.keyPressBoxPID)
    msosv2_desc                              0x2000013c   Data           8  dap_descriptors.o(.data.msosv2_desc)
    system_core_clock                        0x20000144   Data           4  system_at32f403a_407.o(.data.system_core_clock)
    g_usbd_core                              0x20002558   Data         788  usbd_core.o(.noncacheable)
    __libspace_start                         0x20003870   Data          96  libspace.o(.bss)
    ADCs                                     0x200038d0   Data          10  adcx.o(.bss.ADCs)
    __temporary_stack_top$libspace           0x200038d0   Data           0  libspace.o(.bss)
    DAP_Data                                 0x200038dc   Data          28  dap.o(.bss.DAP_Data)
    DAP_TransferAbort                        0x200038f8   Data           1  dap.o(.bss.DAP_TransferAbort)
    IC_UID                                   0x200038fc   Data           4  dap_main.o(.bss.IC_UID)
    IPS096_backgroundColor                   0x20003900   Data           2  ips096.o(.bss.IPS096_backgroundColor)
    KeyS                                     0x20009d02   Data          12  key.o(.bss.KeyS)
    dap_intf                                 0x20009d64   Data          28  dap_main.o(.bss.dap_intf)
    g_fsdev_udc                              0x20009d90   Data         400  usb_dc_fsdev.o(.bss.g_fsdev_udc)
    g_usbdev_bus                             0x20009f20   Data           8  usbd_core.o(.bss.g_usbdev_bus)
    intf1                                    0x20009f28   Data          28  dap_main.o(.bss.intf1)
    intf2                                    0x20009f44   Data          28  dap_main.o(.bss.intf2)
    intf3                                    0x20009f60   Data          28  dap_main.o(.bss.intf3)
    intf4                                    0x20009f7c   Data          28  dap_main.o(.bss.intf4)
    keyPressBoxDrawn                         0x20009f99   Data           1  easy_ui.o(.bss.keyPressBoxDrawn)
    keyPressTimeStr                          0x20009f9a   Data          20  easy_ui.o(.bss.keyPressTimeStr)
    opnBackward                              0x20009fae   Data           1  easy_ui.o(.bss.opnBackward)
    opnDown                                  0x20009faf   Data           1  easy_ui.o(.bss.opnDown)
    opnEnter                                 0x20009fb0   Data           1  easy_ui.o(.bss.opnEnter)
    opnExit                                  0x20009fb1   Data           1  easy_ui.o(.bss.opnExit)
    opnForward                               0x20009fb2   Data           1  easy_ui.o(.bss.opnForward)
    opnUp                                    0x20009fb3   Data           1  easy_ui.o(.bss.opnUp)
    reversedColor                            0x20009fb4   Data           1  ips096.o(.bss.reversedColor)
    u32AnimationTick                         0x200103b8   Data           4  easy_ui.o(.bss.u32AnimationTick)
    u32EasyUITick                            0x200103bc   Data           4  easy_ui.o(.bss.u32EasyUITick)
    u32MsgDSPTick                            0x200103c0   Data           4  easy_ui.o(.bss.u32MsgDSPTick)
    u32SysTick1ms                            0x200103c4   Data           4  timerx.o(.bss.u32SysTick1ms)
    u32Time1s                                0x200103c8   Data           4  timerx.o(.bss.u32Time1s)
    u8AnimationState                         0x200103cc   Data           1  easy_ui.o(.bss.u8AnimationState)
    u8AnimationStep                          0x200103cd   Data           1  easy_ui.o(.bss.u8AnimationStep)
    u8KeyPressedHint                         0x200103ce   Data           1  easy_ui.o(.bss.u8KeyPressedHint)
    u8KeyShortTick                           0x200103cf   Data           1  key.o(.bss.u8KeyShortTick)
    u8PicReDrawn                             0x200103d0   Data           1  easy_ui.o(.bss.u8PicReDrawn)
    u8Time100ms                              0x200103d1   Data           1  timerx.o(.bss.u8Time100ms)
    u8Time1ms                                0x200103d2   Data           1  timerx.o(.bss.u8Time1ms)
    u8timerFlag                              0x200103d3   Data           1  timerx.o(.bss.u8timerFlag)
    usart1_state                             0x200103d4   Data          48  drv_usb2uart.o(.bss.usart1_state)
    user_param                               0x20010404   Data          10  user_param.o(.bss.user_param)



==============================================================================

Memory Map of the image

  Image Entry point : 0x0800c985

  Load Region LR_IROM1 (Base: 0x0800c800, Size: 0x00016018, Max: 0x00019000, ABSOLUTE, COMPRESSED[0x00012910])

    Execution Region ER_IROM1 (Exec base: 0x0800c800, Load base: 0x0800c800, Size: 0x000127a4, Max: 0x00019000, ABSOLUTE)

    Exec Addr    Load Addr    Size         Type   Attr      Idx    E Section Name        Object

    0x0800c800   0x0800c800   0x00000184   Data   RO           51    RESET               startup_at32f403a_407.o
    0x0800c984   0x0800c984   0x00000008   Code   RO         1728  * !!!main             c_w.l(__main.o)
    0x0800c98c   0x0800c98c   0x00000034   Code   RO         2185    !!!scatter          c_w.l(__scatter.o)
    0x0800c9c0   0x0800c9c0   0x0000005a   Code   RO         2183    !!dczerorl2         c_w.l(__dczerorl2.o)
    0x0800ca1a   0x0800ca1a   0x00000002   PAD
    0x0800ca1c   0x0800ca1c   0x0000001c   Code   RO         2187    !!handler_zi        c_w.l(__scatter_zi.o)
    0x0800ca38   0x0800ca38   0x00000000   Code   RO         1861    .ARM.Collect$$_printf_percent$$00000000  c_w.l(_printf_percent.o)
    0x0800ca38   0x0800ca38   0x00000006   Code   RO         1850    .ARM.Collect$$_printf_percent$$00000001  c_w.l(_printf_n.o)
    0x0800ca3e   0x0800ca3e   0x00000006   Code   RO         1852    .ARM.Collect$$_printf_percent$$00000002  c_w.l(_printf_p.o)
    0x0800ca44   0x0800ca44   0x00000006   Code   RO         1857    .ARM.Collect$$_printf_percent$$00000003  c_w.l(_printf_f.o)
    0x0800ca4a   0x0800ca4a   0x00000006   Code   RO         1858    .ARM.Collect$$_printf_percent$$00000004  c_w.l(_printf_e.o)
    0x0800ca50   0x0800ca50   0x00000006   Code   RO         1859    .ARM.Collect$$_printf_percent$$00000005  c_w.l(_printf_g.o)
    0x0800ca56   0x0800ca56   0x00000006   Code   RO         1860    .ARM.Collect$$_printf_percent$$00000006  c_w.l(_printf_a.o)
    0x0800ca5c   0x0800ca5c   0x0000000a   Code   RO         1865    .ARM.Collect$$_printf_percent$$00000007  c_w.l(_printf_ll.o)
    0x0800ca66   0x0800ca66   0x00000006   Code   RO         1854    .ARM.Collect$$_printf_percent$$00000008  c_w.l(_printf_i.o)
    0x0800ca6c   0x0800ca6c   0x00000006   Code   RO         1855    .ARM.Collect$$_printf_percent$$00000009  c_w.l(_printf_d.o)
    0x0800ca72   0x0800ca72   0x00000006   Code   RO         1856    .ARM.Collect$$_printf_percent$$0000000A  c_w.l(_printf_u.o)
    0x0800ca78   0x0800ca78   0x00000006   Code   RO         1853    .ARM.Collect$$_printf_percent$$0000000B  c_w.l(_printf_o.o)
    0x0800ca7e   0x0800ca7e   0x00000006   Code   RO         1851    .ARM.Collect$$_printf_percent$$0000000C  c_w.l(_printf_x.o)
    0x0800ca84   0x0800ca84   0x00000006   Code   RO         1862    .ARM.Collect$$_printf_percent$$0000000D  c_w.l(_printf_lli.o)
    0x0800ca8a   0x0800ca8a   0x00000006   Code   RO         1863    .ARM.Collect$$_printf_percent$$0000000E  c_w.l(_printf_lld.o)
    0x0800ca90   0x0800ca90   0x00000006   Code   RO         1864    .ARM.Collect$$_printf_percent$$0000000F  c_w.l(_printf_llu.o)
    0x0800ca96   0x0800ca96   0x00000006   Code   RO         1869    .ARM.Collect$$_printf_percent$$00000010  c_w.l(_printf_llo.o)
    0x0800ca9c   0x0800ca9c   0x00000006   Code   RO         1870    .ARM.Collect$$_printf_percent$$00000011  c_w.l(_printf_llx.o)
    0x0800caa2   0x0800caa2   0x0000000a   Code   RO         1866    .ARM.Collect$$_printf_percent$$00000012  c_w.l(_printf_l.o)
    0x0800caac   0x0800caac   0x00000006   Code   RO         1848    .ARM.Collect$$_printf_percent$$00000013  c_w.l(_printf_c.o)
    0x0800cab2   0x0800cab2   0x00000006   Code   RO         1849    .ARM.Collect$$_printf_percent$$00000014  c_w.l(_printf_s.o)
    0x0800cab8   0x0800cab8   0x00000006   Code   RO         1867    .ARM.Collect$$_printf_percent$$00000015  c_w.l(_printf_lc.o)
    0x0800cabe   0x0800cabe   0x00000006   Code   RO         1868    .ARM.Collect$$_printf_percent$$00000016  c_w.l(_printf_ls.o)
    0x0800cac4   0x0800cac4   0x00000004   Code   RO         1977    .ARM.Collect$$_printf_percent$$00000017  c_w.l(_printf_percent_end.o)
    0x0800cac8   0x0800cac8   0x00000002   Code   RO         2035    .ARM.Collect$$libinit$$00000000  c_w.l(libinit.o)
    0x0800caca   0x0800caca   0x00000004   Code   RO         2049    .ARM.Collect$$libinit$$00000001  c_w.l(libinit2.o)
    0x0800cace   0x0800cace   0x00000000   Code   RO         2052    .ARM.Collect$$libinit$$00000004  c_w.l(libinit2.o)
    0x0800cace   0x0800cace   0x00000000   Code   RO         2055    .ARM.Collect$$libinit$$0000000A  c_w.l(libinit2.o)
    0x0800cace   0x0800cace   0x00000000   Code   RO         2057    .ARM.Collect$$libinit$$0000000C  c_w.l(libinit2.o)
    0x0800cace   0x0800cace   0x00000000   Code   RO         2059    .ARM.Collect$$libinit$$0000000E  c_w.l(libinit2.o)
    0x0800cace   0x0800cace   0x00000006   Code   RO         2060    .ARM.Collect$$libinit$$0000000F  c_w.l(libinit2.o)
    0x0800cad4   0x0800cad4   0x00000000   Code   RO         2062    .ARM.Collect$$libinit$$00000011  c_w.l(libinit2.o)
    0x0800cad4   0x0800cad4   0x0000000c   Code   RO         2063    .ARM.Collect$$libinit$$00000012  c_w.l(libinit2.o)
    0x0800cae0   0x0800cae0   0x00000000   Code   RO         2064    .ARM.Collect$$libinit$$00000013  c_w.l(libinit2.o)
    0x0800cae0   0x0800cae0   0x00000000   Code   RO         2066    .ARM.Collect$$libinit$$00000015  c_w.l(libinit2.o)
    0x0800cae0   0x0800cae0   0x0000000a   Code   RO         2067    .ARM.Collect$$libinit$$00000016  c_w.l(libinit2.o)
    0x0800caea   0x0800caea   0x00000000   Code   RO         2068    .ARM.Collect$$libinit$$00000017  c_w.l(libinit2.o)
    0x0800caea   0x0800caea   0x00000000   Code   RO         2070    .ARM.Collect$$libinit$$00000019  c_w.l(libinit2.o)
    0x0800caea   0x0800caea   0x00000000   Code   RO         2072    .ARM.Collect$$libinit$$0000001B  c_w.l(libinit2.o)
    0x0800caea   0x0800caea   0x00000000   Code   RO         2074    .ARM.Collect$$libinit$$0000001D  c_w.l(libinit2.o)
    0x0800caea   0x0800caea   0x00000000   Code   RO         2076    .ARM.Collect$$libinit$$0000001F  c_w.l(libinit2.o)
    0x0800caea   0x0800caea   0x00000000   Code   RO         2078    .ARM.Collect$$libinit$$00000021  c_w.l(libinit2.o)
    0x0800caea   0x0800caea   0x00000000   Code   RO         2080    .ARM.Collect$$libinit$$00000023  c_w.l(libinit2.o)
    0x0800caea   0x0800caea   0x00000000   Code   RO         2082    .ARM.Collect$$libinit$$00000025  c_w.l(libinit2.o)
    0x0800caea   0x0800caea   0x00000000   Code   RO         2086    .ARM.Collect$$libinit$$0000002C  c_w.l(libinit2.o)
    0x0800caea   0x0800caea   0x00000000   Code   RO         2088    .ARM.Collect$$libinit$$0000002E  c_w.l(libinit2.o)
    0x0800caea   0x0800caea   0x00000000   Code   RO         2090    .ARM.Collect$$libinit$$00000030  c_w.l(libinit2.o)
    0x0800caea   0x0800caea   0x00000000   Code   RO         2092    .ARM.Collect$$libinit$$00000032  c_w.l(libinit2.o)
    0x0800caea   0x0800caea   0x00000002   Code   RO         2093    .ARM.Collect$$libinit$$00000033  c_w.l(libinit2.o)
    0x0800caec   0x0800caec   0x00000002   Code   RO         2119    .ARM.Collect$$libshutdown$$00000000  c_w.l(libshutdown.o)
    0x0800caee   0x0800caee   0x00000000   Code   RO         2134    .ARM.Collect$$libshutdown$$00000002  c_w.l(libshutdown2.o)
    0x0800caee   0x0800caee   0x00000000   Code   RO         2136    .ARM.Collect$$libshutdown$$00000004  c_w.l(libshutdown2.o)
    0x0800caee   0x0800caee   0x00000000   Code   RO         2139    .ARM.Collect$$libshutdown$$00000007  c_w.l(libshutdown2.o)
    0x0800caee   0x0800caee   0x00000000   Code   RO         2142    .ARM.Collect$$libshutdown$$0000000A  c_w.l(libshutdown2.o)
    0x0800caee   0x0800caee   0x00000000   Code   RO         2144    .ARM.Collect$$libshutdown$$0000000C  c_w.l(libshutdown2.o)
    0x0800caee   0x0800caee   0x00000000   Code   RO         2147    .ARM.Collect$$libshutdown$$0000000F  c_w.l(libshutdown2.o)
    0x0800caee   0x0800caee   0x00000002   Code   RO         2148    .ARM.Collect$$libshutdown$$00000010  c_w.l(libshutdown2.o)
    0x0800caf0   0x0800caf0   0x00000000   Code   RO         1777    .ARM.Collect$$rtentry$$00000000  c_w.l(__rtentry.o)
    0x0800caf0   0x0800caf0   0x00000000   Code   RO         1941    .ARM.Collect$$rtentry$$00000002  c_w.l(__rtentry2.o)
    0x0800caf0   0x0800caf0   0x00000006   Code   RO         1953    .ARM.Collect$$rtentry$$00000004  c_w.l(__rtentry4.o)
    0x0800caf6   0x0800caf6   0x00000000   Code   RO         1943    .ARM.Collect$$rtentry$$00000009  c_w.l(__rtentry2.o)
    0x0800caf6   0x0800caf6   0x00000004   Code   RO         1944    .ARM.Collect$$rtentry$$0000000A  c_w.l(__rtentry2.o)
    0x0800cafa   0x0800cafa   0x00000000   Code   RO         1946    .ARM.Collect$$rtentry$$0000000C  c_w.l(__rtentry2.o)
    0x0800cafa   0x0800cafa   0x00000008   Code   RO         1947    .ARM.Collect$$rtentry$$0000000D  c_w.l(__rtentry2.o)
    0x0800cb02   0x0800cb02   0x00000002   Code   RO         2040    .ARM.Collect$$rtexit$$00000000  c_w.l(rtexit.o)
    0x0800cb04   0x0800cb04   0x00000000   Code   RO         2097    .ARM.Collect$$rtexit$$00000002  c_w.l(rtexit2.o)
    0x0800cb04   0x0800cb04   0x00000004   Code   RO         2098    .ARM.Collect$$rtexit$$00000003  c_w.l(rtexit2.o)
    0x0800cb08   0x0800cb08   0x00000006   Code   RO         2099    .ARM.Collect$$rtexit$$00000004  c_w.l(rtexit2.o)
    0x0800cb0e   0x0800cb0e   0x00000002   PAD
    0x0800cb10   0x0800cb10   0x00000060   Code   RO           52    .text               startup_at32f403a_407.o
    0x0800cb70   0x0800cb70   0x0000002c   Code   RO         1712    .text               c_w.l(sprintf.o)
    0x0800cb9c   0x0800cb9c   0x00000058   Code   RO         1714    .text               c_w.l(memcmp.o)
    0x0800cbf4   0x0800cbf4   0x0000003e   Code   RO         1716    .text               c_w.l(strlen.o)
    0x0800cc32   0x0800cc32   0x0000008a   Code   RO         1718    .text               c_w.l(rt_memcpy_v6.o)
    0x0800ccbc   0x0800ccbc   0x00000044   Code   RO         1722    .text               c_w.l(rt_memclr.o)
    0x0800cd00   0x0800cd00   0x0000004e   Code   RO         1724    .text               c_w.l(rt_memclr_w.o)
    0x0800cd4e   0x0800cd4e   0x00000006   Code   RO         1726    .text               c_w.l(heapauxi.o)
    0x0800cd54   0x0800cd54   0x00000016   Code   RO         1778    .text               c_w.l(_rserrno.o)
    0x0800cd6a   0x0800cd6a   0x0000004e   Code   RO         1782    .text               c_w.l(_printf_pad.o)
    0x0800cdb8   0x0800cdb8   0x00000024   Code   RO         1784    .text               c_w.l(_printf_truncate.o)
    0x0800cddc   0x0800cddc   0x00000052   Code   RO         1786    .text               c_w.l(_printf_str.o)
    0x0800ce2e   0x0800ce2e   0x00000002   PAD
    0x0800ce30   0x0800ce30   0x00000078   Code   RO         1788    .text               c_w.l(_printf_dec.o)
    0x0800cea8   0x0800cea8   0x00000028   Code   RO         1790    .text               c_w.l(_printf_charcount.o)
    0x0800ced0   0x0800ced0   0x00000030   Code   RO         1792    .text               c_w.l(_printf_char_common.o)
    0x0800cf00   0x0800cf00   0x0000000a   Code   RO         1794    .text               c_w.l(_sputc.o)
    0x0800cf0a   0x0800cf0a   0x00000002   PAD
    0x0800cf0c   0x0800cf0c   0x000000bc   Code   RO         1796    .text               c_w.l(_printf_wctomb.o)
    0x0800cfc8   0x0800cfc8   0x0000007c   Code   RO         1799    .text               c_w.l(_printf_longlong_dec.o)
    0x0800d044   0x0800d044   0x00000070   Code   RO         1805    .text               c_w.l(_printf_oct_int_ll.o)
    0x0800d0b4   0x0800d0b4   0x00000094   Code   RO         1825    .text               c_w.l(_printf_hex_int_ll_ptr.o)
    0x0800d148   0x0800d148   0x00000188   Code   RO         1845    .text               c_w.l(__printf_flags_ss_wp.o)
    0x0800d2d0   0x0800d2d0   0x00000064   Code   RO         1871    .text               c_w.l(rt_memcpy_w.o)
    0x0800d334   0x0800d334   0x00000008   Code   RO         1958    .text               c_w.l(rt_errno_addr_intlibspace.o)
    0x0800d33c   0x0800d33c   0x0000008a   Code   RO         1960    .text               c_w.l(lludiv10.o)
    0x0800d3c6   0x0800d3c6   0x000000b2   Code   RO         1962    .text               c_w.l(_printf_intcommon.o)
    0x0800d478   0x0800d478   0x0000041c   Code   RO         1964    .text               c_w.l(_printf_fp_dec.o)
    0x0800d894   0x0800d894   0x000002fc   Code   RO         1968    .text               c_w.l(_printf_fp_hex.o)
    0x0800db90   0x0800db90   0x0000002c   Code   RO         1973    .text               c_w.l(_printf_char.o)
    0x0800dbbc   0x0800dbbc   0x0000002c   Code   RO         1975    .text               c_w.l(_printf_wchar.o)
    0x0800dbe8   0x0800dbe8   0x00000048   Code   RO         1978    .text               c_w.l(_c16rtomb.o)
    0x0800dc30   0x0800dc30   0x00000008   Code   RO         1984    .text               c_w.l(libspace.o)
    0x0800dc38   0x0800dc38   0x0000004a   Code   RO         1987    .text               c_w.l(sys_stackheap_outer.o)
    0x0800dc82   0x0800dc82   0x00000002   PAD
    0x0800dc84   0x0800dc84   0x00000010   Code   RO         1989    .text               c_w.l(rt_ctype_table.o)
    0x0800dc94   0x0800dc94   0x00000008   Code   RO         1994    .text               c_w.l(rt_locale_intlibspace.o)
    0x0800dc9c   0x0800dc9c   0x00000080   Code   RO         1996    .text               c_w.l(_printf_fp_infnan.o)
    0x0800dd1c   0x0800dd1c   0x000000e4   Code   RO         1998    .text               c_w.l(bigflt0.o)
    0x0800de00   0x0800de00   0x00000012   Code   RO         2028    .text               c_w.l(exit.o)
    0x0800de12   0x0800de12   0x00000006   PAD
    0x0800de18   0x0800de18   0x0000007c   Code   RO         2047    .text               c_w.l(strcmpv7em.o)
    0x0800de94   0x0800de94   0x0000000c   Code   RO         2109    .text               c_w.l(sys_exit.o)
    0x0800dea0   0x0800dea0   0x00000002   Code   RO         2124    .text               c_w.l(use_no_semi.o)
    0x0800dea2   0x0800dea2   0x00000000   Code   RO         2126    .text               c_w.l(indicate_semi.o)
    0x0800dea2   0x0800dea2   0x00000002   PAD
    0x0800dea4   0x0800dea4   0x00000092   Code   RO          107    .text.ADCTimer_Init  timerx.o
    0x0800df36   0x0800df36   0x00000002   PAD
    0x0800df38   0x0800df38   0x0000001c   Code   RO           89    .text.ADC_GetAvgValue  adcx.o
    0x0800df54   0x0800df54   0x00000064   Code   RO           85    .text.ADC_Result_Process  adcx.o
    0x0800dfb8   0x0800dfb8   0x00000026   Code   RO           87    .text.ADCx_Func     adcx.o
    0x0800dfde   0x0800dfde   0x00000002   PAD
    0x0800dfe0   0x0800dfe0   0x000000ea   Code   RO           81    .text.ADCx_Init     adcx.o
    0x0800e0ca   0x0800e0ca   0x00000002   PAD
    0x0800e0cc   0x0800e0cc   0x00000038   Code   RO           59    .text.AppToBoot     flashx.o
    0x0800e104   0x0800e104   0x00000056   Code   RO          105    .text.BaseTimer_Init  timerx.o
    0x0800e15a   0x0800e15a   0x00000002   PAD
    0x0800e15c   0x0800e15c   0x0000004c   Code   RO         1346    .text.DAP_Connect   dap.o
    0x0800e1a8   0x0800e1a8   0x0000003c   Code   RO         1350    .text.DAP_Delay     dap.o
    0x0800e1e4   0x0800e1e4   0x00000024   Code   RO         1348    .text.DAP_Disconnect  dap.o
    0x0800e208   0x0800e208   0x00000078   Code   RO         1414    .text.DAP_Dummy_Transfer  dap.o
    0x0800e280   0x0800e280   0x00000088   Code   RO         1378    .text.DAP_ExecuteCommand  dap.o
    0x0800e308   0x0800e308   0x0000000a   Code   RO         1398    .text.DAP_GetProductFirmwareVersionString  dap.o
    0x0800e312   0x0800e312   0x00000002   PAD
    0x0800e314   0x0800e314   0x0000000a   Code   RO         1386    .text.DAP_GetProductString  dap.o
    0x0800e31e   0x0800e31e   0x00000002   PAD
    0x0800e320   0x0800e320   0x0000000a   Code   RO         1388    .text.DAP_GetSerNumString  dap.o
    0x0800e32a   0x0800e32a   0x00000002   PAD
    0x0800e32c   0x0800e32c   0x0000000a   Code   RO         1396    .text.DAP_GetTargetBoardNameString  dap.o
    0x0800e336   0x0800e336   0x00000002   PAD
    0x0800e338   0x0800e338   0x0000000a   Code   RO         1394    .text.DAP_GetTargetBoardVendorString  dap.o
    0x0800e342   0x0800e342   0x00000002   PAD
    0x0800e344   0x0800e344   0x0000000a   Code   RO         1392    .text.DAP_GetTargetDeviceNameString  dap.o
    0x0800e34e   0x0800e34e   0x00000002   PAD
    0x0800e350   0x0800e350   0x0000000a   Code   RO         1390    .text.DAP_GetTargetDeviceVendorString  dap.o
    0x0800e35a   0x0800e35a   0x00000002   PAD
    0x0800e35c   0x0800e35c   0x0000000a   Code   RO         1384    .text.DAP_GetVendorString  dap.o
    0x0800e366   0x0800e366   0x00000002   PAD
    0x0800e368   0x0800e368   0x0000005e   Code   RO         1344    .text.DAP_HostStatus  dap.o
    0x0800e3c6   0x0800e3c6   0x00000002   PAD
    0x0800e3c8   0x0800e3c8   0x00000176   Code   RO         1342    .text.DAP_Info      dap.o
    0x0800e53e   0x0800e53e   0x00000002   PAD
    0x0800e540   0x0800e540   0x00000020   Code   RO         1366    .text.DAP_JTAG_Configure  dap.o
    0x0800e560   0x0800e560   0x00000014   Code   RO         1368    .text.DAP_JTAG_IDCode  dap.o
    0x0800e574   0x0800e574   0x00000072   Code   RO         1364    .text.DAP_JTAG_Sequence  dap.o
    0x0800e5e6   0x0800e5e6   0x00000002   PAD
    0x0800e5e8   0x0800e5e8   0x00000174   Code   RO         1340    .text.DAP_ProcessCommand  dap.o
    0x0800e75c   0x0800e75c   0x00000096   Code   RO         1430    .text.DAP_ProcessVendorCommand  dap_vendor.o
    0x0800e7f2   0x0800e7f2   0x00000002   PAD
    0x0800e7f4   0x0800e7f4   0x0000001a   Code   RO         1352    .text.DAP_ResetTarget  dap.o
    0x0800e80e   0x0800e80e   0x00000002   PAD
    0x0800e810   0x0800e810   0x0000002e   Code   RO         1382    .text.DAP_SETUP     dap.o
    0x0800e83e   0x0800e83e   0x00000002   PAD
    0x0800e840   0x0800e840   0x0000003a   Code   RO         1360    .text.DAP_SWD_Configure  dap.o
    0x0800e87a   0x0800e87a   0x00000002   PAD
    0x0800e87c   0x0800e87c   0x000000ca   Code   RO         1362    .text.DAP_SWD_Sequence  dap.o
    0x0800e946   0x0800e946   0x00000002   PAD
    0x0800e948   0x0800e948   0x0000077e   Code   RO         1412    .text.DAP_SWD_Transfer  dap.o
    0x0800f0c6   0x0800f0c6   0x00000002   PAD
    0x0800f0c8   0x0800f0c8   0x00000264   Code   RO         1416    .text.DAP_SWD_TransferBlock  dap.o
    0x0800f32c   0x0800f32c   0x00000026   Code   RO         1418    .text.DAP_SWD_WriteAbort  dap.o
    0x0800f352   0x0800f352   0x00000002   PAD
    0x0800f354   0x0800f354   0x00000040   Code   RO         1356    .text.DAP_SWJ_Clock  dap.o
    0x0800f394   0x0800f394   0x00000246   Code   RO         1354    .text.DAP_SWJ_Pins  dap.o
    0x0800f5da   0x0800f5da   0x00000002   PAD
    0x0800f5dc   0x0800f5dc   0x00000044   Code   RO         1358    .text.DAP_SWJ_Sequence  dap.o
    0x0800f620   0x0800f620   0x00000030   Code   RO         1380    .text.DAP_Setup     dap.o
    0x0800f650   0x0800f650   0x00000036   Code   RO         1372    .text.DAP_Transfer  dap.o
    0x0800f686   0x0800f686   0x00000002   PAD
    0x0800f688   0x0800f688   0x0000006c   Code   RO         1374    .text.DAP_TransferBlock  dap.o
    0x0800f6f4   0x0800f6f4   0x0000003c   Code   RO         1370    .text.DAP_TransferConfigure  dap.o
    0x0800f730   0x0800f730   0x0000003a   Code   RO         1376    .text.DAP_WriteAbort  dap.o
    0x0800f76a   0x0800f76a   0x00000002   PAD
    0x0800f76c   0x0800f76c   0x0000002c   Code   RO          860    .text.DMA1_Channel2_IRQHandler  drv_usb2uart.o
    0x0800f798   0x0800f798   0x0000002c   Code   RO           93    .text.DMA1_Channel3_IRQHandler  adcx.o
    0x0800f7c4   0x0800f7c4   0x00000096   Code   RO           83    .text.DMA_Init      adcx.o
    0x0800f85a   0x0800f85a   0x00000002   PAD
    0x0800f85c   0x0800f85c   0x0000009e   Code   RO         1533    .text.EasyUI        easy_ui.o
    0x0800f8fa   0x0800f8fa   0x00000002   PAD
    0x0800f8fc   0x0800f8fc   0x00000024   Code   RO         1507    .text.EasyUIBackgroundBlur  easy_ui.o
    0x0800f920   0x0800f920   0x00000050   Code   RO         1529    .text.EasyUIInit    easy_ui.o
    0x0800f970   0x0800f970   0x000000c0   Code   RO         1531    .text.EasyUIKeyActionMonitor  easy_ui.o
    0x0800fa30   0x0800fa30   0x0000017e   Code   RO         1535    .text.EasyUI_DrawKeyPressTimeBox  easy_ui.o
    0x0800fbae   0x0800fbae   0x00000002   PAD
    0x0800fbb0   0x0800fbb0   0x00000036   Code   RO         1537    .text.EasyUI_Func   easy_ui.o
    0x0800fbe6   0x0800fbe6   0x00000002   PAD
    0x0800fbe8   0x0800fbe8   0x0000042e   Code   RO         1509    .text.EasyUI_HandleAnimation  easy_ui.o
    0x08010016   0x08010016   0x00000002   PAD
    0x08010018   0x08010018   0x000000c0   Code   RO         1521    .text.EasyUI_PIDCalc  easy_ui.o
    0x080100d8   0x080100d8   0x0000003c   Code   RO         1539    .text.EasyUI_Tick   easy_ui.o
    0x08010114   0x08010114   0x0000006c   Code   RO           61    .text.Flashx_EraseSector  flashx.o
    0x08010180   0x08010180   0x00000066   Code   RO           63    .text.Flashx_WriteBytes  flashx.o
    0x080101e6   0x080101e6   0x00000002   PAD
    0x080101e8   0x080101e8   0x0000002e   Code   RO         1442    .text.GetParity     sw_dp.o
    0x08010216   0x08010216   0x00000002   PAD
    0x08010218   0x08010218   0x00000004   Code   RO           10    .text.HardFault_Handler  main.o
    0x0801021c   0x0801021c   0x0000007c   Code   RO         1645    .text.IPS096_ClearBuffer  ips096.o
    0x08010298   0x08010298   0x00000078   Code   RO         1669    .text.IPS096_DrawBox  ips096.o
    0x08010310   0x08010310   0x000007d4   Code   RO         1665    .text.IPS096_DrawDisc  ips096.o
    0x08010ae4   0x08010ae4   0x00000204   Code   RO         1649    .text.IPS096_DrawLine  ips096.o
    0x08010ce8   0x08010ce8   0x000000e0   Code   RO         1647    .text.IPS096_DrawPoint  ips096.o
    0x08010dc8   0x08010dc8   0x00000176   Code   RO         1673    .text.IPS096_DrawRBox  ips096.o
    0x08010f3e   0x08010f3e   0x00000002   PAD
    0x08010f40   0x08010f40   0x00000302   Code   RO         1685    .text.IPS096_Init   ips096.o
    0x08011242   0x08011242   0x00000002   PAD
    0x08011244   0x08011244   0x0000004a   Code   RO         1661    .text.IPS096_ModifyColor  ips096.o
    0x0801128e   0x0801128e   0x00000002   PAD
    0x08011290   0x08011290   0x00000080   Code   RO         1643    .text.IPS096_SendBuffer  ips096.o
    0x08011310   0x08011310   0x0000002a   Code   RO         1683    .text.IPS096_SetColor  ips096.o
    0x0801133a   0x0801133a   0x00000002   PAD
    0x0801133c   0x0801133c   0x00000062   Code   RO         1681    .text.IPS096_SetDirection  ips096.o
    0x0801139e   0x0801139e   0x00000002   PAD
    0x080113a0   0x080113a0   0x00000018   Code   RO         1641    .text.IPS096_SetDrawColor  ips096.o
    0x080113b8   0x080113b8   0x0000013a   Code   RO         1637    .text.IPS096_SetRegion  ips096.o
    0x080114f2   0x080114f2   0x00000002   PAD
    0x080114f4   0x080114f4   0x000000f8   Code   RO         1675    .text.IPS096_ShowBMP  ips096.o
    0x080115ec   0x080115ec   0x000001ee   Code   RO         1651    .text.IPS096_ShowChar  ips096.o
    0x080117da   0x080117da   0x00000002   PAD
    0x080117dc   0x080117dc   0x00000094   Code   RO         1653    .text.IPS096_ShowStr  ips096.o
    0x08011870   0x08011870   0x00000040   Code   RO          899    .text.KeyDelay_ADD  key.o
    0x080118b0   0x080118b0   0x0000000e   Code   RO          901    .text.KeyFlag_Clear  key.o
    0x080118be   0x080118be   0x00000002   PAD
    0x080118c0   0x080118c0   0x0000000c   Code   RO          903    .text.KeyFlag_Read  key.o
    0x080118cc   0x080118cc   0x000000d4   Code   RO          911    .text.KeyFunc       key.o
    0x080119a0   0x080119a0   0x00000080   Code   RO          909    .text.KeyLongPress_CHK  key.o
    0x08011a20   0x08011a20   0x0000001e   Code   RO          897    .text.KeyValue_Init  key.o
    0x08011a3e   0x08011a3e   0x00000002   PAD
    0x08011a40   0x08011a40   0x00000050   Code   RO         1400    .text.LED_CONNECTED_OUT  dap.o
    0x08011a90   0x08011a90   0x00000008   Code   RO         1402    .text.LED_RUNNING_OUT  dap.o
    0x08011a98   0x08011a98   0x0000006c   Code   RO          523    .text.NVIC_EncodePriority  at32f403a_407_misc.o
    0x08011b04   0x08011b04   0x00000032   Code   RO         1406    .text.PORT_OFF      dap.o
    0x08011b36   0x08011b36   0x00000002   PAD
    0x08011b38   0x08011b38   0x000000a8   Code   RO         1404    .text.PORT_SWD_SETUP  dap.o
    0x08011be0   0x08011be0   0x00000004   Code   RO         1408    .text.RESET_TARGET  dap.o
    0x08011be4   0x08011be4   0x000000d8   Code   RO          130    .text.SPIx_Init     spix.o
    0x08011cbc   0x08011cbc   0x000001cc   Code   RO         1440    .text.SWD_Sequence  sw_dp.o
    0x08011e88   0x08011e88   0x0000003a   Code   RO         1446    .text.SWD_Transfer  sw_dp.o
    0x08011ec2   0x08011ec2   0x00000002   PAD
    0x08011ec4   0x08011ec4   0x000011b8   Code   RO         1444    .text.SWD_TransferFast  sw_dp.o
    0x0801307c   0x0801307c   0x00000cce   Code   RO         1448    .text.SWD_TransferSlow  sw_dp.o
    0x08013d4a   0x08013d4a   0x00000002   PAD
    0x08013d4c   0x08013d4c   0x000000bc   Code   RO         1438    .text.SWJ_Sequence  sw_dp.o
    0x08013e08   0x08013e08   0x0000007e   Code   RO         1334    .text.Set_Clock_Delay  dap.o
    0x08013e86   0x08013e86   0x00000002   PAD
    0x08013e88   0x08013e88   0x0000013e   Code   RO            2    .text.SysClkInit    main.o
    0x08013fc6   0x08013fc6   0x00000002   PAD
    0x08013fc8   0x08013fc8   0x000000aa   Code   RO           37    .text.SystemInit    system_at32f403a_407.o
    0x08014072   0x08014072   0x00000002   PAD
    0x08014074   0x08014074   0x0000000c   Code   RO         1410    .text.TIMESTAMP_GET  dap.o
    0x08014080   0x08014080   0x0000000c   Code   RO         1450    .text.TIMESTAMP_GET  sw_dp.o
    0x0801408c   0x0801408c   0x00000040   Code   RO          103    .text.TIMx_Init     timerx.o
    0x080140cc   0x080140cc   0x000000a2   Code   RO          115    .text.TMR2_GLOBAL_IRQHandler  timerx.o
    0x0801416e   0x0801416e   0x00000002   PAD
    0x08014170   0x08014170   0x0000093c   Code   RO          961    .text.USBD_IRQHandler  usb_dc_fsdev.o
    0x08014aac   0x08014aac   0x0000000a   Code   RO          851    .text.USBFS_L_CAN1_RX0_IRQHandler  drv_usb.o
    0x08014ab6   0x08014ab6   0x00000002   PAD
    0x08014ab8   0x08014ab8   0x00000038   Code   RO          872    .text.__NVIC_DisableIRQ  drv_usb2uart.o
    0x08014af0   0x08014af0   0x00000030   Code   RO          529    .text.__NVIC_EnableIRQ  at32f403a_407_misc.o
    0x08014b20   0x08014b20   0x00000030   Code   RO          874    .text.__NVIC_EnableIRQ  drv_usb2uart.o
    0x08014b50   0x08014b50   0x00000010   Code   RO          525    .text.__NVIC_GetPriorityGrouping  at32f403a_407_misc.o
    0x08014b60   0x08014b60   0x00000042   Code   RO          527    .text.__NVIC_SetPriority  at32f403a_407_misc.o
    0x08014ba2   0x08014ba2   0x00000002   PAD
    0x08014ba4   0x08014ba4   0x0000003c   Code   RO          537    .text.__NVIC_SetPriorityGrouping  at32f403a_407_misc.o
    0x08014be0   0x08014be0   0x00000026   Code   RO            8    .text.__NVIC_SystemReset  main.o
    0x08014c06   0x08014c06   0x00000002   PAD
    0x08014c08   0x08014c08   0x00000026   Code   RO           65    .text.__NVIC_SystemReset  flashx.o
    0x08014c2e   0x08014c2e   0x00000002   PAD
    0x08014c30   0x08014c30   0x0000004e   Code   RO          147    .text.acc_calibration_mode_enable  at32f403a_407_acc.o
    0x08014c7e   0x08014c7e   0x00000002   PAD
    0x08014c80   0x08014c80   0x00000018   Code   RO          157    .text.acc_write_c1  at32f403a_407_acc.o
    0x08014c98   0x08014c98   0x00000018   Code   RO          159    .text.acc_write_c2  at32f403a_407_acc.o
    0x08014cb0   0x08014cb0   0x00000018   Code   RO          161    .text.acc_write_c3  at32f403a_407_acc.o
    0x08014cc8   0x08014cc8   0x00000064   Code   RO          190    .text.adc_base_config  at32f403a_407_adc.o
    0x08014d2c   0x08014d2c   0x0000001c   Code   RO          188    .text.adc_base_default_para_init  at32f403a_407_adc.o
    0x08014d48   0x08014d48   0x00000012   Code   RO          196    .text.adc_calibration_init  at32f403a_407_adc.o
    0x08014d5a   0x08014d5a   0x00000002   PAD
    0x08014d5c   0x08014d5c   0x00000028   Code   RO          198    .text.adc_calibration_init_status_get  at32f403a_407_adc.o
    0x08014d84   0x08014d84   0x00000012   Code   RO          200    .text.adc_calibration_start  at32f403a_407_adc.o
    0x08014d96   0x08014d96   0x00000002   PAD
    0x08014d98   0x08014d98   0x00000028   Code   RO          202    .text.adc_calibration_status_get  at32f403a_407_adc.o
    0x08014dc0   0x08014dc0   0x00000026   Code   RO          186    .text.adc_combine_mode_select  at32f403a_407_adc.o
    0x08014de6   0x08014de6   0x00000002   PAD
    0x08014de8   0x08014de8   0x00000022   Code   RO          192    .text.adc_dma_mode_enable  at32f403a_407_adc.o
    0x08014e0a   0x08014e0a   0x00000002   PAD
    0x08014e0c   0x08014e0c   0x0000001a   Code   RO          184    .text.adc_enable    at32f403a_407_adc.o
    0x08014e26   0x08014e26   0x00000002   PAD
    0x08014e28   0x08014e28   0x00000162   Code   RO          210    .text.adc_ordinary_channel_set  at32f403a_407_adc.o
    0x08014f8a   0x08014f8a   0x00000002   PAD
    0x08014f8c   0x08014f8c   0x00000074   Code   RO          216    .text.adc_ordinary_conversion_trigger_set  at32f403a_407_adc.o
    0x08015000   0x08015000   0x000000dc   Code   RO         1056    .text.cdc_acm_class_interface_request_handler  usbd_cdc.o
    0x080150dc   0x080150dc   0x00000210   Code   RO         1102    .text.chry_dap_handle  dap_main.o
    0x080152ec   0x080152ec   0x000001be   Code   RO         1098    .text.chry_dap_init  dap_main.o
    0x080154aa   0x080154aa   0x00000002   PAD
    0x080154ac   0x080154ac   0x0000006a   Code   RO         1100    .text.chry_dap_state_init  dap_main.o
    0x08015516   0x08015516   0x00000002   PAD
    0x08015518   0x08015518   0x0000012a   Code   RO         1108    .text.chry_dap_usb2uart_handle  dap_main.o
    0x08015642   0x08015642   0x00000002   PAD
    0x08015644   0x08015644   0x0000008e   Code   RO          870    .text.chry_dap_usb2uart_rx  drv_usb2uart.o
    0x080156d2   0x080156d2   0x00000002   PAD
    0x080156d4   0x080156d4   0x00000124   Code   RO          866    .text.chry_dap_usb2uart_uart_config_callback  drv_usb2uart.o
    0x080157f8   0x080157f8   0x00000050   Code   RO          868    .text.chry_dap_usb2uart_uart_send_bydma  drv_usb2uart.o
    0x08015848   0x08015848   0x00000040   Code   RO          862    .text.chry_dap_usb2uart_uart_send_complete  drv_usb2uart.o
    0x08015888   0x08015888   0x00000030   Code   RO         1176    .text.chry_ringbuffer_drop  chry_ringbuffer.o
    0x080158b8   0x080158b8   0x00000016   Code   RO         1152    .text.chry_ringbuffer_get_free  chry_ringbuffer.o
    0x080158ce   0x080158ce   0x00000002   PAD
    0x080158d0   0x080158d0   0x00000010   Code   RO         1150    .text.chry_ringbuffer_get_used  chry_ringbuffer.o
    0x080158e0   0x080158e0   0x00000060   Code   RO         1142    .text.chry_ringbuffer_init  chry_ringbuffer.o
    0x08015940   0x08015940   0x00000014   Code   RO         1184    .text.chry_ringbuffer_linear_read_done  chry_ringbuffer.o
    0x08015954   0x08015954   0x00000070   Code   RO         1180    .text.chry_ringbuffer_linear_read_setup  chry_ringbuffer.o
    0x080159c4   0x080159c4   0x0000008c   Code   RO         1168    .text.chry_ringbuffer_write  chry_ringbuffer.o
    0x08015a50   0x08015a50   0x00000036   Code   RO          296    .text.crm_adc_clock_div_set  at32f403a_407_crm.o
    0x08015a86   0x08015a86   0x00000002   PAD
    0x08015a88   0x08015a88   0x00000026   Code   RO          290    .text.crm_ahb_div_set  at32f403a_407_crm.o
    0x08015aae   0x08015aae   0x00000002   PAD
    0x08015ab0   0x08015ab0   0x00000026   Code   RO          292    .text.crm_apb1_div_set  at32f403a_407_crm.o
    0x08015ad6   0x08015ad6   0x00000002   PAD
    0x08015ad8   0x08015ad8   0x00000026   Code   RO          294    .text.crm_apb2_div_set  at32f403a_407_crm.o
    0x08015afe   0x08015afe   0x00000002   PAD
    0x08015b00   0x08015b00   0x00000038   Code   RO          316    .text.crm_auto_step_mode_enable  at32f403a_407_crm.o
    0x08015b38   0x08015b38   0x000000a6   Code   RO          282    .text.crm_clock_source_enable  at32f403a_407_crm.o
    0x08015bde   0x08015bde   0x00000002   PAD
    0x08015be0   0x08015be0   0x000001e0   Code   RO          310    .text.crm_clocks_freq_get  at32f403a_407_crm.o
    0x08015dc0   0x08015dc0   0x0000003e   Code   RO          266    .text.crm_flag_get  at32f403a_407_crm.o
    0x08015dfe   0x08015dfe   0x00000002   PAD
    0x08015e00   0x08015e00   0x00000064   Code   RO          270    .text.crm_hext_stable_wait  at32f403a_407_crm.o
    0x08015e64   0x08015e64   0x00000026   Code   RO          320    .text.crm_hick_divider_select  at32f403a_407_crm.o
    0x08015e8a   0x08015e8a   0x00000002   PAD
    0x08015e8c   0x08015e8c   0x0000002e   Code   RO          322    .text.crm_hick_sclk_frequency_select  at32f403a_407_crm.o
    0x08015eba   0x08015eba   0x00000002   PAD
    0x08015ebc   0x08015ebc   0x00000052   Code   RO          276    .text.crm_periph_clock_enable  at32f403a_407_crm.o
    0x08015f0e   0x08015f0e   0x00000002   PAD
    0x08015f10   0x08015f10   0x000000bc   Code   RO          304    .text.crm_pll_config  at32f403a_407_crm.o
    0x08015fcc   0x08015fcc   0x00000088   Code   RO          260    .text.crm_reset     at32f403a_407_crm.o
    0x08016054   0x08016054   0x00000046   Code   RO          306    .text.crm_sysclk_switch  at32f403a_407_crm.o
    0x0801609a   0x0801609a   0x00000002   PAD
    0x0801609c   0x0801609c   0x00000010   Code   RO          308    .text.crm_sysclk_switch_status_get  at32f403a_407_crm.o
    0x080160ac   0x080160ac   0x0000003a   Code   RO          324    .text.crm_usb_clock_source_select  at32f403a_407_crm.o
    0x080160e6   0x080160e6   0x00000002   PAD
    0x080160e8   0x080160e8   0x00000096   Code   RO         1092    .text.dap_in_callback  dap_main.o
    0x0801617e   0x0801617e   0x00000002   PAD
    0x08016180   0x08016180   0x000000be   Code   RO         1090    .text.dap_out_callback  dap_main.o
    0x0801623e   0x0801623e   0x00000002   PAD
    0x08016240   0x08016240   0x0000003e   Code   RO           20    .text.delay_init    config.o
    0x0801627e   0x0801627e   0x00000002   PAD
    0x08016280   0x08016280   0x000000d8   Code   RO           24    .text.delay_ms      config.o
    0x08016358   0x08016358   0x0000008e   Code   RO           22    .text.delay_us      config.o
    0x080163e6   0x080163e6   0x00000002   PAD
    0x080163e8   0x080163e8   0x0000001a   Code   RO          351    .text.dma_channel_enable  at32f403a_407_dma.o
    0x08016402   0x08016402   0x00000002   PAD
    0x08016404   0x08016404   0x00000032   Code   RO          361    .text.dma_default_para_init  at32f403a_407_dma.o
    0x08016436   0x08016436   0x00000002   PAD
    0x08016438   0x08016438   0x00000124   Code   RO          353    .text.dma_flexible_config  at32f403a_407_dma.o
    0x0801655c   0x0801655c   0x000000be   Code   RO          363    .text.dma_init      at32f403a_407_dma.o
    0x0801661a   0x0801661a   0x00000002   PAD
    0x0801661c   0x0801661c   0x0000002e   Code   RO          349    .text.dma_interrupt_enable  at32f403a_407_dma.o
    0x0801664a   0x0801664a   0x00000002   PAD
    0x0801664c   0x0801664c   0x000000a6   Code   RO          343    .text.dma_reset     at32f403a_407_dma.o
    0x080166f2   0x080166f2   0x00000002   PAD
    0x080166f4   0x080166f4   0x00000030   Code   RO            6    .text.extend_sram   main.o
    0x08016724   0x08016724   0x00000068   Code   RO          378    .text.flash_bank1_operation_status_get  at32f403a_407_flash.o
    0x0801678c   0x0801678c   0x0000005c   Code   RO          386    .text.flash_bank1_operation_wait_for  at32f403a_407_flash.o
    0x080167e8   0x080167e8   0x00000068   Code   RO          380    .text.flash_bank2_operation_status_get  at32f403a_407_flash.o
    0x08016850   0x08016850   0x0000005c   Code   RO          388    .text.flash_bank2_operation_wait_for  at32f403a_407_flash.o
    0x080168ac   0x080168ac   0x000000b0   Code   RO          428    .text.flash_byte_program  at32f403a_407_flash.o
    0x0801695c   0x0801695c   0x00000138   Code   RO         1466    .text.flash_ee_copy_to_new_page  eeprom.o
    0x08016a94   0x08016a94   0x000000aa   Code   RO         1468    .text.flash_ee_data_read  eeprom.o
    0x08016b3e   0x08016b3e   0x00000002   PAD
    0x08016b40   0x08016b40   0x00000086   Code   RO         1482    .text.flash_ee_data_write  eeprom.o
    0x08016bc6   0x08016bc6   0x00000002   PAD
    0x08016bc8   0x08016bc8   0x00000066   Code   RO         1476    .text.flash_ee_erase_transfer  eeprom.o
    0x08016c2e   0x08016c2e   0x00000002   PAD
    0x08016c30   0x08016c30   0x00000090   Code   RO         1470    .text.flash_ee_format  eeprom.o
    0x08016cc0   0x08016cc0   0x00000088   Code   RO         1472    .text.flash_ee_format_check  eeprom.o
    0x08016d48   0x08016d48   0x0000007c   Code   RO         1474    .text.flash_ee_full_check  eeprom.o
    0x08016dc4   0x08016dc4   0x000001cc   Code   RO         1480    .text.flash_ee_init  eeprom.o
    0x08016f90   0x08016f90   0x0000005a   Code   RO         1460    .text.flash_ee_page_erase  eeprom.o
    0x08016fea   0x08016fea   0x00000002   PAD
    0x08016fec   0x08016fec   0x000000c4   Code   RO         1462    .text.flash_ee_valid_page_get  eeprom.o
    0x080170b0   0x080170b0   0x0000007a   Code   RO         1478    .text.flash_ee_valid_transfer  eeprom.o
    0x0801712a   0x0801712a   0x00000002   PAD
    0x0801712c   0x0801712c   0x000000dc   Code   RO         1464    .text.flash_ee_write_no_check  eeprom.o
    0x08017208   0x08017208   0x00000010   Code   RO          422    .text.flash_fap_status_get  at32f403a_407_flash.o
    0x08017218   0x08017218   0x00000060   Code   RO          374    .text.flash_flag_clear  at32f403a_407_flash.o
    0x08017278   0x08017278   0x000000f2   Code   RO          426    .text.flash_halfword_program  at32f403a_407_flash.o
    0x0801736a   0x0801736a   0x00000002   PAD
    0x0801736c   0x0801736c   0x00000022   Code   RO          400    .text.flash_lock    at32f403a_407_flash.o
    0x0801738e   0x0801738e   0x00000002   PAD
    0x08017390   0x08017390   0x00000068   Code   RO          376    .text.flash_operation_status_get  at32f403a_407_flash.o
    0x080173f8   0x080173f8   0x0000005c   Code   RO          384    .text.flash_operation_wait_for  at32f403a_407_flash.o
    0x08017454   0x08017454   0x00000112   Code   RO          408    .text.flash_sector_erase  at32f403a_407_flash.o
    0x08017566   0x08017566   0x00000002   PAD
    0x08017568   0x08017568   0x0000001c   Code   RO          410    .text.flash_spim_dummy_read  at32f403a_407_flash.o
    0x08017584   0x08017584   0x00000068   Code   RO          382    .text.flash_spim_operation_status_get  at32f403a_407_flash.o
    0x080175ec   0x080175ec   0x0000005c   Code   RO          390    .text.flash_spim_operation_wait_for  at32f403a_407_flash.o
    0x08017648   0x08017648   0x0000002a   Code   RO          392    .text.flash_unlock  at32f403a_407_flash.o
    0x08017672   0x08017672   0x00000002   PAD
    0x08017674   0x08017674   0x000000d6   Code   RO          420    .text.flash_user_system_data_erase  at32f403a_407_flash.o
    0x0801774a   0x0801774a   0x00000002   PAD
    0x0801774c   0x0801774c   0x000000a8   Code   RO          430    .text.flash_user_system_data_program  at32f403a_407_flash.o
    0x080177f4   0x080177f4   0x0000008c   Code   RO          963    .text.fsdev_read_pma  usb_dc_fsdev.o
    0x08017880   0x08017880   0x0000007c   Code   RO          957    .text.fsdev_write_pma  usb_dc_fsdev.o
    0x080178fc   0x080178fc   0x00000014   Code   RO          492    .text.gpio_bits_reset  at32f403a_407_gpio.o
    0x08017910   0x08017910   0x00000014   Code   RO          490    .text.gpio_bits_set  at32f403a_407_gpio.o
    0x08017924   0x08017924   0x00000026   Code   RO          480    .text.gpio_default_para_init  at32f403a_407_gpio.o
    0x0801794a   0x0801794a   0x00000002   PAD
    0x0801794c   0x0801794c   0x00000140   Code   RO          478    .text.gpio_init     at32f403a_407_gpio.o
    0x08017a8c   0x08017a8c   0x00000096   Code   RO          506    .text.gpio_pin_remap_config  at32f403a_407_gpio.o
    0x08017b22   0x08017b22   0x00000002   PAD
    0x08017b24   0x08017b24   0x00000040   Code   RO         1199    .text.int2array     swd_host.o
    0x08017b64   0x08017b64   0x0000002e   Code   RO         1639    .text.ips096_write_index  ips096.o
    0x08017b92   0x08017b92   0x00000002   PAD
    0x08017b94   0x08017b94   0x00000028   Code   RO         1039    .text.is_device_configured  usbd_core.o
    0x08017bbc   0x08017bbc   0x0000005e   Code   RO          841    .text.led_init      drv_led.o
    0x08017c1a   0x08017c1a   0x00000002   PAD
    0x08017c1c   0x08017c1c   0x0000009a   Code   RO            4    .text.main          main.o
    0x08017cb6   0x08017cb6   0x00000002   PAD
    0x08017cb8   0x08017cb8   0x00000034   Code   RO          521    .text.nvic_irq_enable  at32f403a_407_misc.o
    0x08017cec   0x08017cec   0x00000014   Code   RO          535    .text.nvic_priority_group_config  at32f403a_407_misc.o
    0x08017d00   0x08017d00   0x0000002c   Code   RO          583    .text.spi_default_para_init  at32f403a_407_spi.o
    0x08017d2c   0x08017d2c   0x00000022   Code   RO          605    .text.spi_enable    at32f403a_407_spi.o
    0x08017d4e   0x08017d4e   0x00000002   PAD
    0x08017d50   0x08017d50   0x00000022   Code   RO          615    .text.spi_i2s_dma_transmitter_enable  at32f403a_407_spi.o
    0x08017d72   0x08017d72   0x00000002   PAD
    0x08017d74   0x08017d74   0x000001b6   Code   RO          585    .text.spi_init      at32f403a_407_spi.o
    0x08017f2a   0x08017f2a   0x00000002   PAD
    0x08017f2c   0x08017f2c   0x000000a6   Code   RO          136    .text.spi_send_by_dma  spix.o
    0x08017fd2   0x08017fd2   0x00000002   PAD
    0x08017fd4   0x08017fd4   0x000000a6   Code   RO          134    .text.spi_write_16bit  spix.o
    0x0801807a   0x0801807a   0x00000002   PAD
    0x0801807c   0x0801807c   0x000000a0   Code   RO          132    .text.spi_write_8bit  spix.o
    0x0801811c   0x0801811c   0x00000028   Code   RO         1221    .text.swd_get_apsel  swd_host.o
    0x08018144   0x08018144   0x0000005a   Code   RO         1201    .text.swd_transfer_retry  swd_host.o
    0x0801819e   0x0801819e   0x00000002   PAD
    0x080181a0   0x080181a0   0x000000be   Code   RO         1223    .text.swd_write_ap  swd_host.o
    0x0801825e   0x0801825e   0x00000002   PAD
    0x08018260   0x08018260   0x0000008a   Code   RO         1231    .text.swd_write_data  swd_host.o
    0x080182ea   0x080182ea   0x00000002   PAD
    0x080182ec   0x080182ec   0x0000008c   Code   RO         1215    .text.swd_write_dp  swd_host.o
    0x08018378   0x08018378   0x00000044   Code   RO         1229    .text.swd_write_word  swd_host.o
    0x080183bc   0x080183bc   0x0000019e   Code   RO           39    .text.system_core_clock_update  system_at32f403a_407.o
    0x0801855a   0x0801855a   0x00000002   PAD
    0x0801855c   0x0801855c   0x00000038   Code   RO          543    .text.systick_clock_source_config  at32f403a_407_misc.o
    0x08018594   0x08018594   0x00000004   Code   RO         1195    .text.target_get_apsel  swd_host.o
    0x08018598   0x08018598   0x00000002   Code   RO          111    .text.tick100ms     timerx.o
    0x0801859a   0x0801859a   0x00000002   PAD
    0x0801859c   0x0801859c   0x0000000c   Code   RO          113    .text.tick1ms       timerx.o
    0x080185a8   0x080185a8   0x00000002   Code   RO          109    .text.tick1s        timerx.o
    0x080185aa   0x080185aa   0x00000002   PAD
    0x080185ac   0x080185ac   0x00000022   Code   RO          646    .text.tmr_base_init  at32f403a_407_tmr.o
    0x080185ce   0x080185ce   0x00000002   PAD
    0x080185d0   0x080185d0   0x00000052   Code   RO          670    .text.tmr_channel_value_set  at32f403a_407_tmr.o
    0x08018622   0x08018622   0x00000002   PAD
    0x08018624   0x08018624   0x00000022   Code   RO          648    .text.tmr_clock_source_div_set  at32f403a_407_tmr.o
    0x08018646   0x08018646   0x00000002   PAD
    0x08018648   0x08018648   0x00000022   Code   RO          650    .text.tmr_cnt_dir_set  at32f403a_407_tmr.o
    0x0801866a   0x0801866a   0x00000002   PAD
    0x0801866c   0x0801866c   0x0000001a   Code   RO          638    .text.tmr_counter_enable  at32f403a_407_tmr.o
    0x08018686   0x08018686   0x00000002   PAD
    0x08018688   0x08018688   0x00000012   Code   RO          724    .text.tmr_flag_clear  at32f403a_407_tmr.o
    0x0801869a   0x0801869a   0x00000002   PAD
    0x0801869c   0x0801869c   0x0000003a   Code   RO          718    .text.tmr_interrupt_enable  at32f403a_407_tmr.o
    0x080186d6   0x080186d6   0x00000002   PAD
    0x080186d8   0x080186d8   0x0000003c   Code   RO          720    .text.tmr_interrupt_flag_get  at32f403a_407_tmr.o
    0x08018714   0x08018714   0x00000094   Code   RO          676    .text.tmr_output_channel_buffer_enable  at32f403a_407_tmr.o
    0x080187a8   0x080187a8   0x000001ec   Code   RO          662    .text.tmr_output_channel_config  at32f403a_407_tmr.o
    0x08018994   0x08018994   0x00000094   Code   RO          678    .text.tmr_output_channel_immediately_set  at32f403a_407_tmr.o
    0x08018a28   0x08018a28   0x00000022   Code   RO          728    .text.tmr_output_enable  at32f403a_407_tmr.o
    0x08018a4a   0x08018a4a   0x00000002   PAD
    0x08018a4c   0x08018a4c   0x0000001c   Code   RO          652    .text.tmr_repetition_counter_set  at32f403a_407_tmr.o
    0x08018a68   0x08018a68   0x000001fe   Code   RO          864    .text.usart1_preinit  drv_usb2uart.o
    0x08018c66   0x08018c66   0x00000002   PAD
    0x08018c68   0x08018c68   0x00000022   Code   RO          775    .text.usart_dma_receiver_enable  at32f403a_407_usart.o
    0x08018c8a   0x08018c8a   0x00000002   PAD
    0x08018c8c   0x08018c8c   0x00000022   Code   RO          773    .text.usart_dma_transmitter_enable  at32f403a_407_usart.o
    0x08018cae   0x08018cae   0x00000002   PAD
    0x08018cb0   0x08018cb0   0x00000022   Code   RO          761    .text.usart_enable  at32f403a_407_usart.o
    0x08018cd2   0x08018cd2   0x00000002   PAD
    0x08018cd4   0x08018cd4   0x000000ee   Code   RO          757    .text.usart_init    at32f403a_407_usart.o
    0x08018dc2   0x08018dc2   0x00000002   PAD
    0x08018dc4   0x08018dc4   0x0000006e   Code   RO          759    .text.usart_parity_selection_config  at32f403a_407_usart.o
    0x08018e32   0x08018e32   0x00000002   PAD
    0x08018e34   0x08018e34   0x00000022   Code   RO          765    .text.usart_receiver_enable  at32f403a_407_usart.o
    0x08018e56   0x08018e56   0x00000002   PAD
    0x08018e58   0x08018e58   0x00000022   Code   RO          763    .text.usart_transmitter_enable  at32f403a_407_usart.o
    0x08018e7a   0x08018e7a   0x00000002   PAD
    0x08018e7c   0x08018e7c   0x00000050   Code   RO          937    .text.usb_dc_init   usb_dc_fsdev.o
    0x08018ecc   0x08018ecc   0x00000052   Code   RO          849    .text.usb_dc_low_level_init  drv_usb.o
    0x08018f1e   0x08018f1e   0x00000002   PAD
    0x08018f20   0x08018f20   0x000000a8   Code   RO         1007    .text.usbd_add_endpoint  usbd_core.o
    0x08018fc8   0x08018fc8   0x00000050   Code   RO         1005    .text.usbd_add_interface  usbd_core.o
    0x08019018   0x08019018   0x00000024   Code   RO         1003    .text.usbd_bos_desc_register  usbd_core.o
    0x0801903c   0x0801903c   0x0000006c   Code   RO         1096    .text.usbd_cdc_acm_bulk_in  dap_main.o
    0x080190a8   0x080190a8   0x00000050   Code   RO         1094    .text.usbd_cdc_acm_bulk_out  dap_main.o
    0x080190f8   0x080190f8   0x00000026   Code   RO         1106    .text.usbd_cdc_acm_get_line_coding  dap_main.o
    0x0801911e   0x0801911e   0x00000002   PAD
    0x08019120   0x08019120   0x00000028   Code   RO         1054    .text.usbd_cdc_acm_init_intf  usbd_cdc.o
    0x08019148   0x08019148   0x0000000e   Code   RO         1066    .text.usbd_cdc_acm_send_break  usbd_cdc.o
    0x08019156   0x08019156   0x00000002   PAD
    0x08019158   0x08019158   0x00000012   Code   RO         1062    .text.usbd_cdc_acm_set_dtr  usbd_cdc.o
    0x0801916a   0x0801916a   0x00000002   PAD
    0x0801916c   0x0801916c   0x0000004c   Code   RO         1104    .text.usbd_cdc_acm_set_line_coding  dap_main.o
    0x080191b8   0x080191b8   0x00000012   Code   RO         1064    .text.usbd_cdc_acm_set_rts  usbd_cdc.o
    0x080191ca   0x080191ca   0x00000002   PAD
    0x080191cc   0x080191cc   0x000000c8   Code   RO          983    .text.usbd_class_event_notify_handler  usbd_core.o
    0x08019294   0x08019294   0x00000148   Code   RO         1023    .text.usbd_class_request_handler  usbd_core.o
    0x080193dc   0x080193dc   0x0000008a   Code   RO          997    .text.usbd_desc_register  usbd_core.o
    0x08019466   0x08019466   0x00000002   PAD
    0x08019468   0x08019468   0x0000018e   Code   RO          951    .text.usbd_ep_clear_stall  usb_dc_fsdev.o
    0x080195f6   0x080195f6   0x00000002   PAD
    0x080195f8   0x080195f8   0x0000014c   Code   RO          947    .text.usbd_ep_close  usb_dc_fsdev.o
    0x08019744   0x08019744   0x00000510   Code   RO          945    .text.usbd_ep_open  usb_dc_fsdev.o
    0x08019c54   0x08019c54   0x000000ac   Code   RO          949    .text.usbd_ep_set_stall  usb_dc_fsdev.o
    0x08019d00   0x08019d00   0x000000e4   Code   RO          959    .text.usbd_ep_start_read  usb_dc_fsdev.o
    0x08019de4   0x08019de4   0x00000178   Code   RO          955    .text.usbd_ep_start_write  usb_dc_fsdev.o
    0x08019f5c   0x08019f5c   0x000000e6   Code   RO          989    .text.usbd_event_ep0_in_complete_handler  usbd_core.o
    0x0801a042   0x0801a042   0x00000002   PAD
    0x0801a044   0x0801a044   0x000000e2   Code   RO          991    .text.usbd_event_ep0_out_complete_handler  usbd_core.o
    0x0801a126   0x0801a126   0x00000002   PAD
    0x0801a128   0x0801a128   0x0000023a   Code   RO          985    .text.usbd_event_ep0_setup_complete_handler  usbd_core.o
    0x0801a362   0x0801a362   0x00000002   PAD
    0x0801a364   0x0801a364   0x0000006c   Code   RO          993    .text.usbd_event_ep_in_complete_handler  usbd_core.o
    0x0801a3d0   0x0801a3d0   0x0000006c   Code   RO          995    .text.usbd_event_ep_out_complete_handler  usbd_core.o
    0x0801a43c   0x0801a43c   0x00000088   Code   RO         1088    .text.usbd_event_handler  dap_main.o
    0x0801a4c4   0x0801a4c4   0x00000094   Code   RO          981    .text.usbd_event_reset_handler  usbd_core.o
    0x0801a558   0x0801a558   0x000001de   Code   RO         1033    .text.usbd_get_descriptor  usbd_core.o
    0x0801a736   0x0801a736   0x00000002   PAD
    0x0801a738   0x0801a738   0x00000086   Code   RO         1015    .text.usbd_initialize  usbd_core.o
    0x0801a7be   0x0801a7be   0x00000002   PAD
    0x0801a7c0   0x0801a7c0   0x00000024   Code   RO         1001    .text.usbd_msosv2_desc_register  usbd_core.o
    0x0801a7e4   0x0801a7e4   0x0000000c   Code   RO         1021    .text.usbd_print_setup  usbd_core.o
    0x0801a7f0   0x0801a7f0   0x00000024   Code   RO         1043    .text.usbd_reset_endpoint  usbd_core.o
    0x0801a814   0x0801a814   0x00000038   Code   RO          941    .text.usbd_set_address  usb_dc_fsdev.o
    0x0801a84c   0x0801a84c   0x000000fc   Code   RO         1035    .text.usbd_set_configuration  usbd_core.o
    0x0801a948   0x0801a948   0x000000d2   Code   RO         1037    .text.usbd_set_endpoint  usbd_core.o
    0x0801aa1a   0x0801aa1a   0x00000002   PAD
    0x0801aa1c   0x0801aa1c   0x0000012c   Code   RO         1041    .text.usbd_set_interface  usbd_core.o
    0x0801ab48   0x0801ab48   0x000000e2   Code   RO          987    .text.usbd_setup_request_handler  usbd_core.o
    0x0801ac2a   0x0801ac2a   0x00000002   PAD
    0x0801ac2c   0x0801ac2c   0x00000094   Code   RO         1019    .text.usbd_standard_request_handler  usbd_core.o
    0x0801acc0   0x0801acc0   0x0000019a   Code   RO         1027    .text.usbd_std_device_req_handler  usbd_core.o
    0x0801ae5a   0x0801ae5a   0x00000002   PAD
    0x0801ae5c   0x0801ae5c   0x000000e0   Code   RO         1031    .text.usbd_std_endpoint_req_handler  usbd_core.o
    0x0801af3c   0x0801af3c   0x00000158   Code   RO         1029    .text.usbd_std_interface_req_handler  usbd_core.o
    0x0801b094   0x0801b094   0x00000216   Code   RO         1025    .text.usbd_vendor_request_handler  usbd_core.o
    0x0801b2aa   0x0801b2aa   0x00000002   PAD
    0x0801b2ac   0x0801b2ac   0x0000004c   Code   RO          887    .text.user_param_init  user_param.o
    0x0801b2f8   0x0801b2f8   0x0000001a   Code   RO          885    .text.user_param_reset  user_param.o
    0x0801b312   0x0801b312   0x0000003e   Code   RO         2001    CL$$btod_d2e        c_w.l(btod.o)
    0x0801b350   0x0801b350   0x00000046   Code   RO         2003    CL$$btod_d2e_denorm_low  c_w.l(btod.o)
    0x0801b396   0x0801b396   0x00000060   Code   RO         2002    CL$$btod_d2e_norm_op1  c_w.l(btod.o)
    0x0801b3f6   0x0801b3f6   0x00000002   PAD
    0x0801b3f8   0x0801b3f8   0x00000338   Code   RO         2011    CL$$btod_div_common  c_w.l(btod.o)
    0x0801b730   0x0801b730   0x000000dc   Code   RO         2008    CL$$btod_e2e        c_w.l(btod.o)
    0x0801b80c   0x0801b80c   0x0000002a   Code   RO         2005    CL$$btod_ediv       c_w.l(btod.o)
    0x0801b836   0x0801b836   0x0000002a   Code   RO         2004    CL$$btod_emul       c_w.l(btod.o)
    0x0801b860   0x0801b860   0x00000244   Code   RO         2010    CL$$btod_mult_common  c_w.l(btod.o)
    0x0801baa4   0x0801baa4   0x00000030   Code   RO         1927    i.__ARM_fpclassify  m_wm.l(fpclassify.o)
    0x0801bad4   0x0801bad4   0x00000004   PAD
    0x0801bad8   0x0801bad8   0x000000c8   Code   RO         1758    i.__hardfp_cos      m_wm.l(cos.o)
    0x0801bba0   0x0801bba0   0x00000c60   Code   RO         1764    i.__hardfp_pow      m_wm.l(pow.o)
    0x0801c800   0x0801c800   0x0000007a   Code   RO         1771    i.__hardfp_sqrt     m_wm.l(sqrt.o)
    0x0801c87a   0x0801c87a   0x00000006   PAD
    0x0801c880   0x0801c880   0x00000438   Code   RO         1932    i.__ieee754_rem_pio2  m_wm.l(rred.o)
    0x0801ccb8   0x0801ccb8   0x00000170   Code   RO         1904    i.__kernel_cos      m_wm.l(cos_i.o)
    0x0801ce28   0x0801ce28   0x000000f8   Code   RO         1929    i.__kernel_poly     m_wm.l(poly.o)
    0x0801cf20   0x0801cf20   0x00000130   Code   RO         1937    i.__kernel_sin      m_wm.l(sin_i.o)
    0x0801d050   0x0801d050   0x00000030   Code   RO         1907    i.__mathlib_dbl_divzero  m_wm.l(dunder.o)
    0x0801d080   0x0801d080   0x00000014   Code   RO         1908    i.__mathlib_dbl_infnan  m_wm.l(dunder.o)
    0x0801d094   0x0801d094   0x00000014   Code   RO         1909    i.__mathlib_dbl_infnan2  m_wm.l(dunder.o)
    0x0801d0a8   0x0801d0a8   0x00000020   Code   RO         1910    i.__mathlib_dbl_invalid  m_wm.l(dunder.o)
    0x0801d0c8   0x0801d0c8   0x00000020   Code   RO         1911    i.__mathlib_dbl_overflow  m_wm.l(dunder.o)
    0x0801d0e8   0x0801d0e8   0x00000020   Code   RO         1913    i.__mathlib_dbl_underflow  m_wm.l(dunder.o)
    0x0801d108   0x0801d108   0x0000000e   Code   RO         1838    i._is_digit         c_w.l(__printf_wp.o)
    0x0801d116   0x0801d116   0x00000018   Code   RO         1923    i.fabs              m_wm.l(fabs.o)
    0x0801d12e   0x0801d12e   0x0000006e   Code   RO         1773    i.sqrt              m_wm.l(sqrt.o)
    0x0801d19c   0x0801d19c   0x0000002c   Code   RO         2026    locale$$code        c_w.l(lc_numeric_c.o)
    0x0801d1c8   0x0801d1c8   0x0000002c   Code   RO         2045    locale$$code        c_w.l(lc_ctype_c.o)
    0x0801d1f4   0x0801d1f4   0x00000018   Code   RO         1873    x$fpl$basic         fz_wm.l(basic.o)
    0x0801d20c   0x0801d20c   0x00000150   Code   RO         1732    x$fpl$dadd          fz_wm.l(daddsub_clz.o)
    0x0801d35c   0x0801d35c   0x00000010   Code   RO         1980    x$fpl$dcheck1       fz_wm.l(dcheck1.o)
    0x0801d36c   0x0801d36c   0x00000018   Code   RO         1982    x$fpl$dcmpinf       fz_wm.l(dcmpi.o)
    0x0801d384   0x0801d384   0x000002b4   Code   RO         1741    x$fpl$ddiv          fz_wm.l(ddiv.o)
    0x0801d638   0x0801d638   0x0000005e   Code   RO         1744    x$fpl$dfix          fz_wm.l(dfix.o)
    0x0801d696   0x0801d696   0x0000002e   Code   RO         1749    x$fpl$dflt          fz_wm.l(dflt_clz.o)
    0x0801d6c4   0x0801d6c4   0x00000026   Code   RO         1748    x$fpl$dfltu         fz_wm.l(dflt_clz.o)
    0x0801d6ea   0x0801d6ea   0x00000002   PAD
    0x0801d6ec   0x0801d6ec   0x00000078   Code   RO         1879    x$fpl$dleqf         fz_wm.l(dleqf.o)
    0x0801d764   0x0801d764   0x00000154   Code   RO         1754    x$fpl$dmul          fz_wm.l(dmul.o)
    0x0801d8b8   0x0801d8b8   0x0000009c   Code   RO         1881    x$fpl$dnaninf       fz_wm.l(dnaninf.o)
    0x0801d954   0x0801d954   0x0000000c   Code   RO         1883    x$fpl$dretinf       fz_wm.l(dretinf.o)
    0x0801d960   0x0801d960   0x0000006c   Code   RO         1885    x$fpl$drleqf        fz_wm.l(drleqf.o)
    0x0801d9cc   0x0801d9cc   0x00000016   Code   RO         1733    x$fpl$drsb          fz_wm.l(daddsub_clz.o)
    0x0801d9e2   0x0801d9e2   0x00000002   PAD
    0x0801d9e4   0x0801d9e4   0x00000198   Code   RO         1887    x$fpl$dsqrt         fz_wm.l(dsqrt_umaal.o)
    0x0801db7c   0x0801db7c   0x000001dc   Code   RO         1734    x$fpl$dsub          fz_wm.l(daddsub_clz.o)
    0x0801dd58   0x0801dd58   0x0000001a   Code   RO         2107    x$fpl$fpinit        fz_wm.l(fpinit.o)
    0x0801dd72   0x0801dd72   0x00000004   Code   RO         1893    x$fpl$printf1       fz_wm.l(printf1.o)
    0x0801dd76   0x0801dd76   0x00000004   Code   RO         1895    x$fpl$printf2       fz_wm.l(printf2.o)
    0x0801dd7a   0x0801dd7a   0x00000064   Code   RO         2038    x$fpl$retnan        fz_wm.l(retnan.o)
    0x0801ddde   0x0801ddde   0x0000005c   Code   RO         1901    x$fpl$scalbn        fz_wm.l(scalbn.o)
    0x0801de3a   0x0801de3a   0x00000030   Code   RO         2094    x$fpl$trapveneer    fz_wm.l(trapv.o)
    0x0801de6a   0x0801de6a   0x00000000   Code   RO         1903    x$fpl$usenofp       fz_wm.l(usenofp.o)
    0x0801de6a   0x0801de6a   0x00000006   PAD
    0x0801de70   0x0801de70   0x00000088   Data   RO         1767    .constdata          m_wm.l(pow.o)
    0x0801def8   0x0801def8   0x00000008   Data   RO         1797    .constdata          c_w.l(_printf_wctomb.o)
    0x0801df00   0x0801df00   0x00000028   Data   RO         1826    .constdata          c_w.l(_printf_hex_int_ll_ptr.o)
    0x0801df28   0x0801df28   0x00000011   Data   RO         1846    .constdata          c_w.l(__printf_flags_ss_wp.o)
    0x0801df39   0x0801df39   0x00000007   PAD
    0x0801df40   0x0801df40   0x00000030   Data   RO         1905    .constdata          m_wm.l(cos_i.o)
    0x0801df70   0x0801df70   0x00000008   Data   RO         1931    .constdata          m_wm.l(qnan.o)
    0x0801df78   0x0801df78   0x000000cc   Data   RO         1934    .constdata          m_wm.l(rred.o)
    0x0801e044   0x0801e044   0x00000004   PAD
    0x0801e048   0x0801e048   0x00000028   Data   RO         1938    .constdata          m_wm.l(sin_i.o)
    0x0801e070   0x0801e070   0x00000026   Data   RO         1969    .constdata          c_w.l(_printf_fp_hex.o)
    0x0801e096   0x0801e096   0x00000002   PAD
    0x0801e098   0x0801e098   0x00000094   Data   RO         1999    .constdata          c_w.l(bigflt0.o)
    0x0801e12c   0x0801e12c   0x000002e2   Data   RO         1704    .rodata.DAPLink_logo  profile_photo_erbws.o
    0x0801e40e   0x0801e40e   0x00000006   Data   RO         1422    .rodata.DAP_FW_Ver  dap.o
    0x0801e414   0x0801e414   0x00000100   Data   RO         1452    .rodata.ParityTable256  sw_dp.o
    0x0801e514   0x0801e514   0x00000021   Data   RO         1079    .rodata.USBD_BinaryObjectStoreDescriptor  dap_descriptors.o
    0x0801e535   0x0801e535   0x000000aa   Data   RO         1078    .rodata.USBD_WinUSBDescriptorSetDescriptor  dap_descriptors.o
    0x0801e5df   0x0801e5df   0x00000228   Data   RO         1603    .rodata.ascii_font_6x8  font.o
    0x0801e807   0x0801e807   0x000005f0   Data   RO         1602    .rodata.ascii_font_8x16  font.o
    0x0801edf7   0x0801edf7   0x00000008   Data   RO          335    .rodata.crm_clocks_freq_get.adc_div_table  at32f403a_407_crm.o
    0x0801edff   0x0801edff   0x00000008   Data   RO          333    .rodata.crm_clocks_freq_get.ahb_apb1_div_table  at32f403a_407_crm.o
    0x0801ee07   0x0801ee07   0x00000008   Data   RO          334    .rodata.crm_clocks_freq_get.ahb_apb2_div_table  at32f403a_407_crm.o
    0x0801ee0f   0x0801ee0f   0x00000010   Data   RO          332    .rodata.crm_clocks_freq_get.sclk_ahb_div_table  at32f403a_407_crm.o
    0x0801ee1f   0x0801ee1f   0x00000005   Data   RO         1121    .rodata.str1.1      dap_main.o
    0x0801ee24   0x0801ee24   0x00000024   Data   RO         1570    .rodata.str1.1      easy_ui.o
    0x0801ee48   0x0801ee48   0x00000010   Data   RO           42    .rodata.system_core_clock_update.sys_ahb_div_table  system_at32f403a_407.o
    0x0801ee58   0x0801ee58   0x00000020   Data   RO         2182    Region$$Table       anon$$obj.o
    0x0801ee78   0x0801ee78   0x0000001c   Data   RO         2025    locale$$data        c_w.l(lc_numeric_c.o)
    0x0801ee94   0x0801ee94   0x00000110   Data   RO         2044    locale$$data        c_w.l(lc_ctype_c.o)


    Execution Region RW_IRAM1 (Exec base: 0x20000000, Load base: 0x0801efa8, Size: 0x00010a10, Max: 0x00018000, ABSOLUTE, COMPRESSED[0x00000168])

    Exec Addr    Load Addr    Size         Type   Attr      Idx    E Section Name        Object

    0x20000000   COMPRESSED   0x00000001   Data   RW         1690    .data.IPS096_colorMode  ips096.o
    0x20000001   COMPRESSED   0x00000001   PAD
    0x20000002   COMPRESSED   0x00000002   Data   RW         1687    .data.IPS096_penColor  ips096.o
    0x20000004   COMPRESSED   0x00000008   Data   RW         1081    .data.bos_desc      dap_descriptors.o
    0x2000000c   COMPRESSED   0x00000008   Data   RW         1128    .data.cdc1_in_ep    dap_main.o
    0x20000014   COMPRESSED   0x00000008   Data   RW         1127    .data.cdc1_out_ep   dap_main.o
    0x2000001c   COMPRESSED   0x00000008   Data   RW         1132    .data.cdc2_in_ep    dap_main.o
    0x20000024   COMPRESSED   0x00000008   Data   RW         1131    .data.cdc2_out_ep   dap_main.o
    0x2000002c   COMPRESSED   0x000000e3   Data   RW         1082    .data.cmsisdap_descriptor  dap_descriptors.o
    0x2000010f   COMPRESSED   0x00000001   PAD
    0x20000110   COMPRESSED   0x00000008   Data   RW         1124    .data.dap_in_ep     dap_main.o
    0x20000118   COMPRESSED   0x00000008   Data   RW         1123    .data.dap_out_ep    dap_main.o
    0x20000120   COMPRESSED   0x00000001   Data   RW         1689    .data.ips096_display_dir  ips096.o
    0x20000121   COMPRESSED   0x00000001   Data   RW         1695    .data.ips096_x_max  ips096.o
    0x20000122   COMPRESSED   0x00000001   Data   RW         1696    .data.ips096_y_max  ips096.o
    0x20000123   COMPRESSED   0x00000001   PAD
    0x20000124   COMPRESSED   0x00000018   Data   RW         1562    .data.keyPressBoxPID  easy_ui.o
    0x2000013c   COMPRESSED   0x00000008   Data   RW         1080    .data.msosv2_desc   dap_descriptors.o
    0x20000144   COMPRESSED   0x00000004   Data   RW           41    .data.system_core_clock  system_at32f403a_407.o
    0x20000148   COMPRESSED   0x00002410   Data   RW          877    .noncacheable       drv_usb2uart.o
    0x20002558   COMPRESSED   0x00000314   Data   RW         1045    .noncacheable       usbd_core.o
    0x2000286c   COMPRESSED   0x00001000   Data   RW         1111    .noncacheable       dap_main.o
    0x2000386c   COMPRESSED   0x00000004   PAD
    0x20003870        -       0x00000060   Zero   RW         1985    .bss                c_w.l(libspace.o)
    0x200038d0        -       0x0000000a   Zero   RW           95    .bss.ADCs           adcx.o
    0x200038da   COMPRESSED   0x00000002   PAD
    0x200038dc        -       0x0000001c   Zero   RW         1420    .bss.DAP_Data       dap.o
    0x200038f8        -       0x00000001   Zero   RW         1421    .bss.DAP_TransferAbort  dap.o
    0x200038f9   COMPRESSED   0x00000001   PAD
    0x200038fa        -       0x00000002   Zero   RW         1593    .bss.EasyUI_DrawKeyPressTimeBox.currentHeight  easy_ui.o
    0x200038fc        -       0x00000004   Zero   RW         1120    .bss.IC_UID         dap_main.o
    0x20003900        -       0x00000002   Zero   RW         1688    .bss.IPS096_backgroundColor  ips096.o
    0x20003902        -       0x00006400   Zero   RW         1691    .bss.IPS096_buffer  ips096.o
    0x20009d02        -       0x0000000c   Zero   RW          914    .bss.KeyS           key.o
    0x20009d0e        -       0x00000002   Zero   RW         1113    .bss.USB_RequestCountI  dap_main.o
    0x20009d10        -       0x00000002   Zero   RW         1114    .bss.USB_RequestCountO  dap_main.o
    0x20009d12        -       0x00000001   Zero   RW         1110    .bss.USB_RequestIdle  dap_main.o
    0x20009d13   COMPRESSED   0x00000001   PAD
    0x20009d14        -       0x00000002   Zero   RW         1112    .bss.USB_RequestIndexI  dap_main.o
    0x20009d16        -       0x00000002   Zero   RW         1133    .bss.USB_RequestIndexO  dap_main.o
    0x20009d18        -       0x00000040   Zero   RW         1118    .bss.USB_RespSize   dap_main.o
    0x20009d58        -       0x00000002   Zero   RW         1115    .bss.USB_ResponseCountI  dap_main.o
    0x20009d5a        -       0x00000002   Zero   RW         1116    .bss.USB_ResponseCountO  dap_main.o
    0x20009d5c        -       0x00000001   Zero   RW         1119    .bss.USB_ResponseIdle  dap_main.o
    0x20009d5d   COMPRESSED   0x00000001   PAD
    0x20009d5e        -       0x00000002   Zero   RW         1134    .bss.USB_ResponseIndexI  dap_main.o
    0x20009d60        -       0x00000002   Zero   RW         1117    .bss.USB_ResponseIndexO  dap_main.o
    0x20009d62   COMPRESSED   0x00000002   PAD
    0x20009d64        -       0x0000001c   Zero   RW         1122    .bss.dap_intf       dap_main.o
    0x20009d80        -       0x00000008   Zero   RW         1273    .bss.dap_state      swd_host.o
    0x20009d88        -       0x00000004   Zero   RW           29    .bss.fac_ms         config.o
    0x20009d8c        -       0x00000004   Zero   RW           28    .bss.fac_us         config.o
    0x20009d90        -       0x00000190   Zero   RW          965    .bss.g_fsdev_udc    usb_dc_fsdev.o
    0x20009f20        -       0x00000008   Zero   RW         1046    .bss.g_usbdev_bus   usbd_core.o
    0x20009f28        -       0x0000001c   Zero   RW         1125    .bss.intf1          dap_main.o
    0x20009f44        -       0x0000001c   Zero   RW         1126    .bss.intf2          dap_main.o
    0x20009f60        -       0x0000001c   Zero   RW         1129    .bss.intf3          dap_main.o
    0x20009f7c        -       0x0000001c   Zero   RW         1130    .bss.intf4          dap_main.o
    0x20009f98        -       0x00000001   Zero   RW         1693    .bss.ips096_display_font  ips096.o
    0x20009f99        -       0x00000001   Zero   RW         1559    .bss.keyPressBoxDrawn  easy_ui.o
    0x20009f9a        -       0x00000014   Zero   RW         1558    .bss.keyPressTimeStr  easy_ui.o
    0x20009fae        -       0x00000001   Zero   RW         1586    .bss.opnBackward    easy_ui.o
    0x20009faf        -       0x00000001   Zero   RW         1590    .bss.opnDown        easy_ui.o
    0x20009fb0        -       0x00000001   Zero   RW         1587    .bss.opnEnter       easy_ui.o
    0x20009fb1        -       0x00000001   Zero   RW         1588    .bss.opnExit        easy_ui.o
    0x20009fb2        -       0x00000001   Zero   RW         1585    .bss.opnForward     easy_ui.o
    0x20009fb3        -       0x00000001   Zero   RW         1589    .bss.opnUp          easy_ui.o
    0x20009fb4        -       0x00000001   Zero   RW         1694    .bss.reversedColor  ips096.o
    0x20009fb5        -       0x00006400   Zero   RW         1692    .bss.spi_tx_buffer  ips096.o
    0x200103b5        -       0x00000002   Zero   RW          139    .bss.spi_write_16bit.temp_buffer  spix.o
    0x200103b7        -       0x00000001   Zero   RW          138    .bss.spi_write_8bit.temp_buffer  spix.o
    0x200103b8        -       0x00000004   Zero   RW         1555    .bss.u32AnimationTick  easy_ui.o
    0x200103bc        -       0x00000004   Zero   RW         1584    .bss.u32EasyUITick  easy_ui.o
    0x200103c0        -       0x00000004   Zero   RW         1556    .bss.u32MsgDSPTick  easy_ui.o
    0x200103c4        -       0x00000004   Zero   RW          121    .bss.u32SysTick1ms  timerx.o
    0x200103c8        -       0x00000004   Zero   RW          120    .bss.u32Time1s      timerx.o
    0x200103cc        -       0x00000001   Zero   RW         1553    .bss.u8AnimationState  easy_ui.o
    0x200103cd        -       0x00000001   Zero   RW         1554    .bss.u8AnimationStep  easy_ui.o
    0x200103ce        -       0x00000001   Zero   RW         1557    .bss.u8KeyPressedHint  easy_ui.o
    0x200103cf        -       0x00000001   Zero   RW          913    .bss.u8KeyShortTick  key.o
    0x200103d0        -       0x00000001   Zero   RW         1592    .bss.u8PicReDrawn   easy_ui.o
    0x200103d1        -       0x00000001   Zero   RW          119    .bss.u8Time100ms    timerx.o
    0x200103d2        -       0x00000001   Zero   RW          118    .bss.u8Time1ms      timerx.o
    0x200103d3        -       0x00000001   Zero   RW          117    .bss.u8timerFlag    timerx.o
    0x200103d4        -       0x00000030   Zero   RW          876    .bss.usart1_state   drv_usb2uart.o
    0x20010404        -       0x0000000a   Zero   RW          889    .bss.user_param     user_param.o
    0x2001040e   COMPRESSED   0x00000002   PAD
    0x20010410        -       0x00000200   Zero   RW           50    HEAP                startup_at32f403a_407.o
    0x20010610        -       0x00000400   Zero   RW           49    STACK               startup_at32f403a_407.o


==============================================================================

Image component sizes


      Code (inc. data)   RO Data    RW Data    ZI Data      Debug   Object Name

       594          0          0          0         10      19545   adcx.o
       150          0          0          0          0       3272   at32f403a_407_acc.o
       812          0          0          0          0      15731   at32f403a_407_adc.o
      1666          6         40          0          0      20579   at32f403a_407_crm.o
       770          0          0          0          0       8864   at32f403a_407_dma.o
      2074          0          0          0          0      14427   at32f403a_407_flash.o
       548          0          0          0          0      14701   at32f403a_407_gpio.o
       426          0          0          0          0       6510   at32f403a_407_misc.o
       550          0          0          0          0      12076   at32f403a_407_spi.o
      1196         32          0          0          0      23617   at32f403a_407_tmr.o
       518          0          0          0          0      10277   at32f403a_407_usart.o
       454          0          0          0          0       5299   chry_ringbuffer.o
       420          0          0          0          8       1624   config.o
      5904         30          6          0         29      20271   dap.o
         0          0        203        243          0       1001   dap_descriptors.o
      2156         10          5       4144        226       5861   dap_main.o
       150         32          0          0          0        739   dap_vendor.o
        94          0          0          0          0       6779   drv_led.o
        92          0          0          0          0       4289   drv_usb.o
      1236          6          0       9232         48      19853   drv_usb2uart.o
      2224         18         36         24         45      10503   easy_ui.o
      2210          0          0          0          0       4458   eeprom.o
       304          0          0          0          0       3696   flashx.o
         0          0       2072          0          0        505   font.o
      5748         16          0          6      51204      16633   ips096.o
       460          0          0          0         13       1820   key.o
       562          0          0          0          0      10139   main.o
         0          0        738          0          0        512   profile_photo_erbws.o
       708          0          0          0          3      10371   spix.o
        96         32        388          0       1536        856   startup_at32f403a_407.o
      8578          0        256          0          0      20713   sw_dp.o
       734          0          0          0          8      19179   swd_host.o
       584          0         16          4          0       8112   system_at32f403a_407.o
       474          0          0          0         11       9610   timerx.o
      5566          4          0          0        400       8283   usb_dc_fsdev.o
       310          4          0          0          0       2923   usbd_cdc.o
      5724         38          0        788          8      14017   usbd_core.o
       102          0          0          0         10        826   user_param.o

    ----------------------------------------------------------------------
     54478        228       3792      14444      53572     358471   Object Totals
         0          0         32          0          0          0   (incl. Generated)
       284          0          0          3         13          0   (incl. Padding)

    ----------------------------------------------------------------------

      Code (inc. data)   RO Data    RW Data    ZI Data      Debug   Library Member Name

        90          0          0          0          0          0   __dczerorl2.o
         8          0          0          0          0         68   __main.o
       392          4         17          0          0         92   __printf_flags_ss_wp.o
        14          0          0          0          0         68   __printf_wp.o
         0          0          0          0          0          0   __rtentry.o
        12          0          0          0          0          0   __rtentry2.o
         6          0          0          0          0          0   __rtentry4.o
        52          8          0          0          0          0   __scatter.o
        28          0          0          0          0          0   __scatter_zi.o
        72          0          0          0          0         96   _c16rtomb.o
         6          0          0          0          0          0   _printf_a.o
         6          0          0          0          0          0   _printf_c.o
        44          0          0          0          0        108   _printf_char.o
        48          6          0          0          0         96   _printf_char_common.o
        40          0          0          0          0         68   _printf_charcount.o
         6          0          0          0          0          0   _printf_d.o
       120         16          0          0          0         92   _printf_dec.o
         6          0          0          0          0          0   _printf_e.o
         6          0          0          0          0          0   _printf_f.o
      1052          0          0          0          0        148   _printf_fp_dec.o
       764          8         38          0          0        100   _printf_fp_hex.o
       128         16          0          0          0         84   _printf_fp_infnan.o
         6          0          0          0          0          0   _printf_g.o
       148          4         40          0          0        160   _printf_hex_int_ll_ptr.o
         6          0          0          0          0          0   _printf_i.o
       178          0          0          0          0         88   _printf_intcommon.o
        10          0          0          0          0          0   _printf_l.o
         6          0          0          0          0          0   _printf_lc.o
        10          0          0          0          0          0   _printf_ll.o
         6          0          0          0          0          0   _printf_lld.o
         6          0          0          0          0          0   _printf_lli.o
         6          0          0          0          0          0   _printf_llo.o
         6          0          0          0          0          0   _printf_llu.o
         6          0          0          0          0          0   _printf_llx.o
       124         16          0          0          0         92   _printf_longlong_dec.o
         6          0          0          0          0          0   _printf_ls.o
         6          0          0          0          0          0   _printf_n.o
         6          0          0          0          0          0   _printf_o.o
       112          8          0          0          0        124   _printf_oct_int_ll.o
         6          0          0          0          0          0   _printf_p.o
        78          0          0          0          0        108   _printf_pad.o
         0          0          0          0          0          0   _printf_percent.o
         4          0          0          0          0          0   _printf_percent_end.o
         6          0          0          0          0          0   _printf_s.o
        82          0          0          0          0         80   _printf_str.o
        36          0          0          0          0         84   _printf_truncate.o
         6          0          0          0          0          0   _printf_u.o
        44          0          0          0          0        108   _printf_wchar.o
       188          6          8          0          0         92   _printf_wctomb.o
         6          0          0          0          0          0   _printf_x.o
        22          0          0          0          0        100   _rserrno.o
        10          0          0          0          0         68   _sputc.o
       228          4        148          0          0         96   bigflt0.o
      1936        128          0          0          0        668   btod.o
        18          0          0          0          0         80   exit.o
         6          0          0          0          0        152   heapauxi.o
         0          0          0          0          0          0   indicate_semi.o
        44         10        272          0          0         76   lc_ctype_c.o
        44         10         28          0          0         76   lc_numeric_c.o
         2          0          0          0          0          0   libinit.o
        34          0          0          0          0          0   libinit2.o
         2          0          0          0          0          0   libshutdown.o
         2          0          0          0          0          0   libshutdown2.o
         8          4          0          0         96         68   libspace.o
       138          0          0          0          0         80   lludiv10.o
        88          0          0          0          0         76   memcmp.o
        16          4          0          0          0         76   rt_ctype_table.o
         8          4          0          0          0         68   rt_errno_addr_intlibspace.o
         8          4          0          0          0         68   rt_locale_intlibspace.o
        68          0          0          0          0         68   rt_memclr.o
        78          0          0          0          0         80   rt_memclr_w.o
       138          0          0          0          0         68   rt_memcpy_v6.o
       100          0          0          0          0         80   rt_memcpy_w.o
         2          0          0          0          0          0   rtexit.o
        10          0          0          0          0          0   rtexit2.o
        44          6          0          0          0         84   sprintf.o
       124          0          0          0          0         88   strcmpv7em.o
        62          0          0          0          0         76   strlen.o
        12          4          0          0          0         68   sys_exit.o
        74          0          0          0          0         80   sys_stackheap_outer.o
         2          0          0          0          0         68   use_no_semi.o
        24          0          0          0          0        164   basic.o
       834         16          0          0          0        516   daddsub_clz.o
        16          4          0          0          0        116   dcheck1.o
        24          0          0          0          0        116   dcmpi.o
       692        140          0          0          0        264   ddiv.o
        94          4          0          0          0        140   dfix.o
        84          0          0          0          0        232   dflt_clz.o
       120          4          0          0          0        140   dleqf.o
       340         12          0          0          0        152   dmul.o
       156          4          0          0          0        140   dnaninf.o
        12          0          0          0          0        116   dretinf.o
       108          0          0          0          0        128   drleqf.o
       408         56          0          0          0        168   dsqrt_umaal.o
        26          0          0          0          0        116   fpinit.o
         4          0          0          0          0        116   printf1.o
         4          0          0          0          0        116   printf2.o
       100          0          0          0          0        116   retnan.o
        92          0          0          0          0        116   scalbn.o
        48          0          0          0          0        116   trapv.o
         0          0          0          0          0          0   usenofp.o
       200         20          0          0          0        164   cos.o
       368         46         48          0          0        200   cos_i.o
       184         44          0          0          0        744   dunder.o
        24          0          0          0          0        124   fabs.o
        48          0          0          0          0        124   fpclassify.o
       248          0          0          0          0        152   poly.o
      3168        296        136          0          0        352   pow.o
         0          0          8          0          0          0   qnan.o
      1080        142        204          0          0        188   rred.o
       304         24         40          0          0        208   sin_i.o
       232          0          0          0          0        296   sqrt.o

    ----------------------------------------------------------------------
     16414       1082       1000          0         96      10108   Library Totals
        40          0         13          0          0          0   (incl. Padding)

    ----------------------------------------------------------------------

      Code (inc. data)   RO Data    RW Data    ZI Data      Debug   Library Name

      7332        270        551          0         96       4468   c_w.l
      3186        240          0          0          0       3088   fz_wm.l
      5856        572        436          0          0       2552   m_wm.l

    ----------------------------------------------------------------------
     16414       1082       1000          0         96      10108   Library Totals

    ----------------------------------------------------------------------

==============================================================================


      Code (inc. data)   RO Data    RW Data    ZI Data      Debug   

     70892       1310       4792      14444      53668     361875   Grand Totals
     70892       1310       4792        360      53668     361875   ELF Image Totals (compressed)
     70892       1310       4792        360          0          0   ROM Totals

==============================================================================

    Total RO  Size (Code + RO Data)                75684 (  73.91kB)
    Total RW  Size (RW Data + ZI Data)             68112 (  66.52kB)
    Total ROM Size (Code + RO Data + RW Data)      76044 (  74.26kB)

==============================================================================

