Component: ARM Compiler 6.16 Tool: armlink [5dfeaa00]

==============================================================================

Section Cross References

    startup_at32f403a_407.o(STACK) refers (Special) to heapauxi.o(.text) for __use_two_region_memory
    startup_at32f403a_407.o(HEAP) refers (Special) to heapauxi.o(.text) for __use_two_region_memory
    startup_at32f403a_407.o(RESET) refers (Special) to heapauxi.o(.text) for __use_two_region_memory
    startup_at32f403a_407.o(RESET) refers to startup_at32f403a_407.o(STACK) for __initial_sp
    startup_at32f403a_407.o(RESET) refers to startup_at32f403a_407.o(.text) for Reset_Handler
    startup_at32f403a_407.o(RESET) refers to usb.o(.text.USBFS_L_CAN1_RX0_IRQHandler) for USBFS_L_CAN1_RX0_IRQHandler
    startup_at32f403a_407.o(RESET) refers to timerx.o(.text.TMR2_GLOBAL_IRQHandler) for TMR2_GLOBAL_IRQHandler
    startup_at32f403a_407.o(.text) refers (Special) to heapauxi.o(.text) for __use_two_region_memory
    startup_at32f403a_407.o(.text) refers to system_at32f403a_407.o(.text.SystemInit) for SystemInit
    startup_at32f403a_407.o(.text) refers to __main.o(!!!main) for __main
    startup_at32f403a_407.o(.text) refers to startup_at32f403a_407.o(HEAP) for Heap_Mem
    startup_at32f403a_407.o(.text) refers to startup_at32f403a_407.o(STACK) for Stack_Mem
    system_at32f403a_407.o(.ARM.exidx.text.SystemInit) refers to system_at32f403a_407.o(.text.SystemInit) for [Anonymous Symbol]
    system_at32f403a_407.o(.text.system_core_clock_update) refers to at32f403a_407_crm.o(.text.crm_sysclk_switch_status_get) for crm_sysclk_switch_status_get
    system_at32f403a_407.o(.text.system_core_clock_update) refers to system_at32f403a_407.o(.data.system_core_clock) for system_core_clock
    system_at32f403a_407.o(.text.system_core_clock_update) refers to system_at32f403a_407.o(.rodata.system_core_clock_update.sys_ahb_div_table) for system_core_clock_update.sys_ahb_div_table
    system_at32f403a_407.o(.ARM.exidx.text.system_core_clock_update) refers to system_at32f403a_407.o(.text.system_core_clock_update) for [Anonymous Symbol]
    main.o(.text.main) refers to iap.o(.text.IAP_UpdateCheck) for IAP_UpdateCheck
    main.o(.text.main) refers to main.o(.text.SysClkInit) for SysClkInit
    main.o(.text.main) refers to main.o(.text.Clock_Config) for Clock_Config
    main.o(.text.main) refers to timerx.o(.text.TIMx_Init) for TIMx_Init
    main.o(.text.main) refers to usb.o(.text.USB_Init) for USB_Init
    main.o(.text.main) refers to timerx.o(.text.OneMs_Define) for OneMs_Define
    main.o(.text.main) refers to iap.o(.text.IAP_Init) for IAP_Init
    main.o(.text.main) refers to iap.o(.text.IAP_Main) for IAP_Main
    main.o(.ARM.exidx.text.main) refers to main.o(.text.main) for [Anonymous Symbol]
    main.o(.text.SysClkInit) refers to at32f403a_407_crm.o(.text.crm_reset) for crm_reset
    main.o(.text.SysClkInit) refers to at32f403a_407_crm.o(.text.crm_clock_source_enable) for crm_clock_source_enable
    main.o(.text.SysClkInit) refers to at32f403a_407_crm.o(.text.crm_flag_get) for crm_flag_get
    main.o(.text.SysClkInit) refers to at32f403a_407_crm.o(.text.crm_hext_stable_wait) for crm_hext_stable_wait
    main.o(.text.SysClkInit) refers to at32f403a_407_crm.o(.text.crm_pll_config) for crm_pll_config
    main.o(.text.SysClkInit) refers to at32f403a_407_crm.o(.text.crm_ahb_div_set) for crm_ahb_div_set
    main.o(.text.SysClkInit) refers to at32f403a_407_crm.o(.text.crm_apb2_div_set) for crm_apb2_div_set
    main.o(.text.SysClkInit) refers to at32f403a_407_crm.o(.text.crm_apb1_div_set) for crm_apb1_div_set
    main.o(.text.SysClkInit) refers to at32f403a_407_crm.o(.text.crm_auto_step_mode_enable) for crm_auto_step_mode_enable
    main.o(.text.SysClkInit) refers to at32f403a_407_crm.o(.text.crm_sysclk_switch) for crm_sysclk_switch
    main.o(.text.SysClkInit) refers to at32f403a_407_crm.o(.text.crm_sysclk_switch_status_get) for crm_sysclk_switch_status_get
    main.o(.text.SysClkInit) refers to system_at32f403a_407.o(.text.system_core_clock_update) for system_core_clock_update
    main.o(.ARM.exidx.text.SysClkInit) refers to main.o(.text.SysClkInit) for [Anonymous Symbol]
    main.o(.text.Clock_Config) refers to at32f403a_407_crm.o(.text.crm_periph_clock_enable) for crm_periph_clock_enable
    main.o(.text.Clock_Config) refers to at32f403a_407_gpio.o(.text.gpio_pin_remap_config) for gpio_pin_remap_config
    main.o(.ARM.exidx.text.Clock_Config) refers to main.o(.text.Clock_Config) for [Anonymous Symbol]
    main.o(.ARM.exidx.text.Error_Handler) refers to main.o(.text.Error_Handler) for [Anonymous Symbol]
    flashx.o(.text.Flashx_WriteBytes) refers to at32f403a_407_flash.o(.text.flash_unlock) for flash_unlock
    flashx.o(.text.Flashx_WriteBytes) refers to at32f403a_407_flash.o(.text.flash_flag_clear) for flash_flag_clear
    flashx.o(.text.Flashx_WriteBytes) refers to at32f403a_407_flash.o(.text.flash_byte_program) for flash_byte_program
[...]
    [Anonymous Symbol]                       0x08002594   Section        0  cdc_desc.o(.text.get_device_qualifier)
    get_device_serial_string                 0x08002599   Thumb Code    16  cdc_desc.o(.text.get_device_serial_string)
    [Anonymous Symbol]                       0x08002598   Section        0  cdc_desc.o(.text.get_device_serial_string)
    get_serial_num                           0x080025a9   Thumb Code    92  cdc_desc.o(.text.get_serial_num)
    [Anonymous Symbol]                       0x080025a8   Section        0  cdc_desc.o(.text.get_serial_num)
    [Anonymous Symbol]                       0x08002604   Section        0  at32f403a_407_gpio.o(.text.gpio_pin_remap_config)
    [Anonymous Symbol]                       0x0800269c   Section        0  main.o(.text.main)
    [Anonymous Symbol]                       0x080026d4   Section        0  at32f403a_407_misc.o(.text.nvic_irq_enable)
    [Anonymous Symbol]                       0x08002708   Section        0  at32f403a_407_misc.o(.text.nvic_priority_group_config)
    [Anonymous Symbol]                       0x0800271c   Section        0  system_at32f403a_407.o(.text.system_core_clock_update)
    [Anonymous Symbol]                       0x080028bc   Section        0  timerx.o(.text.tick100ms)
    [Anonymous Symbol]                       0x080028c0   Section        0  timerx.o(.text.tick1ms)
    [Anonymous Symbol]                       0x080028c8   Section        0  timerx.o(.text.tick1s)
    [Anonymous Symbol]                       0x080028cc   Section        0  at32f403a_407_tmr.o(.text.tmr_base_init)
    [Anonymous Symbol]                       0x080028f0   Section        0  at32f403a_407_tmr.o(.text.tmr_clock_source_div_set)
    [Anonymous Symbol]                       0x08002914   Section        0  at32f403a_407_tmr.o(.text.tmr_cnt_dir_set)
    [Anonymous Symbol]                       0x08002938   Section        0  at32f403a_407_tmr.o(.text.tmr_counter_enable)
    [Anonymous Symbol]                       0x08002954   Section        0  at32f403a_407_tmr.o(.text.tmr_flag_clear)
    [Anonymous Symbol]                       0x08002968   Section        0  at32f403a_407_tmr.o(.text.tmr_interrupt_enable)
    [Anonymous Symbol]                       0x080029a4   Section        0  at32f403a_407_tmr.o(.text.tmr_interrupt_flag_get)
    [Anonymous Symbol]                       0x080029e0   Section        0  at32f403a_407_tmr.o(.text.tmr_repetition_counter_set)
    [Anonymous Symbol]                       0x080029fc   Section        0  at32f403a_407_usb.o(.text.usb_buffer_free)
    [Anonymous Symbol]                       0x08002a0c   Section        0  at32f403a_407_usb.o(.text.usb_connect)
    [Anonymous Symbol]                       0x08002a28   Section        0  at32f403a_407_usb.o(.text.usb_dev_init)
    [Anonymous Symbol]                       0x08002a58   Section        0  at32f403a_407_usb.o(.text.usb_enter_suspend)
    [Anonymous Symbol]                       0x08002a74   Section        0  at32f403a_407_usb.o(.text.usb_ept_close)
    [Anonymous Symbol]                       0x08002cc8   Section        0  at32f403a_407_usb.o(.text.usb_ept_open)
    [Anonymous Symbol]                       0x08003338   Section        0  at32f403a_407_usb.o(.text.usb_exit_suspend)
    [Anonymous Symbol]                       0x08003354   Section        0  at32f403a_407_usb.o(.text.usb_flag_clear)
    [Anonymous Symbol]                       0x0800336c   Section        0  at32f403a_407_usb.o(.text.usb_interrupt_enable)
    [Anonymous Symbol]                       0x080033a4   Section        0  at32f403a_407_usb.o(.text.usb_read_packet)
    [Anonymous Symbol]                       0x08003408   Section        0  at32f403a_407_usb.o(.text.usb_set_address)
    usb_vcp_cmd_process                      0x0800342d   Thumb Code   164  cdc_class.o(.text.usb_vcp_cmd_process)
    [Anonymous Symbol]                       0x0800342c   Section        0  cdc_class.o(.text.usb_vcp_cmd_process)
    [Anonymous Symbol]                       0x080034d0   Section        0  cdc_class.o(.text.usb_vcp_send_data)
    [Anonymous Symbol]                       0x08003520   Section        0  at32f403a_407_usb.o(.text.usb_write_packet)
    usbd_clear_feature                       0x08003585   Thumb Code   104  usbd_sdr.o(.text.usbd_clear_feature)
    [Anonymous Symbol]                       0x08003584   Section        0  usbd_sdr.o(.text.usbd_clear_feature)
    [Anonymous Symbol]                       0x080035ec   Section        0  usbd_core.o(.text.usbd_clear_stall)
    [Anonymous Symbol]                       0x080036bc   Section        0  usbd_core.o(.text.usbd_connect)
    [Anonymous Symbol]                       0x080036d0   Section        0  usbd_core.o(.text.usbd_core_in_handler)
    [Anonymous Symbol]                       0x080037f0   Section        0  usbd_core.o(.text.usbd_core_init)
    [Anonymous Symbol]                       0x08003834   Section        0  usbd_core.o(.text.usbd_core_out_handler)
    [Anonymous Symbol]                       0x08003904   Section        0  usbd_core.o(.text.usbd_core_setup_handler)
    [Anonymous Symbol]                       0x08003970   Section        0  usbd_core.o(.text.usbd_ctrl_recv)
    [Anonymous Symbol]                       0x080039b0   Section        0  usbd_core.o(.text.usbd_ctrl_recv_status)
    [Anonymous Symbol]                       0x080039d0   Section        0  usbd_core.o(.text.usbd_ctrl_send)
    [Anonymous Symbol]                       0x08003a0c   Section        0  usbd_core.o(.text.usbd_ctrl_send_status)
    [Anonymous Symbol]                       0x08003a2c   Section        0  usbd_core.o(.text.usbd_ctrl_unsupport)
    [Anonymous Symbol]                       0x08003a48   Section        0  usbd_sdr.o(.text.usbd_device_request)
    [Anonymous Symbol]                       0x08003af0   Section        0  usbd_sdr.o(.text.usbd_endpoint_request)
    [Anonymous Symbol]                       0x08003d3c   Section        0  usbd_core.o(.text.usbd_enter_suspend)
    [Anonymous Symbol]                       0x08003d50   Section        0  usbd_core.o(.text.usbd_ept_buf_custom_define)
    [Anonymous Symbol]                       0x08003dc8   Section        0  usbd_core.o(.text.usbd_ept_close)
    [Anonymous Symbol]                       0x08003e18   Section        0  usbd_core.o(.text.usbd_ept_defaut_init)
    [Anonymous Symbol]                       0x08003f38   Section        0  usbd_int.o(.text.usbd_ept_loop_handler)
    [Anonymous Symbol]                       0x08003f74   Section        0  usbd_core.o(.text.usbd_ept_open)
    [Anonymous Symbol]                       0x08003ff0   Section        0  usbd_core.o(.text.usbd_ept_recv)
    [Anonymous Symbol]                       0x080040a4   Section        0  usbd_core.o(.text.usbd_ept_send)
    [Anonymous Symbol]                       0x08004268   Section        0  usbd_int.o(.text.usbd_eptn_handler)
    usbd_get_configuration                   0x0800452d   Thumb Code   116  usbd_sdr.o(.text.usbd_get_configuration)
    [Anonymous Symbol]                       0x0800452c   Section        0  usbd_sdr.o(.text.usbd_get_configuration)
    usbd_get_descriptor                      0x080045a1   Thumb Code   396  usbd_sdr.o(.text.usbd_get_descriptor)
    [Anonymous Symbol]                       0x080045a0   Section        0  usbd_sdr.o(.text.usbd_get_descriptor)
    [Anonymous Symbol]                       0x0800472c   Section        0  usbd_core.o(.text.usbd_get_recv_len)
    usbd_get_status                          0x08004751   Thumb Code    82  usbd_sdr.o(.text.usbd_get_status)
    [Anonymous Symbol]                       0x08004750   Section        0  usbd_sdr.o(.text.usbd_get_status)
    usbd_int_to_unicode                      0x080047a5   Thumb Code   118  cdc_desc.o(.text.usbd_int_to_unicode)
    [Anonymous Symbol]                       0x080047a4   Section        0  cdc_desc.o(.text.usbd_int_to_unicode)
    [Anonymous Symbol]                       0x0800481c   Section        0  usbd_sdr.o(.text.usbd_interface_request)
    [Anonymous Symbol]                       0x08004878   Section        0  usbd_int.o(.text.usbd_irq_handler)
    [Anonymous Symbol]                       0x08004964   Section        0  usbd_int.o(.text.usbd_reset_handler)
    usbd_set_address                         0x080049d5   Thumb Code   132  usbd_sdr.o(.text.usbd_set_address)
    [Anonymous Symbol]                       0x080049d4   Section        0  usbd_sdr.o(.text.usbd_set_address)
    usbd_set_configuration                   0x08004a59   Thumb Code   296  usbd_sdr.o(.text.usbd_set_configuration)
    [Anonymous Symbol]                       0x08004a58   Section        0  usbd_sdr.o(.text.usbd_set_configuration)
    usbd_set_feature                         0x08004b81   Thumb Code    74  usbd_sdr.o(.text.usbd_set_feature)
    [Anonymous Symbol]                       0x08004b80   Section        0  usbd_sdr.o(.text.usbd_set_feature)
    [Anonymous Symbol]                       0x08004bcc   Section        0  usbd_core.o(.text.usbd_set_stall)
    [Anonymous Symbol]                       0x08004c84   Section        0  usbd_sdr.o(.text.usbd_setup_request_parse)
    [Anonymous Symbol]                       0x08004cc8   Section        0  usbd_int.o(.text.usbd_sof_handler)
    [Anonymous Symbol]                       0x08004ce8   Section        0  usbd_int.o(.text.usbd_suspend_handler)
    usbd_unicode_convert                     0x08004d21   Thumb Code   118  cdc_desc.o(.text.usbd_unicode_convert)
    [Anonymous Symbol]                       0x08004d20   Section        0  cdc_desc.o(.text.usbd_unicode_convert)
    [Anonymous Symbol]                       0x08004d98   Section        0  usbd_int.o(.text.usbd_wakeup_handler)
    $v0                                      0x08004dcc   Number         0  dfixu.o(x$fpl$dfixu)
    x$fpl$dfixu                              0x08004dcc   Section       90  dfixu.o(x$fpl$dfixu)
    $v0                                      0x08004e26   Number         0  dflt_clz.o(x$fpl$dfltu)
    x$fpl$dfltu                              0x08004e26   Section       38  dflt_clz.o(x$fpl$dfltu)
    $v0                                      0x08004e4c   Number         0  dmul.o(x$fpl$dmul)
    x$fpl$dmul                               0x08004e4c   Section      340  dmul.o(x$fpl$dmul)
    $v0                                      0x08004fa0   Number         0  dnaninf.o(x$fpl$dnaninf)
    x$fpl$dnaninf                            0x08004fa0   Section      156  dnaninf.o(x$fpl$dnaninf)
    $v0                                      0x0800503c   Number         0  dretinf.o(x$fpl$dretinf)
    x$fpl$dretinf                            0x0800503c   Section       12  dretinf.o(x$fpl$dretinf)
    $v0                                      0x08005048   Number         0  fpinit.o(x$fpl$fpinit)
    x$fpl$fpinit                             0x08005048   Section       26  fpinit.o(x$fpl$fpinit)
    .L.str.1                                 0x08005062   Data          24  cdc_desc.o(.rodata.str1.1)
    [Anonymous Symbol]                       0x08005062   Section        0  cdc_desc.o(.rodata.str1.1)
    x$fpl$usenofp                            0x08005062   Section        0  usenofp.o(x$fpl$usenofp)
    .L.str.3                                 0x0800507a   Data          26  cdc_desc.o(.rodata.str1.1)
    .L.str.4                                 0x08005094   Data          23  cdc_desc.o(.rodata.str1.1)
    .L.str                                   0x080050ab   Data           7  cdc_desc.o(.rodata.str1.1)
    system_core_clock_update.sys_ahb_div_table 0x080050b2   Data          16  system_at32f403a_407.o(.rodata.system_core_clock_update.sys_ahb_div_table)
    [Anonymous Symbol]                       0x080050b2   Section        0  system_at32f403a_407.o(.rodata.system_core_clock_update.sys_ahb_div_table)
    config_descriptor                        0x20000050   Data           8  cdc_desc.o(.data.config_descriptor)
    [Anonymous Symbol]                       0x20000050   Section        0  cdc_desc.o(.data.config_descriptor)
    device_descriptor                        0x20000058   Data           8  cdc_desc.o(.data.device_descriptor)
    [Anonymous Symbol]                       0x20000058   Section        0  cdc_desc.o(.data.device_descriptor)
    g_string_lang_id                         0x20000060   Data           4  cdc_desc.o(.data.g_string_lang_id)
    [Anonymous Symbol]                       0x20000060   Section        0  cdc_desc.o(.data.g_string_lang_id)
    g_string_serial                          0x20000064   Data          26  cdc_desc.o(.data.g_string_serial)
    [Anonymous Symbol]                       0x20000064   Section        0  cdc_desc.o(.data.g_string_serial)
    g_usb_offset_addr                        0x2000007e   Data           2  at32f403a_407_usb.o(.data.g_usb_offset_addr)
    [Anonymous Symbol]                       0x2000007e   Section        0  at32f403a_407_usb.o(.data.g_usb_offset_addr)
    g_usbd_configuration                     0x20000084   Data          67  cdc_desc.o(.data.g_usbd_configuration)
    [Anonymous Symbol]                       0x20000084   Section        0  cdc_desc.o(.data.g_usbd_configuration)
    g_usbd_descriptor                        0x200000c8   Data          18  cdc_desc.o(.data.g_usbd_descriptor)
    [Anonymous Symbol]                       0x200000c8   Section        0  cdc_desc.o(.data.g_usbd_descriptor)
    langid_descriptor                        0x200000dc   Data           8  cdc_desc.o(.data.langid_descriptor)
    [Anonymous Symbol]                       0x200000dc   Section        0  cdc_desc.o(.data.langid_descriptor)
    serial_descriptor                        0x200000ec   Data           8  cdc_desc.o(.data.serial_descriptor)
    [Anonymous Symbol]                       0x200000ec   Section        0  cdc_desc.o(.data.serial_descriptor)
    .bss                                     0x200000f8   Section       96  libspace.o(.bss)
    g_usbd_desc_buffer                       0x200001e4   Data         256  cdc_desc.o(.bss.g_usbd_desc_buffer)
    [Anonymous Symbol]                       0x200001e4   Section        0  cdc_desc.o(.bss.g_usbd_desc_buffer)
    usbd_set_configuration.config_value      0x20001748   Data           1  usbd_sdr.o(.bss.usbd_set_configuration.config_value)
    [Anonymous Symbol]                       0x20001748   Section        0  usbd_sdr.o(.bss.usbd_set_configuration.config_value)
    vp_desc                                  0x2000174c   Data           8  cdc_desc.o(.bss.vp_desc)
    [Anonymous Symbol]                       0x2000174c   Section        0  cdc_desc.o(.bss.vp_desc)
    Heap_Mem                                 0x20001758   Data         512  startup_at32f403a_407.o(HEAP)
    HEAP                                     0x20001758   Section      512  startup_at32f403a_407.o(HEAP)
    Stack_Mem                                0x20001958   Data        1024  startup_at32f403a_407.o(STACK)
    STACK                                    0x20001958   Section     1024  startup_at32f403a_407.o(STACK)
    __initial_sp                             0x20001d58   Data           0  startup_at32f403a_407.o(STACK)

    Global Symbols

    Symbol Name                              Value     Ov Type        Size  Object(Section)

    BuildAttributes$$THM_ISAv4$E$P$D$K$B$S$7EM$VFPi3$EXTD16$VFPS$VFMA$PE$A:L22UL41UL21$X:L11$S22US41US21$IEEE1$IW$~IW$USESV6$~STKCKD$USESV7$~SHL$OSPACE$ROPI$EBA8$UX$STANDARDLIB$REQ8$PRES8$EABIv2 0x00000000   Number         0  anon$$obj.o ABSOLUTE
    __ARM_exceptions_init                     - Undefined Weak Reference
    __alloca_initialize                       - Undefined Weak Reference
    __arm_preinit_                            - Undefined Weak Reference
    __cpp_initialize__aeabi_                  - Undefined Weak Reference
    __cxa_finalize                            - Undefined Weak Reference
    __rt_locale                               - Undefined Weak Reference
    __sigvec_lookup                           - Undefined Weak Reference
    _atexit_init                              - Undefined Weak Reference
    _call_atexit_fns                          - Undefined Weak Reference
    _clock_init                               - Undefined Weak Reference
    _fp_trap_init                             - Undefined Weak Reference
    _fp_trap_shutdown                         - Undefined Weak Reference
    _get_lc_collate                           - Undefined Weak Reference
    _get_lc_ctype                             - Undefined Weak Reference
    _get_lc_monetary                          - Undefined Weak Reference
    _get_lc_numeric                           - Undefined Weak Reference
    _get_lc_time                              - Undefined Weak Reference
    _getenv_init                              - Undefined Weak Reference
    _handle_redirection                       - Undefined Weak Reference
    _init_alloc                               - Undefined Weak Reference
    _init_user_alloc                          - Undefined Weak Reference
    _initio                                   - Undefined Weak Reference
    _rand_init                                - Undefined Weak Reference
    _signal_finish                            - Undefined Weak Reference
    _signal_init                              - Undefined Weak Reference
    _terminate_alloc                          - Undefined Weak Reference
    _terminate_user_alloc                     - Undefined Weak Reference
    _terminateio                              - Undefined Weak Reference
    __Vectors_Size                           0x00000184   Number         0  startup_at32f403a_407.o ABSOLUTE
    __Vectors                                0x08000000   Data           4  startup_at32f403a_407.o(RESET)
    __Vectors_End                            0x08000184   Data           0  startup_at32f403a_407.o(RESET)
    __main                                   0x08000185   Thumb Code     8  __main.o(!!!main)
    __scatterload                            0x0800018d   Thumb Code     0  __scatter.o(!!!scatter)
    __scatterload_rt2                        0x0800018d   Thumb Code    44  __scatter.o(!!!scatter)
    __scatterload_rt2_thumb_only             0x0800018d   Thumb Code     0  __scatter.o(!!!scatter)
    __scatterload_null                       0x0800019b   Thumb Code     0  __scatter.o(!!!scatter)
    __scatterload_copy                       0x080001c1   Thumb Code    26  __scatter_copy.o(!!handler_copy)
    __scatterload_zeroinit                   0x080001dd   Thumb Code    28  __scatter_zi.o(!!handler_zi)
    __rt_lib_init                            0x080001f9   Thumb Code     0  libinit.o(.ARM.Collect$$libinit$$00000000)
    __rt_lib_init_fp_1                       0x080001fb   Thumb Code     0  libinit2.o(.ARM.Collect$$libinit$$00000001)
    __rt_lib_init_alloca_1                   0x080001ff   Thumb Code     0  libinit2.o(.ARM.Collect$$libinit$$0000002E)
    __rt_lib_init_argv_1                     0x080001ff   Thumb Code     0  libinit2.o(.ARM.Collect$$libinit$$0000002C)
    __rt_lib_init_atexit_1                   0x080001ff   Thumb Code     0  libinit2.o(.ARM.Collect$$libinit$$0000001B)
    __rt_lib_init_clock_1                    0x080001ff   Thumb Code     0  libinit2.o(.ARM.Collect$$libinit$$00000021)
    __rt_lib_init_cpp_1                      0x080001ff   Thumb Code     0  libinit2.o(.ARM.Collect$$libinit$$00000032)
    __rt_lib_init_exceptions_1               0x080001ff   Thumb Code     0  libinit2.o(.ARM.Collect$$libinit$$00000030)
    __rt_lib_init_fp_trap_1                  0x080001ff   Thumb Code     0  libinit2.o(.ARM.Collect$$libinit$$0000001F)
    __rt_lib_init_getenv_1                   0x080001ff   Thumb Code     0  libinit2.o(.ARM.Collect$$libinit$$00000023)
    __rt_lib_init_heap_1                     0x080001ff   Thumb Code     0  libinit2.o(.ARM.Collect$$libinit$$0000000A)
    __rt_lib_init_lc_collate_1               0x080001ff   Thumb Code     0  libinit2.o(.ARM.Collect$$libinit$$00000011)
    __rt_lib_init_lc_ctype_1                 0x080001ff   Thumb Code     0  libinit2.o(.ARM.Collect$$libinit$$00000013)
    __rt_lib_init_lc_monetary_1              0x080001ff   Thumb Code     0  libinit2.o(.ARM.Collect$$libinit$$00000015)
    __rt_lib_init_lc_numeric_1               0x080001ff   Thumb Code     0  libinit2.o(.ARM.Collect$$libinit$$00000017)
    __rt_lib_init_lc_time_1                  0x080001ff   Thumb Code     0  libinit2.o(.ARM.Collect$$libinit$$00000019)
    __rt_lib_init_preinit_1                  0x080001ff   Thumb Code     0  libinit2.o(.ARM.Collect$$libinit$$00000004)
    __rt_lib_init_rand_1                     0x080001ff   Thumb Code     0  libinit2.o(.ARM.Collect$$libinit$$0000000E)
    __rt_lib_init_return                     0x080001ff   Thumb Code     0  libinit2.o(.ARM.Collect$$libinit$$00000033)
    __rt_lib_init_signal_1                   0x080001ff   Thumb Code     0  libinit2.o(.ARM.Collect$$libinit$$0000001D)
    __rt_lib_init_stdio_1                    0x080001ff   Thumb Code     0  libinit2.o(.ARM.Collect$$libinit$$00000025)
    __rt_lib_init_user_alloc_1               0x080001ff   Thumb Code     0  libinit2.o(.ARM.Collect$$libinit$$0000000C)
    __rt_lib_shutdown                        0x08000201   Thumb Code     0  libshutdown.o(.ARM.Collect$$libshutdown$$00000000)
    __rt_lib_shutdown_cpp_1                  0x08000203   Thumb Code     0  libshutdown2.o(.ARM.Collect$$libshutdown$$00000002)
    __rt_lib_shutdown_fp_trap_1              0x08000203   Thumb Code     0  libshutdown2.o(.ARM.Collect$$libshutdown$$00000007)
    __rt_lib_shutdown_heap_1                 0x08000203   Thumb Code     0  libshutdown2.o(.ARM.Collect$$libshutdown$$0000000F)
    __rt_lib_shutdown_return                 0x08000203   Thumb Code     0  libshutdown2.o(.ARM.Collect$$libshutdown$$00000010)
    __rt_lib_shutdown_signal_1               0x08000203   Thumb Code     0  libshutdown2.o(.ARM.Collect$$libshutdown$$0000000A)
    __rt_lib_shutdown_stdio_1                0x08000203   Thumb Code     0  libshutdown2.o(.ARM.Collect$$libshutdown$$00000004)
    __rt_lib_shutdown_user_alloc_1           0x08000203   Thumb Code     0  libshutdown2.o(.ARM.Collect$$libshutdown$$0000000C)
    __rt_entry                               0x08000205   Thumb Code     0  __rtentry.o(.ARM.Collect$$rtentry$$00000000)
    __rt_entry_presh_1                       0x08000205   Thumb Code     0  __rtentry2.o(.ARM.Collect$$rtentry$$00000002)
    __rt_entry_sh                            0x08000205   Thumb Code     0  __rtentry4.o(.ARM.Collect$$rtentry$$00000004)
    __rt_entry_li                            0x0800020b   Thumb Code     0  __rtentry2.o(.ARM.Collect$$rtentry$$0000000A)
    __rt_entry_postsh_1                      0x0800020b   Thumb Code     0  __rtentry2.o(.ARM.Collect$$rtentry$$00000009)
    __rt_entry_main                          0x0800020f   Thumb Code     0  __rtentry2.o(.ARM.Collect$$rtentry$$0000000D)
    __rt_entry_postli_1                      0x0800020f   Thumb Code     0  __rtentry2.o(.ARM.Collect$$rtentry$$0000000C)
    __rt_exit                                0x08000217   Thumb Code     0  rtexit.o(.ARM.Collect$$rtexit$$00000000)
    __rt_exit_ls                             0x08000219   Thumb Code     0  rtexit2.o(.ARM.Collect$$rtexit$$00000003)
    __rt_exit_prels_1                        0x08000219   Thumb Code     0  rtexit2.o(.ARM.Collect$$rtexit$$00000002)
    __rt_exit_exit                           0x0800021d   Thumb Code     0  rtexit2.o(.ARM.Collect$$rtexit$$00000004)
    Reset_Handler                            0x08000225   Thumb Code     8  startup_at32f403a_407.o(.text)
    NMI_Handler                              0x0800022d   Thumb Code     2  startup_at32f403a_407.o(.text)
    HardFault_Handler                        0x0800022f   Thumb Code     2  startup_at32f403a_407.o(.text)
    MemManage_Handler                        0x08000231   Thumb Code     2  startup_at32f403a_407.o(.text)
    BusFault_Handler                         0x08000233   Thumb Code     2  startup_at32f403a_407.o(.text)
    UsageFault_Handler                       0x08000235   Thumb Code     2  startup_at32f403a_407.o(.text)
    SVC_Handler                              0x08000237   Thumb Code     2  startup_at32f403a_407.o(.text)
    DebugMon_Handler                         0x08000239   Thumb Code     2  startup_at32f403a_407.o(.text)
    PendSV_Handler                           0x0800023b   Thumb Code     2  startup_at32f403a_407.o(.text)
    SysTick_Handler                          0x0800023d   Thumb Code     2  startup_at32f403a_407.o(.text)
    ACC_IRQHandler                           0x0800023f   Thumb Code     0  startup_at32f403a_407.o(.text)
    ADC1_2_IRQHandler                        0x0800023f   Thumb Code     0  startup_at32f403a_407.o(.text)
    ADC3_IRQHandler                          0x0800023f   Thumb Code     0  startup_at32f403a_407.o(.text)
    CAN1_RX1_IRQHandler                      0x0800023f   Thumb Code     0  startup_at32f403a_407.o(.text)
    CAN1_SE_IRQHandler                       0x0800023f   Thumb Code     0  startup_at32f403a_407.o(.text)
    CAN2_RX0_IRQHandler                      0x0800023f   Thumb Code     0  startup_at32f403a_407.o(.text)
    CAN2_RX1_IRQHandler                      0x0800023f   Thumb Code     0  startup_at32f403a_407.o(.text)
    CAN2_SE_IRQHandler                       0x0800023f   Thumb Code     0  startup_at32f403a_407.o(.text)
    CAN2_TX_IRQHandler                       0x0800023f   Thumb Code     0  startup_at32f403a_407.o(.text)
    CRM_IRQHandler                           0x0800023f   Thumb Code     0  startup_at32f403a_407.o(.text)
    DMA1_Channel1_IRQHandler                 0x0800023f   Thumb Code     0  startup_at32f403a_407.o(.text)
    DMA1_Channel2_IRQHandler                 0x0800023f   Thumb Code     0  startup_at32f403a_407.o(.text)
    DMA1_Channel3_IRQHandler                 0x0800023f   Thumb Code     0  startup_at32f403a_407.o(.text)
    DMA1_Channel4_IRQHandler                 0x0800023f   Thumb Code     0  startup_at32f403a_407.o(.text)
    DMA1_Channel5_IRQHandler                 0x0800023f   Thumb Code     0  startup_at32f403a_407.o(.text)
    DMA1_Channel6_IRQHandler                 0x0800023f   Thumb Code     0  startup_at32f403a_407.o(.text)
    DMA1_Channel7_IRQHandler                 0x0800023f   Thumb Code     0  startup_at32f403a_407.o(.text)
    DMA2_Channel1_IRQHandler                 0x0800023f   Thumb Code     0  startup_at32f403a_407.o(.text)
    DMA2_Channel2_IRQHandler                 0x0800023f   Thumb Code     0  startup_at32f403a_407.o(.text)
    DMA2_Channel3_IRQHandler                 0x0800023f   Thumb Code     0  startup_at32f403a_407.o(.text)
    DMA2_Channel4_5_IRQHandler               0x0800023f   Thumb Code     0  startup_at32f403a_407.o(.text)
    DMA2_Channel6_7_IRQHandler               0x0800023f   Thumb Code     0  startup_at32f403a_407.o(.text)
    EMAC_IRQHandler                          0x0800023f   Thumb Code     0  startup_at32f403a_407.o(.text)
    EMAC_WKUP_IRQHandler                     0x0800023f   Thumb Code     0  startup_at32f403a_407.o(.text)
    EXINT0_IRQHandler                        0x0800023f   Thumb Code     0  startup_at32f403a_407.o(.text)
    EXINT15_10_IRQHandler                    0x0800023f   Thumb Code     0  startup_at32f403a_407.o(.text)
    EXINT1_IRQHandler                        0x0800023f   Thumb Code     0  startup_at32f403a_407.o(.text)
    EXINT2_IRQHandler                        0x0800023f   Thumb Code     0  startup_at32f403a_407.o(.text)
    EXINT3_IRQHandler                        0x0800023f   Thumb Code     0  startup_at32f403a_407.o(.text)
    EXINT4_IRQHandler                        0x0800023f   Thumb Code     0  startup_at32f403a_407.o(.text)
    EXINT9_5_IRQHandler                      0x0800023f   Thumb Code     0  startup_at32f403a_407.o(.text)
    FLASH_IRQHandler                         0x0800023f   Thumb Code     0  startup_at32f403a_407.o(.text)
    I2C1_ERR_IRQHandler                      0x0800023f   Thumb Code     0  startup_at32f403a_407.o(.text)
    I2C1_EVT_IRQHandler                      0x0800023f   Thumb Code     0  startup_at32f403a_407.o(.text)
    I2C2_ERR_IRQHandler                      0x0800023f   Thumb Code     0  startup_at32f403a_407.o(.text)
    I2C2_EVT_IRQHandler                      0x0800023f   Thumb Code     0  startup_at32f403a_407.o(.text)
    I2C3_ERR_IRQHandler                      0x0800023f   Thumb Code     0  startup_at32f403a_407.o(.text)
    I2C3_EVT_IRQHandler                      0x0800023f   Thumb Code     0  startup_at32f403a_407.o(.text)
    PVM_IRQHandler                           0x0800023f   Thumb Code     0  startup_at32f403a_407.o(.text)
    RTCAlarm_IRQHandler                      0x0800023f   Thumb Code     0  startup_at32f403a_407.o(.text)
    RTC_IRQHandler                           0x0800023f   Thumb Code     0  startup_at32f403a_407.o(.text)
    SDIO1_IRQHandler                         0x0800023f   Thumb Code     0  startup_at32f403a_407.o(.text)
    SDIO2_IRQHandler                         0x0800023f   Thumb Code     0  startup_at32f403a_407.o(.text)
    SPI1_IRQHandler                          0x0800023f   Thumb Code     0  startup_at32f403a_407.o(.text)
    SPI2_I2S2EXT_IRQHandler                  0x0800023f   Thumb Code     0  startup_at32f403a_407.o(.text)
    SPI3_I2S3EXT_IRQHandler                  0x0800023f   Thumb Code     0  startup_at32f403a_407.o(.text)
    SPI4_IRQHandler                          0x0800023f   Thumb Code     0  startup_at32f403a_407.o(.text)
    TAMPER_IRQHandler                        0x0800023f   Thumb Code     0  startup_at32f403a_407.o(.text)
    TMR1_BRK_TMR9_IRQHandler                 0x0800023f   Thumb Code     0  startup_at32f403a_407.o(.text)
    TMR1_CH_IRQHandler                       0x0800023f   Thumb Code     0  startup_at32f403a_407.o(.text)
    TMR1_OVF_TMR10_IRQHandler                0x0800023f   Thumb Code     0  startup_at32f403a_407.o(.text)
    TMR1_TRG_HALL_TMR11_IRQHandler           0x0800023f   Thumb Code     0  startup_at32f403a_407.o(.text)
    TMR3_GLOBAL_IRQHandler                   0x0800023f   Thumb Code     0  startup_at32f403a_407.o(.text)
    TMR4_GLOBAL_IRQHandler                   0x0800023f   Thumb Code     0  startup_at32f403a_407.o(.text)
    TMR5_GLOBAL_IRQHandler                   0x0800023f   Thumb Code     0  startup_at32f403a_407.o(.text)
    TMR6_GLOBAL_IRQHandler                   0x0800023f   Thumb Code     0  startup_at32f403a_407.o(.text)
    TMR7_GLOBAL_IRQHandler                   0x0800023f   Thumb Code     0  startup_at32f403a_407.o(.text)
    TMR8_BRK_TMR12_IRQHandler                0x0800023f   Thumb Code     0  startup_at32f403a_407.o(.text)
    TMR8_CH_IRQHandler                       0x0800023f   Thumb Code     0  startup_at32f403a_407.o(.text)
    TMR8_OVF_TMR13_IRQHandler                0x0800023f   Thumb Code     0  startup_at32f403a_407.o(.text)
    TMR8_TRG_HALL_TMR14_IRQHandler           0x0800023f   Thumb Code     0  startup_at32f403a_407.o(.text)
    UART4_IRQHandler                         0x0800023f   Thumb Code     0  startup_at32f403a_407.o(.text)
    UART5_IRQHandler                         0x0800023f   Thumb Code     0  startup_at32f403a_407.o(.text)
    UART7_IRQHandler                         0x0800023f   Thumb Code     0  startup_at32f403a_407.o(.text)
    UART8_IRQHandler                         0x0800023f   Thumb Code     0  startup_at32f403a_407.o(.text)
    USART1_IRQHandler                        0x0800023f   Thumb Code     0  startup_at32f403a_407.o(.text)
    USART2_IRQHandler                        0x0800023f   Thumb Code     0  startup_at32f403a_407.o(.text)
    USART3_IRQHandler                        0x0800023f   Thumb Code     0  startup_at32f403a_407.o(.text)
    USART6_IRQHandler                        0x0800023f   Thumb Code     0  startup_at32f403a_407.o(.text)
    USBFSWakeUp_IRQHandler                   0x0800023f   Thumb Code     0  startup_at32f403a_407.o(.text)
    USBFS_H_CAN1_TX_IRQHandler               0x0800023f   Thumb Code     0  startup_at32f403a_407.o(.text)
    USBFS_MAPH_IRQHandler                    0x0800023f   Thumb Code     0  startup_at32f403a_407.o(.text)
    USBFS_MAPL_IRQHandler                    0x0800023f   Thumb Code     0  startup_at32f403a_407.o(.text)
    WWDT_IRQHandler                          0x0800023f   Thumb Code     0  startup_at32f403a_407.o(.text)
    XMC_IRQHandler                           0x0800023f   Thumb Code     0  startup_at32f403a_407.o(.text)
    __user_initial_stackheap                 0x08000241   Thumb Code     0  startup_at32f403a_407.o(.text)
    __aeabi_memcpy                           0x08000265   Thumb Code     0  rt_memcpy_v6.o(.text)
    __rt_memcpy                              0x08000265   Thumb Code   138  rt_memcpy_v6.o(.text)
    _memcpy_lastbytes                        0x080002cb   Thumb Code     0  rt_memcpy_v6.o(.text)
    __aeabi_memclr                           0x080002ef   Thumb Code     0  rt_memclr.o(.text)
    __rt_memclr                              0x080002ef   Thumb Code     0  rt_memclr.o(.text)
    _memset                                  0x080002f3   Thumb Code    64  rt_memclr.o(.text)
    __use_two_region_memory                  0x08000333   Thumb Code     2  heapauxi.o(.text)
    __rt_heap_escrow$2region                 0x08000335   Thumb Code     2  heapauxi.o(.text)
    __rt_heap_expand$2region                 0x08000337   Thumb Code     2  heapauxi.o(.text)
    __aeabi_memcpy4                          0x08000339   Thumb Code     0  rt_memcpy_w.o(.text)
    __aeabi_memcpy8                          0x08000339   Thumb Code     0  rt_memcpy_w.o(.text)
    __rt_memcpy_w                            0x08000339   Thumb Code   100  rt_memcpy_w.o(.text)
    _memcpy_lastbytes_aligned                0x08000381   Thumb Code     0  rt_memcpy_w.o(.text)
    __aeabi_memclr4                          0x0800039d   Thumb Code     0  rt_memclr_w.o(.text)
    __aeabi_memclr8                          0x0800039d   Thumb Code     0  rt_memclr_w.o(.text)
    __rt_memclr_w                            0x0800039d   Thumb Code     0  rt_memclr_w.o(.text)
    _memset_w                                0x080003a1   Thumb Code    74  rt_memclr_w.o(.text)
    __user_setup_stackheap                   0x080003eb   Thumb Code    74  sys_stackheap_outer.o(.text)
    exit                                     0x08000435   Thumb Code    18  exit.o(.text)
    __user_libspace                          0x08000449   Thumb Code     8  libspace.o(.text)
    __user_perproc_libspace                  0x08000449   Thumb Code     0  libspace.o(.text)
    __user_perthread_libspace                0x08000449   Thumb Code     0  libspace.o(.text)
    _sys_exit                                0x08000451   Thumb Code     8  sys_exit.o(.text)
    __I$use$semihosting                      0x0800045d   Thumb Code     0  use_no_semi.o(.text)
    __use_no_semihosting_swi                 0x0800045d   Thumb Code     2  use_no_semi.o(.text)
    __semihosting_library_function           0x0800045f   Thumb Code     0  indicate_semi.o(.text)
    App_Clear_Sys_Status                     0x08000461   Thumb Code   288  utils.o(.text.App_Clear_Sys_Status)
    BaseTimer_Init                           0x08000581   Thumb Code    86  timerx.o(.text.BaseTimer_Init)
    Cal_CRC16                                0x080005d9   Thumb Code   154  utils.o(.text.Cal_CRC16)
    Clock_Config                             0x08000675   Thumb Code   150  main.o(.text.Clock_Config)
    FileDownLoad_Tick                        0x08000739   Thumb Code   142  modem.o(.text.FileDownLoad_Tick)
    FileFlashAddr_Init                       0x080007c9   Thumb Code    66  modem.o(.text.FileFlashAddr_Init)
    Flashx_EraseSector                       0x0800080d   Thumb Code   108  flashx.o(.text.Flashx_EraseSector)
    Flashx_ReadBytes                         0x08000879   Thumb Code    58  flashx.o(.text.Flashx_ReadBytes)
    Flashx_WriteBytes                        0x080008b5   Thumb Code   102  flashx.o(.text.Flashx_WriteBytes)
    IAP_Init                                 0x0800091d   Thumb Code     8  iap.o(.text.IAP_Init)
    IAP_Main                                 0x08000981   Thumb Code    52  iap.o(.text.IAP_Main)
    IAP_UpdateCheck                          0x080009bd   Thumb Code    96  iap.o(.text.IAP_UpdateCheck)
    ModemRX_Handle                           0x08000a1d   Thumb Code   362  modem.o(.text.ModemRX_Handle)
    Modem_Func                               0x08000b89   Thumb Code    98  modem.o(.text.Modem_Func)
    Modem_Process                            0x08000bed   Thumb Code   926  modem.o(.text.Modem_Process)
    Modem_RamInit                            0x08000f8d   Thumb Code    52  modem.o(.text.Modem_RamInit)
    Modem_SendFrame                          0x08000fc1   Thumb Code    98  modem.o(.text.Modem_SendFrame)
    OneMs_Define                             0x08001091   Thumb Code   160  timerx.o(.text.OneMs_Define)
    SysClkInit                               0x08001131   Thumb Code   176  main.o(.text.SysClkInit)
    SystemInit                               0x080011e1   Thumb Code   166  system_at32f403a_407.o(.text.SystemInit)
    TIMx_Init                                0x08001289   Thumb Code    60  timerx.o(.text.TIMx_Init)
    TMR2_GLOBAL_IRQHandler                   0x080012c5   Thumb Code   162  timerx.o(.text.TMR2_GLOBAL_IRQHandler)
    USBFS_L_CAN1_RX0_IRQHandler              0x08001369   Thumb Code    20  usb.o(.text.USBFS_L_CAN1_RX0_IRQHandler)
    USB_Init                                 0x0800137d   Thumb Code   164  usb.o(.text.USB_Init)
    USB_RX_Handle                            0x08001421   Thumb Code    96  usb.o(.text.USB_RX_Handle)
    acc_calibration_mode_enable              0x08001541   Thumb Code    78  at32f403a_407_acc.o(.text.acc_calibration_mode_enable)
    acc_write_c1                             0x08001591   Thumb Code    24  at32f403a_407_acc.o(.text.acc_write_c1)
    acc_write_c2                             0x080015a9   Thumb Code    24  at32f403a_407_acc.o(.text.acc_write_c2)
    acc_write_c3                             0x080015c1   Thumb Code    24  at32f403a_407_acc.o(.text.acc_write_c3)
    chry_ringbuffer_check_empty              0x0800161d   Thumb Code    22  chry_ringbuffer.o(.text.chry_ringbuffer_check_empty)
    chry_ringbuffer_init                     0x08001635   Thumb Code    96  chry_ringbuffer.o(.text.chry_ringbuffer_init)
    chry_ringbuffer_overwrite                0x08001695   Thumb Code   174  chry_ringbuffer.o(.text.chry_ringbuffer_overwrite)
    chry_ringbuffer_peek_byte                0x08001745   Thumb Code    58  chry_ringbuffer.o(.text.chry_ringbuffer_peek_byte)
    chry_ringbuffer_read_byte                0x08001781   Thumb Code    48  chry_ringbuffer.o(.text.chry_ringbuffer_read_byte)
    crm_ahb_div_set                          0x08001a65   Thumb Code    38  at32f403a_407_crm.o(.text.crm_ahb_div_set)
    crm_apb1_div_set                         0x08001a8d   Thumb Code    38  at32f403a_407_crm.o(.text.crm_apb1_div_set)
    crm_apb2_div_set                         0x08001ab5   Thumb Code    38  at32f403a_407_crm.o(.text.crm_apb2_div_set)
    crm_auto_step_mode_enable                0x08001add   Thumb Code    56  at32f403a_407_crm.o(.text.crm_auto_step_mode_enable)
    crm_clock_source_enable                  0x08001b15   Thumb Code   166  at32f403a_407_crm.o(.text.crm_clock_source_enable)
    crm_flag_get                             0x08001bbd   Thumb Code    62  at32f403a_407_crm.o(.text.crm_flag_get)
    crm_hext_stable_wait                     0x08001bfd   Thumb Code   100  at32f403a_407_crm.o(.text.crm_hext_stable_wait)
    crm_hick_divider_select                  0x08001c61   Thumb Code    38  at32f403a_407_crm.o(.text.crm_hick_divider_select)
    crm_hick_sclk_frequency_select           0x08001c89   Thumb Code    46  at32f403a_407_crm.o(.text.crm_hick_sclk_frequency_select)
    crm_periph_clock_enable                  0x08001cb9   Thumb Code    82  at32f403a_407_crm.o(.text.crm_periph_clock_enable)
    crm_pll_config                           0x08001d0d   Thumb Code   188  at32f403a_407_crm.o(.text.crm_pll_config)
    crm_reset                                0x08001dc9   Thumb Code   136  at32f403a_407_crm.o(.text.crm_reset)
    crm_sysclk_switch                        0x08001e51   Thumb Code    70  at32f403a_407_crm.o(.text.crm_sysclk_switch)
    crm_sysclk_switch_status_get             0x08001e99   Thumb Code    16  at32f403a_407_crm.o(.text.crm_sysclk_switch_status_get)
    crm_usb_clock_source_select              0x08001ea9   Thumb Code    58  at32f403a_407_crm.o(.text.crm_usb_clock_source_select)
    delay_ms                                 0x08001ee5   Thumb Code    40  timerx.o(.text.delay_ms)
    flash_bank1_operation_status_get         0x08001f0d   Thumb Code   104  at32f403a_407_flash.o(.text.flash_bank1_operation_status_get)
    flash_bank1_operation_wait_for           0x08001f75   Thumb Code    92  at32f403a_407_flash.o(.text.flash_bank1_operation_wait_for)
    flash_bank2_operation_status_get         0x08001fd1   Thumb Code   104  at32f403a_407_flash.o(.text.flash_bank2_operation_status_get)
    flash_bank2_operation_wait_for           0x08002039   Thumb Code    92  at32f403a_407_flash.o(.text.flash_bank2_operation_wait_for)
    flash_byte_program                       0x08002095   Thumb Code   176  at32f403a_407_flash.o(.text.flash_byte_program)
    flash_flag_clear                         0x08002145   Thumb Code    96  at32f403a_407_flash.o(.text.flash_flag_clear)
    flash_lock                               0x080021a5   Thumb Code    34  at32f403a_407_flash.o(.text.flash_lock)
    flash_operation_status_get               0x080021c9   Thumb Code   104  at32f403a_407_flash.o(.text.flash_operation_status_get)
    flash_operation_wait_for                 0x08002231   Thumb Code    92  at32f403a_407_flash.o(.text.flash_operation_wait_for)
    flash_sector_erase                       0x0800228d   Thumb Code   274  at32f403a_407_flash.o(.text.flash_sector_erase)
    flash_spim_dummy_read                    0x080023a1   Thumb Code    28  at32f403a_407_flash.o(.text.flash_spim_dummy_read)
    flash_spim_operation_status_get          0x080023bd   Thumb Code   104  at32f403a_407_flash.o(.text.flash_spim_operation_status_get)
    flash_spim_operation_wait_for            0x08002425   Thumb Code    92  at32f403a_407_flash.o(.text.flash_spim_operation_wait_for)
    flash_unlock                             0x08002481   Thumb Code    42  at32f403a_407_flash.o(.text.flash_unlock)
    gpio_pin_remap_config                    0x08002605   Thumb Code   150  at32f403a_407_gpio.o(.text.gpio_pin_remap_config)
    main                                     0x0800269d   Thumb Code    54  main.o(.text.main)
    nvic_irq_enable                          0x080026d5   Thumb Code    52  at32f403a_407_misc.o(.text.nvic_irq_enable)
    nvic_priority_group_config               0x08002709   Thumb Code    20  at32f403a_407_misc.o(.text.nvic_priority_group_config)
    system_core_clock_update                 0x0800271d   Thumb Code   414  system_at32f403a_407.o(.text.system_core_clock_update)
    tick100ms                                0x080028bd   Thumb Code     2  timerx.o(.text.tick100ms)
    tick1ms                                  0x080028c1   Thumb Code     8  timerx.o(.text.tick1ms)
    tick1s                                   0x080028c9   Thumb Code     2  timerx.o(.text.tick1s)
    tmr_base_init                            0x080028cd   Thumb Code    34  at32f403a_407_tmr.o(.text.tmr_base_init)
    tmr_clock_source_div_set                 0x080028f1   Thumb Code    34  at32f403a_407_tmr.o(.text.tmr_clock_source_div_set)
    tmr_cnt_dir_set                          0x08002915   Thumb Code    34  at32f403a_407_tmr.o(.text.tmr_cnt_dir_set)
    tmr_counter_enable                       0x08002939   Thumb Code    26  at32f403a_407_tmr.o(.text.tmr_counter_enable)
    tmr_flag_clear                           0x08002955   Thumb Code    18  at32f403a_407_tmr.o(.text.tmr_flag_clear)
    tmr_interrupt_enable                     0x08002969   Thumb Code    58  at32f403a_407_tmr.o(.text.tmr_interrupt_enable)
    tmr_interrupt_flag_get                   0x080029a5   Thumb Code    60  at32f403a_407_tmr.o(.text.tmr_interrupt_flag_get)
    tmr_repetition_counter_set               0x080029e1   Thumb Code    28  at32f403a_407_tmr.o(.text.tmr_repetition_counter_set)
    usb_buffer_free                          0x080029fd   Thumb Code    14  at32f403a_407_usb.o(.text.usb_buffer_free)
    usb_connect                              0x08002a0d   Thumb Code    28  at32f403a_407_usb.o(.text.usb_connect)
    usb_dev_init                             0x08002a29   Thumb Code    48  at32f403a_407_usb.o(.text.usb_dev_init)
    usb_enter_suspend                        0x08002a59   Thumb Code    28  at32f403a_407_usb.o(.text.usb_enter_suspend)
    usb_ept_close                            0x08002a75   Thumb Code   596  at32f403a_407_usb.o(.text.usb_ept_close)
    usb_ept_open                             0x08002cc9   Thumb Code  1646  at32f403a_407_usb.o(.text.usb_ept_open)
    usb_exit_suspend                         0x08003339   Thumb Code    28  at32f403a_407_usb.o(.text.usb_exit_suspend)
    usb_flag_clear                           0x08003355   Thumb Code    22  at32f403a_407_usb.o(.text.usb_flag_clear)
    usb_interrupt_enable                     0x0800336d   Thumb Code    54  at32f403a_407_usb.o(.text.usb_interrupt_enable)
    usb_read_packet                          0x080033a5   Thumb Code   100  at32f403a_407_usb.o(.text.usb_read_packet)
    usb_set_address                          0x08003409   Thumb Code    36  at32f403a_407_usb.o(.text.usb_set_address)
    usb_vcp_send_data                        0x080034d1   Thumb Code    80  cdc_class.o(.text.usb_vcp_send_data)
    usb_write_packet                         0x08003521   Thumb Code   100  at32f403a_407_usb.o(.text.usb_write_packet)
    usbd_clear_stall                         0x080035ed   Thumb Code   208  usbd_core.o(.text.usbd_clear_stall)
    usbd_connect                             0x080036bd   Thumb Code    18  usbd_core.o(.text.usbd_connect)
    usbd_core_in_handler                     0x080036d1   Thumb Code   286  usbd_core.o(.text.usbd_core_in_handler)
    usbd_core_init                           0x080037f1   Thumb Code    66  usbd_core.o(.text.usbd_core_init)
    usbd_core_out_handler                    0x08003835   Thumb Code   208  usbd_core.o(.text.usbd_core_out_handler)
    usbd_core_setup_handler                  0x08003905   Thumb Code   106  usbd_core.o(.text.usbd_core_setup_handler)
    usbd_ctrl_recv                           0x08003971   Thumb Code    62  usbd_core.o(.text.usbd_ctrl_recv)
    usbd_ctrl_recv_status                    0x080039b1   Thumb Code    30  usbd_core.o(.text.usbd_ctrl_recv_status)
    usbd_ctrl_send                           0x080039d1   Thumb Code    60  usbd_core.o(.text.usbd_ctrl_send)
    usbd_ctrl_send_status                    0x08003a0d   Thumb Code    30  usbd_core.o(.text.usbd_ctrl_send_status)
    usbd_ctrl_unsupport                      0x08003a2d   Thumb Code    26  usbd_core.o(.text.usbd_ctrl_unsupport)
    usbd_device_request                      0x08003a49   Thumb Code   166  usbd_sdr.o(.text.usbd_device_request)
    usbd_endpoint_request                    0x08003af1   Thumb Code   586  usbd_sdr.o(.text.usbd_endpoint_request)
    usbd_enter_suspend                       0x08003d3d   Thumb Code    18  usbd_core.o(.text.usbd_enter_suspend)
    usbd_ept_buf_custom_define               0x08003d51   Thumb Code   120  usbd_core.o(.text.usbd_ept_buf_custom_define)
    usbd_ept_close                           0x08003dc9   Thumb Code    78  usbd_core.o(.text.usbd_ept_close)
    usbd_ept_defaut_init                     0x08003e19   Thumb Code   286  usbd_core.o(.text.usbd_ept_defaut_init)
    usbd_ept_loop_handler                    0x08003f39   Thumb Code    60  usbd_int.o(.text.usbd_ept_loop_handler)
    usbd_ept_open                            0x08003f75   Thumb Code   124  usbd_core.o(.text.usbd_ept_open)
    usbd_ept_recv                            0x08003ff1   Thumb Code   180  usbd_core.o(.text.usbd_ept_recv)
    usbd_ept_send                            0x080040a5   Thumb Code   452  usbd_core.o(.text.usbd_ept_send)
    usbd_eptn_handler                        0x08004269   Thumb Code   708  usbd_int.o(.text.usbd_eptn_handler)
    usbd_get_recv_len                        0x0800472d   Thumb Code    36  usbd_core.o(.text.usbd_get_recv_len)
    usbd_interface_request                   0x0800481d   Thumb Code    92  usbd_sdr.o(.text.usbd_interface_request)
    usbd_irq_handler                         0x08004879   Thumb Code   236  usbd_int.o(.text.usbd_irq_handler)
    usbd_reset_handler                       0x08004965   Thumb Code   110  usbd_int.o(.text.usbd_reset_handler)
    usbd_set_stall                           0x08004bcd   Thumb Code   184  usbd_core.o(.text.usbd_set_stall)
    usbd_setup_request_parse                 0x08004c85   Thumb Code    68  usbd_sdr.o(.text.usbd_setup_request_parse)
    usbd_sof_handler                         0x08004cc9   Thumb Code    30  usbd_int.o(.text.usbd_sof_handler)
    usbd_suspend_handler                     0x08004ce9   Thumb Code    56  usbd_int.o(.text.usbd_suspend_handler)
    usbd_wakeup_handler                      0x08004d99   Thumb Code    50  usbd_int.o(.text.usbd_wakeup_handler)
    __aeabi_d2uiz                            0x08004dcd   Thumb Code     0  dfixu.o(x$fpl$dfixu)
    _dfixu                                   0x08004dcd   Thumb Code    90  dfixu.o(x$fpl$dfixu)
    __aeabi_ui2d                             0x08004e27   Thumb Code     0  dflt_clz.o(x$fpl$dfltu)
    _dfltu                                   0x08004e27   Thumb Code    38  dflt_clz.o(x$fpl$dfltu)
    __aeabi_dmul                             0x08004e4d   Thumb Code     0  dmul.o(x$fpl$dmul)
    _dmul                                    0x08004e4d   Thumb Code   332  dmul.o(x$fpl$dmul)
    __fpl_dnaninf                            0x08004fa1   Thumb Code   156  dnaninf.o(x$fpl$dnaninf)
    __fpl_dretinf                            0x0800503d   Thumb Code    12  dretinf.o(x$fpl$dretinf)
    _fp_init                                 0x08005049   Thumb Code    26  fpinit.o(x$fpl$fpinit)
    __fplib_config_fpu_vfp                   0x08005061   Thumb Code     0  fpinit.o(x$fpl$fpinit)
    __fplib_config_pureend_doubles           0x08005061   Thumb Code     0  fpinit.o(x$fpl$fpinit)
    __I$use$fp                               0x08005062   Number         0  usenofp.o(x$fpl$usenofp)
    Region$$Table$$Base                      0x080050c4   Number         0  anon$$obj.o(Region$$Table)
    Region$$Table$$Limit                     0x080050e4   Number         0  anon$$obj.o(Region$$Table)
    cdc_class_handler                        0x20000000   Data          40  cdc_class.o(.data.cdc_class_handler)
    cdc_desc_handler                         0x20000028   Data          40  cdc_desc.o(.data.cdc_desc_handler)
    g_usb_packet_address                     0x20000080   Data           4  at32f403a_407_usb.o(.data.g_usb_packet_address)
    linecoding                               0x200000e4   Data           8  cdc_class.o(.data.linecoding)
    system_core_clock                        0x200000f4   Data           4  system_at32f403a_407.o(.data.system_core_clock)
    __libspace_start                         0x200000f8   Data          96  libspace.o(.bss)
    CurrentFile                              0x20000158   Data          16  modem.o(.bss.CurrentFile)
    __temporary_stack_top$libspace           0x20000158   Data           0  libspace.o(.bss)
    FileInfo                                 0x20000168   Data           8  modem.o(.bss.FileInfo)
    JumpAddress                              0x20000170   Data           4  iap.o(.bss.JumpAddress)
    Jump_To_Application                      0x20000174   Data           4  iap.o(.bss.Jump_To_Application)
    RecvFH                                   0x20000178   Data          12  modem.o(.bss.RecvFH)
    _NOP_MS                                  0x20000184   Data           4  timerx.o(.bss._NOP_MS)
    cdc_struct                               0x20000188   Data          92  cdc_class.o(.bss.cdc_struct)
    temp                                     0x200002e4   Data           4  iap.o(.bss.temp)
    u32FrameRecvOvertime                     0x200002e8   Data           4  modem.o(.bss.u32FrameRecvOvertime)
    u32SysTick1ms                            0x200002ec   Data           4  timerx.o(.bss.u32SysTick1ms)
    u32Time1s                                0x200002f0   Data           4  timerx.o(.bss.u32Time1s)
    u8CdcRxBuffer                            0x200002f4   Data        4096  usb.o(.bss.u8CdcRxBuffer)
    u8RecvModemFH                            0x200012f4   Data         530  modem.o(.bss.u8RecvModemFH)
    u8Time100ms                              0x20001506   Data           1  timerx.o(.bss.u8Time100ms)
    u8Time1ms                                0x20001507   Data           1  timerx.o(.bss.u8Time1ms)
    u8timerFlag                              0x20001508   Data           1  timerx.o(.bss.u8timerFlag)
    usb_core_dev                             0x2000150c   Data         556  usb.o(.bss.usb_core_dev)
    usb_rx_ringbuffer                        0x20001738   Data          16  usb.o(.bss.usb_rx_ringbuffer)



==============================================================================

Memory Map of the image

  Image Entry point : 0x08000185

  Load Region LR_IROM1 (Base: 0x08000000, Size: 0x000051e0, Max: 0x0000c000, ABSOLUTE)

    Execution Region ER_IROM1 (Exec base: 0x08000000, Load base: 0x08000000, Size: 0x000050e4, Max: 0x0000c000, ABSOLUTE)

    Exec Addr    Load Addr    Size         Type   Attr      Idx    E Section Name        Object

    0x08000000   0x08000000   0x00000184   Data   RO            3    RESET               startup_at32f403a_407.o
    0x08000184   0x08000184   0x00000008   Code   RO         1108  * !!!main             c_w.l(__main.o)
    0x0800018c   0x0800018c   0x00000034   Code   RO         1292    !!!scatter          c_w.l(__scatter.o)
    0x080001c0   0x080001c0   0x0000001a   Code   RO         1294    !!handler_copy      c_w.l(__scatter_copy.o)
    0x080001da   0x080001da   0x00000002   PAD
    0x080001dc   0x080001dc   0x0000001c   Code   RO         1296    !!handler_zi        c_w.l(__scatter_zi.o)
    0x080001f8   0x080001f8   0x00000002   Code   RO         1156    .ARM.Collect$$libinit$$00000000  c_w.l(libinit.o)
    0x080001fa   0x080001fa   0x00000004   Code   RO         1162    .ARM.Collect$$libinit$$00000001  c_w.l(libinit2.o)
    0x080001fe   0x080001fe   0x00000000   Code   RO         1165    .ARM.Collect$$libinit$$00000004  c_w.l(libinit2.o)
    0x080001fe   0x080001fe   0x00000000   Code   RO         1168    .ARM.Collect$$libinit$$0000000A  c_w.l(libinit2.o)
    0x080001fe   0x080001fe   0x00000000   Code   RO         1170    .ARM.Collect$$libinit$$0000000C  c_w.l(libinit2.o)
    0x080001fe   0x080001fe   0x00000000   Code   RO         1172    .ARM.Collect$$libinit$$0000000E  c_w.l(libinit2.o)
    0x080001fe   0x080001fe   0x00000000   Code   RO         1175    .ARM.Collect$$libinit$$00000011  c_w.l(libinit2.o)
    0x080001fe   0x080001fe   0x00000000   Code   RO         1177    .ARM.Collect$$libinit$$00000013  c_w.l(libinit2.o)
    0x080001fe   0x080001fe   0x00000000   Code   RO         1179    .ARM.Collect$$libinit$$00000015  c_w.l(libinit2.o)
    0x080001fe   0x080001fe   0x00000000   Code   RO         1181    .ARM.Collect$$libinit$$00000017  c_w.l(libinit2.o)
    0x080001fe   0x080001fe   0x00000000   Code   RO         1183    .ARM.Collect$$libinit$$00000019  c_w.l(libinit2.o)
    0x080001fe   0x080001fe   0x00000000   Code   RO         1185    .ARM.Collect$$libinit$$0000001B  c_w.l(libinit2.o)
    0x080001fe   0x080001fe   0x00000000   Code   RO         1187    .ARM.Collect$$libinit$$0000001D  c_w.l(libinit2.o)
    0x080001fe   0x080001fe   0x00000000   Code   RO         1189    .ARM.Collect$$libinit$$0000001F  c_w.l(libinit2.o)
    0x080001fe   0x080001fe   0x00000000   Code   RO         1191    .ARM.Collect$$libinit$$00000021  c_w.l(libinit2.o)
    0x080001fe   0x080001fe   0x00000000   Code   RO         1193    .ARM.Collect$$libinit$$00000023  c_w.l(libinit2.o)
    0x080001fe   0x080001fe   0x00000000   Code   RO         1195    .ARM.Collect$$libinit$$00000025  c_w.l(libinit2.o)
    0x080001fe   0x080001fe   0x00000000   Code   RO         1199    .ARM.Collect$$libinit$$0000002C  c_w.l(libinit2.o)
    0x080001fe   0x080001fe   0x00000000   Code   RO         1201    .ARM.Collect$$libinit$$0000002E  c_w.l(libinit2.o)
    0x080001fe   0x080001fe   0x00000000   Code   RO         1203    .ARM.Collect$$libinit$$00000030  c_w.l(libinit2.o)
    0x080001fe   0x080001fe   0x00000000   Code   RO         1205    .ARM.Collect$$libinit$$00000032  c_w.l(libinit2.o)
    0x080001fe   0x080001fe   0x00000002   Code   RO         1206    .ARM.Collect$$libinit$$00000033  c_w.l(libinit2.o)
    0x08000200   0x08000200   0x00000002   Code   RO         1228    .ARM.Collect$$libshutdown$$00000000  c_w.l(libshutdown.o)
    0x08000202   0x08000202   0x00000000   Code   RO         1243    .ARM.Collect$$libshutdown$$00000002  c_w.l(libshutdown2.o)
    0x08000202   0x08000202   0x00000000   Code   RO         1245    .ARM.Collect$$libshutdown$$00000004  c_w.l(libshutdown2.o)
    0x08000202   0x08000202   0x00000000   Code   RO         1248    .ARM.Collect$$libshutdown$$00000007  c_w.l(libshutdown2.o)
    0x08000202   0x08000202   0x00000000   Code   RO         1251    .ARM.Collect$$libshutdown$$0000000A  c_w.l(libshutdown2.o)
    0x08000202   0x08000202   0x00000000   Code   RO         1253    .ARM.Collect$$libshutdown$$0000000C  c_w.l(libshutdown2.o)
    0x08000202   0x08000202   0x00000000   Code   RO         1256    .ARM.Collect$$libshutdown$$0000000F  c_w.l(libshutdown2.o)
    0x08000202   0x08000202   0x00000002   Code   RO         1257    .ARM.Collect$$libshutdown$$00000010  c_w.l(libshutdown2.o)
    0x08000204   0x08000204   0x00000000   Code   RO         1122    .ARM.Collect$$rtentry$$00000000  c_w.l(__rtentry.o)
    0x08000204   0x08000204   0x00000000   Code   RO         1133    .ARM.Collect$$rtentry$$00000002  c_w.l(__rtentry2.o)
    0x08000204   0x08000204   0x00000006   Code   RO         1145    .ARM.Collect$$rtentry$$00000004  c_w.l(__rtentry4.o)
    0x0800020a   0x0800020a   0x00000000   Code   RO         1135    .ARM.Collect$$rtentry$$00000009  c_w.l(__rtentry2.o)
    0x0800020a   0x0800020a   0x00000004   Code   RO         1136    .ARM.Collect$$rtentry$$0000000A  c_w.l(__rtentry2.o)
    0x0800020e   0x0800020e   0x00000000   Code   RO         1138    .ARM.Collect$$rtentry$$0000000C  c_w.l(__rtentry2.o)
    0x0800020e   0x0800020e   0x00000008   Code   RO         1139    .ARM.Collect$$rtentry$$0000000D  c_w.l(__rtentry2.o)
    0x08000216   0x08000216   0x00000002   Code   RO         1160    .ARM.Collect$$rtexit$$00000000  c_w.l(rtexit.o)
    0x08000218   0x08000218   0x00000000   Code   RO         1208    .ARM.Collect$$rtexit$$00000002  c_w.l(rtexit2.o)
    0x08000218   0x08000218   0x00000004   Code   RO         1209    .ARM.Collect$$rtexit$$00000003  c_w.l(rtexit2.o)
    0x0800021c   0x0800021c   0x00000006   Code   RO         1210    .ARM.Collect$$rtexit$$00000004  c_w.l(rtexit2.o)
    0x08000222   0x08000222   0x00000002   PAD
    0x08000224   0x08000224   0x00000040   Code   RO            4    .text               startup_at32f403a_407.o
    0x08000264   0x08000264   0x0000008a   Code   RO         1102    .text               c_w.l(rt_memcpy_v6.o)
    0x080002ee   0x080002ee   0x00000044   Code   RO         1104    .text               c_w.l(rt_memclr.o)
    0x08000332   0x08000332   0x00000006   Code   RO         1106    .text               c_w.l(heapauxi.o)
    0x08000338   0x08000338   0x00000064   Code   RO         1123    .text               c_w.l(rt_memcpy_w.o)
    0x0800039c   0x0800039c   0x0000004e   Code   RO         1125    .text               c_w.l(rt_memclr_w.o)
    0x080003ea   0x080003ea   0x0000004a   Code   RO         1147    .text               c_w.l(sys_stackheap_outer.o)
    0x08000434   0x08000434   0x00000012   Code   RO         1149    .text               c_w.l(exit.o)
    0x08000446   0x08000446   0x00000002   PAD
    0x08000448   0x08000448   0x00000008   Code   RO         1157    .text               c_w.l(libspace.o)
    0x08000450   0x08000450   0x0000000c   Code   RO         1218    .text               c_w.l(sys_exit.o)
    0x0800045c   0x0800045c   0x00000002   Code   RO         1233    .text               c_w.l(use_no_semi.o)
    0x0800045e   0x0800045e   0x00000000   Code   RO         1235    .text               c_w.l(indicate_semi.o)
    0x0800045e   0x0800045e   0x00000002   PAD
    0x08000460   0x08000460   0x00000120   Code   RO          850    .text.App_Clear_Sys_Status  utils.o
    0x08000580   0x08000580   0x00000056   Code   RO           60    .text.BaseTimer_Init  timerx.o
    0x080005d6   0x080005d6   0x00000002   PAD
    0x080005d8   0x080005d8   0x0000009a   Code   RO          846    .text.Cal_CRC16     utils.o
    0x08000672   0x08000672   0x00000002   PAD
    0x08000674   0x08000674   0x00000096   Code   RO           28    .text.Clock_Config  main.o
    0x0800070a   0x0800070a   0x00000002   PAD
    0x0800070c   0x0800070c   0x0000002a   Code   RO          822    .text.FLASH_PageNumber  modem.o
    0x08000736   0x08000736   0x00000002   PAD
    0x08000738   0x08000738   0x0000008e   Code   RO          832    .text.FileDownLoad_Tick  modem.o
    0x080007c6   0x080007c6   0x00000002   PAD
    0x080007c8   0x080007c8   0x00000042   Code   RO          830    .text.FileFlashAddr_Init  modem.o
    0x0800080a   0x0800080a   0x00000002   PAD
    0x0800080c   0x0800080c   0x0000006c   Code   RO           48    .text.Flashx_EraseSector  flashx.o
    0x08000878   0x08000878   0x0000003a   Code   RO           44    .text.Flashx_ReadBytes  flashx.o
    0x080008b2   0x080008b2   0x00000002   PAD
    0x080008b4   0x080008b4   0x00000066   Code   RO           40    .text.Flashx_WriteBytes  flashx.o
    0x0800091a   0x0800091a   0x00000002   PAD
    0x0800091c   0x0800091c   0x00000008   Code   RO          798    .text.IAP_Init      iap.o
    0x08000924   0x08000924   0x0000005c   Code   RO          804    .text.IAP_JumpToApp  iap.o
    0x08000980   0x08000980   0x00000034   Code   RO          800    .text.IAP_Main      iap.o
    0x080009b4   0x080009b4   0x00000008   Code   RO          802    .text.IAP_ResetConfig  iap.o
    0x080009bc   0x080009bc   0x00000060   Code   RO          806    .text.IAP_UpdateCheck  iap.o
    0x08000a1c   0x08000a1c   0x0000016a   Code   RO          826    .text.ModemRX_Handle  modem.o
    0x08000b86   0x08000b86   0x00000002   PAD
    0x08000b88   0x08000b88   0x00000062   Code   RO          824    .text.Modem_Func    modem.o
    0x08000bea   0x08000bea   0x00000002   PAD
    0x08000bec   0x08000bec   0x0000039e   Code   RO          820    .text.Modem_Process  modem.o
    0x08000f8a   0x08000f8a   0x00000002   PAD
    0x08000f8c   0x08000f8c   0x00000034   Code   RO          828    .text.Modem_RamInit  modem.o
    0x08000fc0   0x08000fc0   0x00000062   Code   RO          818    .text.Modem_SendFrame  modem.o
    0x08001022   0x08001022   0x00000002   PAD
    0x08001024   0x08001024   0x0000006c   Code   RO          486    .text.NVIC_EncodePriority  at32f403a_407_misc.o
    0x08001090   0x08001090   0x000000a0   Code   RO           68    .text.OneMs_Define  timerx.o
    0x08001130   0x08001130   0x000000b0   Code   RO           26    .text.SysClkInit    main.o
    0x080011e0   0x080011e0   0x000000a6   Code   RO           11    .text.SystemInit    system_at32f403a_407.o
    0x08001286   0x08001286   0x00000002   PAD
    0x08001288   0x08001288   0x0000003c   Code   RO           58    .text.TIMx_Init     timerx.o
    0x080012c4   0x080012c4   0x000000a2   Code   RO           74    .text.TMR2_GLOBAL_IRQHandler  timerx.o
    0x08001366   0x08001366   0x00000002   PAD
    0x08001368   0x08001368   0x00000014   Code   RO           91    .text.USBFS_L_CAN1_RX0_IRQHandler  usb.o
    0x0800137c   0x0800137c   0x000000a4   Code   RO           89    .text.USB_Init      usb.o
    0x08001420   0x08001420   0x00000060   Code   RO           93    .text.USB_RX_Handle  usb.o
    0x08001480   0x08001480   0x00000030   Code   RO          492    .text.__NVIC_EnableIRQ  at32f403a_407_misc.o
    0x080014b0   0x080014b0   0x00000010   Code   RO          488    .text.__NVIC_GetPriorityGrouping  at32f403a_407_misc.o
    0x080014c0   0x080014c0   0x00000042   Code   RO          490    .text.__NVIC_SetPriority  at32f403a_407_misc.o
    0x08001502   0x08001502   0x00000002   PAD
    0x08001504   0x08001504   0x0000003c   Code   RO          500    .text.__NVIC_SetPriorityGrouping  at32f403a_407_misc.o
    0x08001540   0x08001540   0x0000004e   Code   RO          111    .text.acc_calibration_mode_enable  at32f403a_407_acc.o
    0x0800158e   0x0800158e   0x00000002   PAD
    0x08001590   0x08001590   0x00000018   Code   RO          121    .text.acc_write_c1  at32f403a_407_acc.o
    0x080015a8   0x080015a8   0x00000018   Code   RO          123    .text.acc_write_c2  at32f403a_407_acc.o
    0x080015c0   0x080015c0   0x00000018   Code   RO          125    .text.acc_write_c3  at32f403a_407_acc.o
    0x080015d8   0x080015d8   0x00000042   Code   RO          881    .text.cdc_struct_init  cdc_class.o
    0x0800161a   0x0800161a   0x00000002   PAD
    0x0800161c   0x0800161c   0x00000016   Code   RO         1064    .text.chry_ringbuffer_check_empty  chry_ringbuffer.o
    0x08001632   0x08001632   0x00000002   PAD
    0x08001634   0x08001634   0x00000060   Code   RO         1050    .text.chry_ringbuffer_init  chry_ringbuffer.o
    0x08001694   0x08001694   0x000000ae   Code   RO         1078    .text.chry_ringbuffer_overwrite  chry_ringbuffer.o
    0x08001742   0x08001742   0x00000002   PAD
    0x08001744   0x08001744   0x0000003a   Code   RO         1070    .text.chry_ringbuffer_peek_byte  chry_ringbuffer.o
    0x0800177e   0x0800177e   0x00000002   PAD
    0x08001780   0x08001780   0x00000030   Code   RO         1072    .text.chry_ringbuffer_read_byte  chry_ringbuffer.o
    0x080017b0   0x080017b0   0x00000030   Code   RO          861    .text.class_clear_handler  cdc_class.o
    0x080017e0   0x080017e0   0x00000048   Code   RO          867    .text.class_ept0_rx_handler  cdc_class.o
    0x08001828   0x08001828   0x00000012   Code   RO          865    .text.class_ept0_tx_handler  cdc_class.o
    0x0800183a   0x0800183a   0x00000002   PAD
    0x0800183c   0x0800183c   0x0000003c   Code   RO          875    .text.class_event_handler  cdc_class.o
    0x08001878   0x08001878   0x0000002a   Code   RO          869    .text.class_in_handler  cdc_class.o
    0x080018a2   0x080018a2   0x00000002   PAD
    0x080018a4   0x080018a4   0x00000084   Code   RO          859    .text.class_init_handler  cdc_class.o
    0x08001928   0x08001928   0x0000003c   Code   RO          871    .text.class_out_handler  cdc_class.o
    0x08001964   0x08001964   0x000000ec   Code   RO          863    .text.class_setup_handler  cdc_class.o
    0x08001a50   0x08001a50   0x00000012   Code   RO          873    .text.class_sof_handler  cdc_class.o
    0x08001a62   0x08001a62   0x00000002   PAD
    0x08001a64   0x08001a64   0x00000026   Code   RO          253    .text.crm_ahb_div_set  at32f403a_407_crm.o
    0x08001a8a   0x08001a8a   0x00000002   PAD
    0x08001a8c   0x08001a8c   0x00000026   Code   RO          255    .text.crm_apb1_div_set  at32f403a_407_crm.o
    0x08001ab2   0x08001ab2   0x00000002   PAD
    0x08001ab4   0x08001ab4   0x00000026   Code   RO          257    .text.crm_apb2_div_set  at32f403a_407_crm.o
    0x08001ada   0x08001ada   0x00000002   PAD
    0x08001adc   0x08001adc   0x00000038   Code   RO          279    .text.crm_auto_step_mode_enable  at32f403a_407_crm.o
    0x08001b14   0x08001b14   0x000000a6   Code   RO          245    .text.crm_clock_source_enable  at32f403a_407_crm.o
    0x08001bba   0x08001bba   0x00000002   PAD
    0x08001bbc   0x08001bbc   0x0000003e   Code   RO          229    .text.crm_flag_get  at32f403a_407_crm.o
    0x08001bfa   0x08001bfa   0x00000002   PAD
    0x08001bfc   0x08001bfc   0x00000064   Code   RO          233    .text.crm_hext_stable_wait  at32f403a_407_crm.o
    0x08001c60   0x08001c60   0x00000026   Code   RO          283    .text.crm_hick_divider_select  at32f403a_407_crm.o
    0x08001c86   0x08001c86   0x00000002   PAD
    0x08001c88   0x08001c88   0x0000002e   Code   RO          285    .text.crm_hick_sclk_frequency_select  at32f403a_407_crm.o
    0x08001cb6   0x08001cb6   0x00000002   PAD
    0x08001cb8   0x08001cb8   0x00000052   Code   RO          239    .text.crm_periph_clock_enable  at32f403a_407_crm.o
    0x08001d0a   0x08001d0a   0x00000002   PAD
    0x08001d0c   0x08001d0c   0x000000bc   Code   RO          267    .text.crm_pll_config  at32f403a_407_crm.o
    0x08001dc8   0x08001dc8   0x00000088   Code   RO          223    .text.crm_reset     at32f403a_407_crm.o
    0x08001e50   0x08001e50   0x00000046   Code   RO          269    .text.crm_sysclk_switch  at32f403a_407_crm.o
    0x08001e96   0x08001e96   0x00000002   PAD
    0x08001e98   0x08001e98   0x00000010   Code   RO          271    .text.crm_sysclk_switch_status_get  at32f403a_407_crm.o
    0x08001ea8   0x08001ea8   0x0000003a   Code   RO          287    .text.crm_usb_clock_source_select  at32f403a_407_crm.o
    0x08001ee2   0x08001ee2   0x00000002   PAD
    0x08001ee4   0x08001ee4   0x00000028   Code   RO           70    .text.delay_ms      timerx.o
    0x08001f0c   0x08001f0c   0x00000068   Code   RO          341    .text.flash_bank1_operation_status_get  at32f403a_407_flash.o
    0x08001f74   0x08001f74   0x0000005c   Code   RO          349    .text.flash_bank1_operation_wait_for  at32f403a_407_flash.o
    0x08001fd0   0x08001fd0   0x00000068   Code   RO          343    .text.flash_bank2_operation_status_get  at32f403a_407_flash.o
    0x08002038   0x08002038   0x0000005c   Code   RO          351    .text.flash_bank2_operation_wait_for  at32f403a_407_flash.o
    0x08002094   0x08002094   0x000000b0   Code   RO          391    .text.flash_byte_program  at32f403a_407_flash.o
    0x08002144   0x08002144   0x00000060   Code   RO          337    .text.flash_flag_clear  at32f403a_407_flash.o
    0x080021a4   0x080021a4   0x00000022   Code   RO          363    .text.flash_lock    at32f403a_407_flash.o
    0x080021c6   0x080021c6   0x00000002   PAD
    0x080021c8   0x080021c8   0x00000068   Code   RO          339    .text.flash_operation_status_get  at32f403a_407_flash.o
    0x08002230   0x08002230   0x0000005c   Code   RO          347    .text.flash_operation_wait_for  at32f403a_407_flash.o
    0x0800228c   0x0800228c   0x00000112   Code   RO          371    .text.flash_sector_erase  at32f403a_407_flash.o
    0x0800239e   0x0800239e   0x00000002   PAD
    0x080023a0   0x080023a0   0x0000001c   Code   RO          373    .text.flash_spim_dummy_read  at32f403a_407_flash.o
    0x080023bc   0x080023bc   0x00000068   Code   RO          345    .text.flash_spim_operation_status_get  at32f403a_407_flash.o
    0x08002424   0x08002424   0x0000005c   Code   RO          353    .text.flash_spim_operation_wait_for  at32f403a_407_flash.o
    0x08002480   0x08002480   0x0000002a   Code   RO          355    .text.flash_unlock  at32f403a_407_flash.o
    0x080024aa   0x080024aa   0x00000002   PAD
    0x080024ac   0x080024ac   0x0000002e   Code   RO          913    .text.get_device_config_string  cdc_desc.o
    0x080024da   0x080024da   0x00000002   PAD
    0x080024dc   0x080024dc   0x0000000a   Code   RO          899    .text.get_device_configuration  cdc_desc.o
    0x080024e6   0x080024e6   0x00000002   PAD
    0x080024e8   0x080024e8   0x0000000a   Code   RO          895    .text.get_device_descriptor  cdc_desc.o
    0x080024f2   0x080024f2   0x00000002   PAD
    0x080024f4   0x080024f4   0x0000002e   Code   RO          911    .text.get_device_interface_string  cdc_desc.o
    0x08002522   0x08002522   0x00000002   PAD
    0x08002524   0x08002524   0x0000000a   Code   RO          903    .text.get_device_lang_id  cdc_desc.o
    0x0800252e   0x0800252e   0x00000002   PAD
    0x08002530   0x08002530   0x0000002e   Code   RO          905    .text.get_device_manufacturer_string  cdc_desc.o
    0x0800255e   0x0800255e   0x00000002   PAD
    0x08002560   0x08002560   0x00000004   Code   RO          901    .text.get_device_other_speed  cdc_desc.o
    0x08002564   0x08002564   0x0000002e   Code   RO          907    .text.get_device_product_string  cdc_desc.o
    0x08002592   0x08002592   0x00000002   PAD
    0x08002594   0x08002594   0x00000004   Code   RO          897    .text.get_device_qualifier  cdc_desc.o
    0x08002598   0x08002598   0x00000010   Code   RO          909    .text.get_device_serial_string  cdc_desc.o
    0x080025a8   0x080025a8   0x0000005c   Code   RO          917    .text.get_serial_num  cdc_desc.o
    0x08002604   0x08002604   0x00000096   Code   RO          469    .text.gpio_pin_remap_config  at32f403a_407_gpio.o
    0x0800269a   0x0800269a   0x00000002   PAD
    0x0800269c   0x0800269c   0x00000036   Code   RO           24    .text.main          main.o
    0x080026d2   0x080026d2   0x00000002   PAD
    0x080026d4   0x080026d4   0x00000034   Code   RO          484    .text.nvic_irq_enable  at32f403a_407_misc.o
    0x08002708   0x08002708   0x00000014   Code   RO          498    .text.nvic_priority_group_config  at32f403a_407_misc.o
    0x0800271c   0x0800271c   0x0000019e   Code   RO           13    .text.system_core_clock_update  system_at32f403a_407.o
    0x080028ba   0x080028ba   0x00000002   PAD
    0x080028bc   0x080028bc   0x00000002   Code   RO           64    .text.tick100ms     timerx.o
    0x080028be   0x080028be   0x00000002   PAD
    0x080028c0   0x080028c0   0x00000008   Code   RO           66    .text.tick1ms       timerx.o
    0x080028c8   0x080028c8   0x00000002   Code   RO           62    .text.tick1s        timerx.o
    0x080028ca   0x080028ca   0x00000002   PAD
    0x080028cc   0x080028cc   0x00000022   Code   RO          554    .text.tmr_base_init  at32f403a_407_tmr.o
    0x080028ee   0x080028ee   0x00000002   PAD
    0x080028f0   0x080028f0   0x00000022   Code   RO          556    .text.tmr_clock_source_div_set  at32f403a_407_tmr.o
    0x08002912   0x08002912   0x00000002   PAD
    0x08002914   0x08002914   0x00000022   Code   RO          558    .text.tmr_cnt_dir_set  at32f403a_407_tmr.o
    0x08002936   0x08002936   0x00000002   PAD
    0x08002938   0x08002938   0x0000001a   Code   RO          546    .text.tmr_counter_enable  at32f403a_407_tmr.o
    0x08002952   0x08002952   0x00000002   PAD
    0x08002954   0x08002954   0x00000012   Code   RO          632    .text.tmr_flag_clear  at32f403a_407_tmr.o
    0x08002966   0x08002966   0x00000002   PAD
    0x08002968   0x08002968   0x0000003a   Code   RO          626    .text.tmr_interrupt_enable  at32f403a_407_tmr.o
    0x080029a2   0x080029a2   0x00000002   PAD
    0x080029a4   0x080029a4   0x0000003c   Code   RO          628    .text.tmr_interrupt_flag_get  at32f403a_407_tmr.o
    0x080029e0   0x080029e0   0x0000001c   Code   RO          560    .text.tmr_repetition_counter_set  at32f403a_407_tmr.o
    0x080029fc   0x080029fc   0x0000000e   Code   RO          762    .text.usb_buffer_free  at32f403a_407_usb.o
    0x08002a0a   0x08002a0a   0x00000002   PAD
    0x08002a0c   0x08002a0c   0x0000001c   Code   RO          734    .text.usb_connect   at32f403a_407_usb.o
    0x08002a28   0x08002a28   0x00000030   Code   RO          730    .text.usb_dev_init  at32f403a_407_usb.o
    0x08002a58   0x08002a58   0x0000001c   Code   RO          752    .text.usb_enter_suspend  at32f403a_407_usb.o
    0x08002a74   0x08002a74   0x00000254   Code   RO          742    .text.usb_ept_close  at32f403a_407_usb.o
    0x08002cc8   0x08002cc8   0x0000066e   Code   RO          740    .text.usb_ept_open  at32f403a_407_usb.o
    0x08003336   0x08003336   0x00000002   PAD
    0x08003338   0x08003338   0x0000001c   Code   RO          754    .text.usb_exit_suspend  at32f403a_407_usb.o
    0x08003354   0x08003354   0x00000016   Code   RO          768    .text.usb_flag_clear  at32f403a_407_usb.o
    0x0800336a   0x0800336a   0x00000002   PAD
    0x0800336c   0x0800336c   0x00000036   Code   RO          732    .text.usb_interrupt_enable  at32f403a_407_usb.o
    0x080033a2   0x080033a2   0x00000002   PAD
    0x080033a4   0x080033a4   0x00000064   Code   RO          746    .text.usb_read_packet  at32f403a_407_usb.o
    0x08003408   0x08003408   0x00000024   Code   RO          748    .text.usb_set_address  at32f403a_407_usb.o
    0x0800342c   0x0800342c   0x000000a4   Code   RO          883    .text.usb_vcp_cmd_process  cdc_class.o
    0x080034d0   0x080034d0   0x00000050   Code   RO          879    .text.usb_vcp_send_data  cdc_class.o
    0x08003520   0x08003520   0x00000064   Code   RO          744    .text.usb_write_packet  at32f403a_407_usb.o
    0x08003584   0x08003584   0x00000068   Code   RO         1026    .text.usbd_clear_feature  usbd_sdr.o
    0x080035ec   0x080035ec   0x000000d0   Code   RO          958    .text.usbd_clear_stall  usbd_core.o
    0x080036bc   0x080036bc   0x00000012   Code   RO          976    .text.usbd_connect  usbd_core.o
    0x080036ce   0x080036ce   0x00000002   PAD
    0x080036d0   0x080036d0   0x0000011e   Code   RO          940    .text.usbd_core_in_handler  usbd_core.o
    0x080037ee   0x080037ee   0x00000002   PAD
    0x080037f0   0x080037f0   0x00000042   Code   RO          990    .text.usbd_core_init  usbd_core.o
    0x08003832   0x08003832   0x00000002   PAD
    0x08003834   0x08003834   0x000000d0   Code   RO          948    .text.usbd_core_out_handler  usbd_core.o
    0x08003904   0x08003904   0x0000006a   Code   RO          952    .text.usbd_core_setup_handler  usbd_core.o
    0x0800396e   0x0800396e   0x00000002   PAD
    0x08003970   0x08003970   0x0000003e   Code   RO          956    .text.usbd_ctrl_recv  usbd_core.o
    0x080039ae   0x080039ae   0x00000002   PAD
    0x080039b0   0x080039b0   0x0000001e   Code   RO          946    .text.usbd_ctrl_recv_status  usbd_core.o
    0x080039ce   0x080039ce   0x00000002   PAD
    0x080039d0   0x080039d0   0x0000003c   Code   RO          954    .text.usbd_ctrl_send  usbd_core.o
    0x08003a0c   0x08003a0c   0x0000001e   Code   RO          950    .text.usbd_ctrl_send_status  usbd_core.o
    0x08003a2a   0x08003a2a   0x00000002   PAD
    0x08003a2c   0x08003a2c   0x0000001a   Code   RO          962    .text.usbd_ctrl_unsupport  usbd_core.o
    0x08003a46   0x08003a46   0x00000002   PAD
    0x08003a48   0x08003a48   0x000000a6   Code   RO         1022    .text.usbd_device_request  usbd_sdr.o
    0x08003aee   0x08003aee   0x00000002   PAD
    0x08003af0   0x08003af0   0x0000024a   Code   RO         1040    .text.usbd_endpoint_request  usbd_sdr.o
    0x08003d3a   0x08003d3a   0x00000002   PAD
    0x08003d3c   0x08003d3c   0x00000012   Code   RO          986    .text.usbd_enter_suspend  usbd_core.o
    0x08003d4e   0x08003d4e   0x00000002   PAD
    0x08003d50   0x08003d50   0x00000078   Code   RO          970    .text.usbd_ept_buf_custom_define  usbd_core.o
    0x08003dc8   0x08003dc8   0x0000004e   Code   RO          974    .text.usbd_ept_close  usbd_core.o
    0x08003e16   0x08003e16   0x00000002   PAD
    0x08003e18   0x08003e18   0x0000011e   Code   RO          988    .text.usbd_ept_defaut_init  usbd_core.o
    0x08003f36   0x08003f36   0x00000002   PAD
    0x08003f38   0x08003f38   0x0000003c   Code   RO         1001    .text.usbd_ept_loop_handler  usbd_int.o
    0x08003f74   0x08003f74   0x0000007c   Code   RO          972    .text.usbd_ept_open  usbd_core.o
    0x08003ff0   0x08003ff0   0x000000b4   Code   RO          944    .text.usbd_ept_recv  usbd_core.o
    0x080040a4   0x080040a4   0x000001c4   Code   RO          942    .text.usbd_ept_send  usbd_core.o
    0x08004268   0x08004268   0x000002c4   Code   RO         1011    .text.usbd_eptn_handler  usbd_int.o
    0x0800452c   0x0800452c   0x00000074   Code   RO         1034    .text.usbd_get_configuration  usbd_sdr.o
    0x080045a0   0x080045a0   0x0000018c   Code   RO         1032    .text.usbd_get_descriptor  usbd_sdr.o
    0x0800472c   0x0800472c   0x00000024   Code   RO          964    .text.usbd_get_recv_len  usbd_core.o
    0x08004750   0x08004750   0x00000052   Code   RO         1024    .text.usbd_get_status  usbd_sdr.o
    0x080047a2   0x080047a2   0x00000002   PAD
    0x080047a4   0x080047a4   0x00000076   Code   RO          919    .text.usbd_int_to_unicode  cdc_desc.o
    0x0800481a   0x0800481a   0x00000002   PAD
    0x0800481c   0x0800481c   0x0000005c   Code   RO         1038    .text.usbd_interface_request  usbd_sdr.o
    0x08004878   0x08004878   0x000000ec   Code   RO          999    .text.usbd_irq_handler  usbd_int.o
    0x08004964   0x08004964   0x0000006e   Code   RO         1003    .text.usbd_reset_handler  usbd_int.o
    0x080049d2   0x080049d2   0x00000002   PAD
    0x080049d4   0x080049d4   0x00000084   Code   RO         1030    .text.usbd_set_address  usbd_sdr.o
    0x08004a58   0x08004a58   0x00000128   Code   RO         1036    .text.usbd_set_configuration  usbd_sdr.o
    0x08004b80   0x08004b80   0x0000004a   Code   RO         1028    .text.usbd_set_feature  usbd_sdr.o
    0x08004bca   0x08004bca   0x00000002   PAD
    0x08004bcc   0x08004bcc   0x000000b8   Code   RO          960    .text.usbd_set_stall  usbd_core.o
    0x08004c84   0x08004c84   0x00000044   Code   RO         1020    .text.usbd_setup_request_parse  usbd_sdr.o
    0x08004cc8   0x08004cc8   0x0000001e   Code   RO         1005    .text.usbd_sof_handler  usbd_int.o
    0x08004ce6   0x08004ce6   0x00000002   PAD
    0x08004ce8   0x08004ce8   0x00000038   Code   RO         1007    .text.usbd_suspend_handler  usbd_int.o
    0x08004d20   0x08004d20   0x00000076   Code   RO          915    .text.usbd_unicode_convert  cdc_desc.o
    0x08004d96   0x08004d96   0x00000002   PAD
    0x08004d98   0x08004d98   0x00000032   Code   RO         1009    .text.usbd_wakeup_handler  usbd_int.o
    0x08004dca   0x08004dca   0x00000002   PAD
    0x08004dcc   0x08004dcc   0x0000005a   Code   RO         1110    x$fpl$dfixu         fz_wm.l(dfixu.o)
    0x08004e26   0x08004e26   0x00000026   Code   RO         1114    x$fpl$dfltu         fz_wm.l(dflt_clz.o)
    0x08004e4c   0x08004e4c   0x00000154   Code   RO         1120    x$fpl$dmul          fz_wm.l(dmul.o)
    0x08004fa0   0x08004fa0   0x0000009c   Code   RO         1127    x$fpl$dnaninf       fz_wm.l(dnaninf.o)
    0x0800503c   0x0800503c   0x0000000c   Code   RO         1129    x$fpl$dretinf       fz_wm.l(dretinf.o)
    0x08005048   0x08005048   0x0000001a   Code   RO         1216    x$fpl$fpinit        fz_wm.l(fpinit.o)
    0x08005062   0x08005062   0x00000000   Code   RO         1131    x$fpl$usenofp       fz_wm.l(usenofp.o)
    0x08005062   0x08005062   0x00000050   Data   RO          928    .rodata.str1.1      cdc_desc.o
    0x080050b2   0x080050b2   0x00000010   Data   RO           16    .rodata.system_core_clock_update.sys_ahb_div_table  system_at32f403a_407.o
    0x080050c2   0x080050c2   0x00000002   PAD
    0x080050c4   0x080050c4   0x00000020   Data   RO         1291    Region$$Table       anon$$obj.o


    Execution Region RW_IRAM1 (Exec base: 0x20000000, Load base: 0x080050e8, Size: 0x00001d58, Max: 0x00018000, ABSOLUTE)

    Exec Addr    Load Addr    Size         Type   Attr      Idx    E Section Name        Object

    0x20000000   0x080050e8   0x00000028   Data   RW          887    .data.cdc_class_handler  cdc_class.o
    0x20000028   0x08005110   0x00000028   Data   RW          921    .data.cdc_desc_handler  cdc_desc.o
    0x20000050   0x08005138   0x00000008   Data   RW          924    .data.config_descriptor  cdc_desc.o
    0x20000058   0x08005140   0x00000008   Data   RW          922    .data.device_descriptor  cdc_desc.o
    0x20000060   0x08005148   0x00000004   Data   RW          927    .data.g_string_lang_id  cdc_desc.o
    0x20000064   0x0800514c   0x0000001a   Data   RW          932    .data.g_string_serial  cdc_desc.o
    0x2000007e   0x08005166   0x00000002   Data   RW          771    .data.g_usb_offset_addr  at32f403a_407_usb.o
    0x20000080   0x08005168   0x00000004   Data   RW          770    .data.g_usb_packet_address  at32f403a_407_usb.o
    0x20000084   0x0800516c   0x00000043   Data   RW          925    .data.g_usbd_configuration  cdc_desc.o
    0x200000c7   0x080051af   0x00000001   PAD
    0x200000c8   0x080051b0   0x00000012   Data   RW          923    .data.g_usbd_descriptor  cdc_desc.o
    0x200000da   0x080051c2   0x00000002   PAD
    0x200000dc   0x080051c4   0x00000008   Data   RW          926    .data.langid_descriptor  cdc_desc.o
    0x200000e4   0x080051cc   0x00000008   Data   RW          885    .data.linecoding    cdc_class.o
    0x200000ec   0x080051d4   0x00000008   Data   RW          931    .data.serial_descriptor  cdc_desc.o
    0x200000f4   0x080051dc   0x00000004   Data   RW           15    .data.system_core_clock  system_at32f403a_407.o
    0x200000f8        -       0x00000060   Zero   RW         1158    .bss                c_w.l(libspace.o)
    0x20000158        -       0x00000010   Zero   RW          836    .bss.CurrentFile    modem.o
    0x20000168        -       0x00000008   Zero   RW          837    .bss.FileInfo       modem.o
    0x20000170        -       0x00000004   Zero   RW          808    .bss.JumpAddress    iap.o
    0x20000174        -       0x00000004   Zero   RW          809    .bss.Jump_To_Application  iap.o
    0x20000178        -       0x0000000c   Zero   RW          834    .bss.RecvFH         modem.o
    0x20000184        -       0x00000004   Zero   RW           81    .bss._NOP_MS        timerx.o
    0x20000188        -       0x0000005c   Zero   RW          886    .bss.cdc_struct     cdc_class.o
    0x200001e4        -       0x00000100   Zero   RW          929    .bss.g_usbd_desc_buffer  cdc_desc.o
    0x200002e4        -       0x00000004   Zero   RW          810    .bss.temp           iap.o
    0x200002e8        -       0x00000004   Zero   RW          838    .bss.u32FrameRecvOvertime  modem.o
    0x200002ec        -       0x00000004   Zero   RW           80    .bss.u32SysTick1ms  timerx.o
    0x200002f0        -       0x00000004   Zero   RW           79    .bss.u32Time1s      timerx.o
    0x200002f4        -       0x00001000   Zero   RW          102    .bss.u8CdcRxBuffer  usb.o
    0x200012f4        -       0x00000212   Zero   RW          835    .bss.u8RecvModemFH  modem.o
    0x20001506        -       0x00000001   Zero   RW           78    .bss.u8Time100ms    timerx.o
    0x20001507        -       0x00000001   Zero   RW           77    .bss.u8Time1ms      timerx.o
    0x20001508        -       0x00000001   Zero   RW           76    .bss.u8timerFlag    timerx.o
    0x20001509   0x080051e0   0x00000003   PAD
    0x2000150c        -       0x0000022c   Zero   RW          103    .bss.usb_core_dev   usb.o
    0x20001738        -       0x00000010   Zero   RW          101    .bss.usb_rx_ringbuffer  usb.o
    0x20001748        -       0x00000001   Zero   RW         1042    .bss.usbd_set_configuration.config_value  usbd_sdr.o
    0x20001749   0x080051e0   0x00000003   PAD
    0x2000174c        -       0x00000008   Zero   RW          930    .bss.vp_desc        cdc_desc.o
    0x20001754   0x080051e0   0x00000004   PAD
    0x20001758        -       0x00000200   Zero   RW            2    HEAP                startup_at32f403a_407.o
    0x20001958        -       0x00000400   Zero   RW            1    STACK               startup_at32f403a_407.o


==============================================================================

Image component sizes


      Code (inc. data)   RO Data    RW Data    ZI Data      Debug   Object Name

       150          0          0          0          0       3269   at32f403a_407_acc.o
      1132          6          0          0          0      20576   at32f403a_407_crm.o
      1434          0          0          0          0      14424   at32f403a_407_flash.o
       150          0          0          0          0      14698   at32f403a_407_gpio.o
       370          0          0          0          0       6507   at32f403a_407_misc.o
       292          0          0          0          0      23614   at32f403a_407_tmr.o
      2700          0          0          6          0      13390   at32f403a_407_usb.o
       996         12          0         48         92       8798   cdc_class.o
       566          0         80        187        264       3309   cdc_desc.o
       398          0          0          0          0       5332   chry_ringbuffer.o
       268          0          0          0          0       2877   flashx.o
       256          0          0          0         12       1926   iap.o
       380          0          0          0          0       5051   main.o
      1786         16          0          0        570       4912   modem.o
        64         26        388          0       1536        832   startup_at32f403a_407.o
       580          0         16          4          0       8108   system_at32f403a_407.o
       520          8          0          0         15       8564   timerx.o
       280          0          0          0       4668      10036   usb.o
      2578          0          0          0          0      11006   usbd_core.o
      1250          0          0          0          0       7067   usbd_int.o
      2112         18          0          0          1       8660   usbd_sdr.o
       442          0          0          0          0       7528   utils.o

    ----------------------------------------------------------------------
     18860         86        518        248       7168     190484   Object Totals
         0          0         32          0          0          0   (incl. Generated)
       156          0          2          3         10          0   (incl. Padding)

    ----------------------------------------------------------------------

      Code (inc. data)   RO Data    RW Data    ZI Data      Debug   Library Member Name

         8          0          0          0          0         68   __main.o
         0          0          0          0          0          0   __rtentry.o
        12          0          0          0          0          0   __rtentry2.o
         6          0          0          0          0          0   __rtentry4.o
        52          8          0          0          0          0   __scatter.o
        26          0          0          0          0          0   __scatter_copy.o
        28          0          0          0          0          0   __scatter_zi.o
        18          0          0          0          0         80   exit.o
         6          0          0          0          0        152   heapauxi.o
         0          0          0          0          0          0   indicate_semi.o
         2          0          0          0          0          0   libinit.o
         6          0          0          0          0          0   libinit2.o
         2          0          0          0          0          0   libshutdown.o
         2          0          0          0          0          0   libshutdown2.o
         8          4          0          0         96         68   libspace.o
        68          0          0          0          0         68   rt_memclr.o
        78          0          0          0          0         80   rt_memclr_w.o
       138          0          0          0          0         68   rt_memcpy_v6.o
       100          0          0          0          0         80   rt_memcpy_w.o
         2          0          0          0          0          0   rtexit.o
        10          0          0          0          0          0   rtexit2.o
        12          4          0          0          0         68   sys_exit.o
        74          0          0          0          0         80   sys_stackheap_outer.o
         2          0          0          0          0         68   use_no_semi.o
        90          4          0          0          0        140   dfixu.o
        38          0          0          0          0        116   dflt_clz.o
       340         12          0          0          0        152   dmul.o
       156          4          0          0          0        140   dnaninf.o
        12          0          0          0          0        116   dretinf.o
        26          0          0          0          0        116   fpinit.o
         0          0          0          0          0          0   usenofp.o

    ----------------------------------------------------------------------
      1330         36          0          0         96       1660   Library Totals
         8          0          0          0          0          0   (incl. Padding)

    ----------------------------------------------------------------------

      Code (inc. data)   RO Data    RW Data    ZI Data      Debug   Library Name

       660         16          0          0         96        880   c_w.l
       662         20          0          0          0        780   fz_wm.l

    ----------------------------------------------------------------------
      1330         36          0          0         96       1660   Library Totals

    ----------------------------------------------------------------------

==============================================================================


      Code (inc. data)   RO Data    RW Data    ZI Data      Debug   

     20190        122        518        248       7264     190880   Grand Totals
     20190        122        518        248       7264     190880   ELF Image Totals
     20190        122        518        248          0          0   ROM Totals

==============================================================================

    Total RO  Size (Code + RO Data)                20708 (  20.22kB)
    Total RW  Size (RW Data + ZI Data)              7512 (   7.34kB)
    Total ROM Size (Code + RO Data + RW Data)      20956 (  20.46kB)

==============================================================================

